Archive member included to satisfy reference by file (symbol)

/opt/devkitpro/nflib/lib/libnflib.a(nf_2d.o)
                              main.o (NF_Set2D)
/opt/devkitpro/nflib/lib/libnflib.a(nf_basic.o)
                              /opt/devkitpro/nflib/lib/libnflib.a(nf_2d.o) (NF_Error)
/opt/devkitpro/nflib/lib/libnflib.a(nf_sprite256.o)
                              main.o (NF_InitSpriteBuffers)
/opt/devkitpro/nflib/lib/libnflib.a(nf_tiledbg.o)
                              main.o (NF_InitTiledBgBuffers)
/opt/devkitpro/libnds/lib/libfilesystem.a(nitrofs.o)
                              main.o (nitroFSInit)
/opt/devkitpro/libnds/lib/libfat.a(libfat.o)
                              /opt/devkitpro/libnds/lib/libfilesystem.a(nitrofs.o) (fatInitDefault)
/opt/devkitpro/libnds/lib/libfat.a(disc.o)
                              /opt/devkitpro/libnds/lib/libfat.a(libfat.o) (_FAT_disc_interfaces)
/opt/devkitpro/libnds/lib/libfat.a(fatfile.o)
                              /opt/devkitpro/libnds/lib/libfat.a(libfat.o) (_FAT_open_r)
/opt/devkitpro/libnds/lib/libfat.a(cache.o)
                              /opt/devkitpro/libnds/lib/libfat.a(fatfile.o) (_FAT_cache_readSectors)
/opt/devkitpro/libnds/lib/libfat.a(fatdir.o)
                              /opt/devkitpro/libnds/lib/libfat.a(libfat.o) (_FAT_stat_r)
/opt/devkitpro/libnds/lib/libfat.a(directory.o)
                              /opt/devkitpro/libnds/lib/libfat.a(fatfile.o) (_FAT_directory_entryGetCluster)
/opt/devkitpro/libnds/lib/libfat.a(partition.o)
                              /opt/devkitpro/libnds/lib/libfat.a(libfat.o) (_FAT_partition_destructor)
/opt/devkitpro/libnds/lib/libfat.a(lock.o)
                              /opt/devkitpro/libnds/lib/libfat.a(partition.o) (_FAT_lock_init)
/opt/devkitpro/libnds/lib/libfat.a(filetime.o)
                              /opt/devkitpro/libnds/lib/libfat.a(fatfile.o) (_FAT_filetime_getTimeFromRTC)
/opt/devkitpro/libnds/lib/libfat.a(file_allocation_table.o)
                              /opt/devkitpro/libnds/lib/libfat.a(fatfile.o) (_FAT_fat_nextCluster)
/opt/devkitpro/libnds/lib/libnds9.a(video.o)
                              /opt/devkitpro/nflib/lib/libnflib.a(nf_basic.o) (setBrightness)
/opt/devkitpro/libnds/lib/libnds9.a(console.o)
                              /opt/devkitpro/nflib/lib/libnflib.a(nf_basic.o) (consoleDemoInit)
/opt/devkitpro/libnds/lib/libnds9.a(sprite.o)
                              /opt/devkitpro/nflib/lib/libnflib.a(nf_sprite256.o) (oamInit)
/opt/devkitpro/libnds/lib/libnds9.a(keys.o)
                              main.o (scanKeys)
/opt/devkitpro/libnds/lib/libnds9.a(dldi.o)
                              /opt/devkitpro/libnds/lib/libfat.a(disc.o) (dldiGetInternal)
/opt/devkitpro/libnds/lib/libnds9.a(initSystem.o)
                              /opt/devkitpro/devkitARM/bin/../lib/gcc/arm-none-eabi/13.2.0/../../../../arm-none-eabi/lib/ds_arm9_crt0.o (initSystem)
/opt/devkitpro/libnds/lib/libnds9.a(securearea.o)
                              /opt/devkitpro/devkitARM/bin/../lib/gcc/arm-none-eabi/13.2.0/../../../../arm-none-eabi/lib/ds_arm9_crt0.o (__secure_area__)
/opt/devkitpro/libnds/lib/libnds9.a(interrupts.o)
                              /opt/devkitpro/libnds/lib/libnds9.a(initSystem.o) (irqInit)
/opt/devkitpro/libnds/lib/libnds9.a(libnds_exit.arm.o)
                              /opt/devkitpro/devkitARM/bin/../lib/gcc/arm-none-eabi/13.2.0/../../../../arm-none-eabi/lib/ds_arm9_crt0.o (__libnds_exit)
/opt/devkitpro/libnds/lib/libnds9.a(card.o)
                              /opt/devkitpro/libnds/lib/libfilesystem.a(nitrofs.o) (cardParamCommand)
/opt/devkitpro/libnds/lib/libnds9.a(fifosystem.o)
                              /opt/devkitpro/libnds/lib/libnds9.a(initSystem.o) (fifoSetValue32Handler)
/opt/devkitpro/libnds/lib/libnds9.a(dcache.o)
                              /opt/devkitpro/nflib/lib/libnflib.a(nf_basic.o) (DC_FlushRange)
/opt/devkitpro/libnds/lib/libnds9.a(dldi_stub.o)
                              /opt/devkitpro/libnds/lib/libnds9.a(dldi.o) (_io_dldi_stub)
/opt/devkitpro/libnds/lib/libnds9.a(mpu_setup.o)
                              /opt/devkitpro/devkitARM/bin/../lib/gcc/arm-none-eabi/13.2.0/../../../../arm-none-eabi/lib/ds_arm9_crt0.o (__libnds_mpu_setup)
/opt/devkitpro/libnds/lib/libnds9.a(IntrWait.o)
                              main.o (swiWaitForVBlank)
/opt/devkitpro/libnds/lib/libnds9.a(cpu_clock.o)
                              /opt/devkitpro/libnds/lib/libnds9.a(initSystem.o) (setCpuClock)
/opt/devkitpro/libnds/lib/libnds9.a(interruptDispatcher.o)
                              /opt/devkitpro/libnds/lib/libnds9.a(interrupts.o) (IntrMain)
/opt/devkitpro/libnds/lib/libnds9.a(biosCalls.o)
                              /opt/devkitpro/libnds/lib/libnds9.a(card.o) (swiDelay)
/opt/devkitpro/libnds/lib/libnds9.a(debugprint.o)
                              /opt/devkitpro/libnds/lib/libnds9.a(console.o) (nocashWrite)
/opt/devkitpro/libnds/lib/libnds9.a(swiSoftReset.o)
[...]
Memory Configuration

Name             Origin             Length             Attributes
ewram            0x02000000         0x00380000
dtcm             0x02ff0000         0x00004000
vectors          0x01000000         0x00000100
itcm             0x01000100         0x00007f00
*default*        0x00000000         0xffffffff

Linker script and memory map

                0x02380000                        __ewram_end = (ORIGIN (ewram) + LENGTH (ewram))
                0x02380000                        __eheap_end = (ORIGIN (ewram) + LENGTH (ewram))
                0x02ff4000                        __dtcm_top = (ORIGIN (dtcm) + LENGTH (dtcm))
                0x02ff3ff8                        __irq_flags = (__dtcm_top - 0x8)
                0x02ff3ffc                        __irq_vector = (__dtcm_top - 0x4)
                0x02ff3f00                        __sp_svc = (__dtcm_top - 0x100)
                0x02ff3e00                        __sp_irq = (__sp_svc - 0x100)
                0x02ff3d00                        __sp_usr = (__sp_irq - 0x100)

.secure         0x02000000      0x800
 *(.secure)
 .secure        0x02000000      0x800 /opt/devkitpro/libnds/lib/libnds9.a(securearea.o)
                0x02000000                __secure_area__

.crt0           0x02000800      0x300
                0x02000800                        __text_start = .
 *(.crt0)
 .crt0          0x02000800      0x300 /opt/devkitpro/devkitARM/bin/../lib/gcc/arm-none-eabi/13.2.0/../../../../arm-none-eabi/lib/ds_arm9_crt0.o
                0x02000800                _start
                0x02000b00                        . = ALIGN (0x4)

.plt
 *(.plt)

.init           0x02000b00       0x18
 *(SORT_NONE(.init))
 .init          0x02000b00        0xc /opt/devkitpro/devkitARM/bin/../lib/gcc/arm-none-eabi/13.2.0/crti.o
                0x02000b00                _init
 .init          0x02000b0c        0xc /opt/devkitpro/devkitARM/bin/../lib/gcc/arm-none-eabi/13.2.0/crtn.o

.text           0x02000b40    0x22db8
 *(EXCLUDE_FILE(*.twl* *.vectors* *.itcm*) .text)
 .text          0x02000b40      0x65c /opt/devkitpro/nflib/lib/libnflib.a(nf_2d.o)
                0x02000b40                NF_Set2D
                0x02000ba4                NF_ShowBg
                0x02000c18                NF_HideBg
                0x02000cb4                NF_ScrollBg
                0x02000fb0                NF_SpriteFrame
                0x02001068                NF_EnableSpriteRotScale
                0x020010d4                NF_DisableSpriteRotScale
                0x02001130                NF_SpriteRotScale
 .text          0x0200119c      0x588 /opt/devkitpro/nflib/lib/libnflib.a(nf_basic.o)
                0x0200119c                NF_Error
                0x02001448                NF_SetRootFolder
                0x02001624                NF_DmaMemCopy
                0x020016a8                NF_FileLoad
 .text          0x02001724      0xf88 /opt/devkitpro/nflib/lib/libnflib.a(nf_sprite256.o)
                0x02001724                NF_InitSpriteBuffers
                0x02001780                NF_ResetSpriteBuffers
                0x020017b4                NF_InitSpriteSys
                0x020019c4                NF_LoadSpriteGfx
                0x02001a5c                NF_UnloadSpriteGfx
                0x02001ac0                NF_LoadSpritePal
                0x02001b40                NF_UnloadSpritePal
                0x02001b9c                NF_VramSpriteGfx
                0x02001e40                NF_VramSpriteGfxDefrag
                0x0200205c                NF_FreeSpriteGfx
                0x02002138                NF_VramSpritePal
                0x020021e8                NF_CreateSprite
                0x020023b4                NF_DeleteSprite
                0x02002434                NF_SpriteOamSet
                0x020024f8                NF_SpriteSetPalColor
                0x02002578                NF_SpriteEditPalColor
                0x020025cc                NF_SpriteUpdatePalette
                0x02002654                NF_SpriteGetPalColor
 .text          0x020026ac     0x1510 /opt/devkitpro/nflib/lib/libnflib.a(nf_tiledbg.o)
                0x020026ac                NF_InitTiledBgBuffers
                0x02002740                NF_ResetTiledBgBuffers
                0x0200279c                NF_InitTiledBgSys
                0x020028b4                NF_LoadTiledBg
                0x02002a60                NF_LoadTilesForBg
                0x02002c34                NF_UnloadTiledBg
                0x02002cd0                NF_DeleteTiledBg
                0x02002e68                NF_CreateTiledBg
                0x020033d4                NF_GetTileMapAddress
                0x0200345c                NF_GetTileOfMap
                0x02003498                NF_SetTileOfMap
                0x020034d8                NF_UpdateVramMap
                0x020035d0                NF_BgSetPalColor
                0x02003664                NF_BgEditPalColor
                0x020036d0                NF_BgUpdatePalette
                0x02003774                NF_BgGetPalColor
                0x020037e4                NF_GetTilePal
                0x02003818                NF_SetTilePal
                0x02003858                NF_LoadExBgPal
                0x020038b8                NF_UnloadExBgPal
                0x020038fc                NF_VramExBgPal
                0x02003988                NF_SetExBgPal
                0x02003a48                NF_SetTileHflip
                0x02003a80                NF_SetTileVflip
                0x02003ab8                NF_RotateTileGfx
 *fill*         0x02003bbc        0x4 ff
 .text          0x02003bc0     0x4000 /opt/devkitpro/libnds/lib/libnds9.a(dldi_stub.o)
                0x02003bc0                _io_dldi_stub
 .text          0x02007bc0      0x114 /opt/devkitpro/devkitARM/bin/../lib/gcc/arm-none-eabi/13.2.0/libgcc.a(_udivsi3.o)
                0x02007bc0                __udivsi3
                0x02007bc0                __aeabi_uidiv
                0x02007cb4                __aeabi_uidivmod
 .text          0x02007cd4      0x148 /opt/devkitpro/devkitARM/bin/../lib/gcc/arm-none-eabi/13.2.0/libgcc.a(_divsi3.o)
                0x02007cd4                __aeabi_idiv
                0x02007cd4                __divsi3
                0x02007dfc                __aeabi_idivmod
 .text          0x02007e1c        0x4 /opt/devkitpro/devkitARM/bin/../lib/gcc/arm-none-eabi/13.2.0/libgcc.a(_dvmd_tls.o)
                0x02007e1c                __aeabi_ldiv0
                0x02007e1c                __aeabi_idiv0
 .text          0x02007e20       0xd4 /opt/devkitpro/devkitARM/bin/../lib/gcc/arm-none-eabi/13.2.0/libgcc.a(_aeabi_ldivmod.o)
                0x02007e20                __aeabi_ldivmod
 .text          0x02007ef4       0x28 /opt/devkitpro/devkitARM/bin/../lib/gcc/arm-none-eabi/13.2.0/libgcc.a(_clzdi2.o)
                0x02007ef4                __clzdi2
 .text          0x02007f1c       0x48 /opt/devkitpro/devkitARM/bin/../lib/gcc/arm-none-eabi/13.2.0/libgcc.a(_clzsi2.o)
                0x02007f1c                __clzsi2
 .text          0x02007f64      0x224 /opt/devkitpro/devkitARM/bin/../lib/gcc/arm-none-eabi/13.2.0/../../../../arm-none-eabi/lib/libg.a(libc_a-strcmp.o)
                0x02007f64                strcmp
 .text          0x02008188      0x424 /opt/devkitpro/devkitARM/bin/../lib/gcc/arm-none-eabi/13.2.0/libgcc.a(_arm_addsubdf3.o)
                0x02008188                __aeabi_drsub
                0x02008190                __aeabi_dsub
                0x02008190                __subdf3
                0x02008194                __adddf3
                0x02008194                __aeabi_dadd
                0x020084a4                __aeabi_ui2d
                0x020084a4                __floatunsidf
                0x020084c8                __floatsidf
                0x020084c8                __aeabi_i2d
                0x020084f0                __extendsfdf2
                0x020084f0                __aeabi_f2d
                0x02008538                __aeabi_ul2d
                0x02008538                __floatundidf
                0x0200854c                __floatdidf
                0x0200854c                __aeabi_l2d
 .text          0x020085ac      0x49c /opt/devkitpro/devkitARM/bin/../lib/gcc/arm-none-eabi/13.2.0/libgcc.a(_arm_muldivdf3.o)
                0x020085ac                __aeabi_dmul
                0x020085ac                __muldf3
                0x0200883c                __aeabi_ddiv
                0x0200883c                __divdf3
 .text          0x02008a48      0x144 /opt/devkitpro/devkitARM/bin/../lib/gcc/arm-none-eabi/13.2.0/libgcc.a(_arm_cmpdf2.o)
                0x02008a48                __gtdf2
                0x02008a48                __gedf2
                0x02008a50                __ltdf2
                0x02008a50                __ledf2
                0x02008a58                __cmpdf2
                0x02008a58                __eqdf2
                0x02008a58                __nedf2
                0x02008ae0                __aeabi_cdrcmple
                0x02008afc                __aeabi_cdcmple
                0x02008afc                __aeabi_cdcmpeq
                0x02008b14                __aeabi_dcmpeq
                0x02008b2c                __aeabi_dcmplt
                0x02008b44                __aeabi_dcmple
                0x02008b5c                __aeabi_dcmpge
                0x02008b74                __aeabi_dcmpgt
 .text          0x02008b8c       0x38 /opt/devkitpro/devkitARM/bin/../lib/gcc/arm-none-eabi/13.2.0/libgcc.a(_arm_unorddf2.o)
                0x02008b8c                __aeabi_dcmpun
                0x02008b8c                __unorddf2
 .text          0x02008bc4       0x5c /opt/devkitpro/devkitARM/bin/../lib/gcc/arm-none-eabi/13.2.0/libgcc.a(_arm_fixdfsi.o)
                0x02008bc4                __fixdfsi
                0x02008bc4                __aeabi_d2iz
 .text          0x02008c20       0x3c /opt/devkitpro/devkitARM/bin/../lib/gcc/arm-none-eabi/13.2.0/libgcc.a(_aeabi_uldivmod.o)
                0x02008c20                __aeabi_uldivmod
 *(EXCLUDE_FILE(*.twl* *.vectors* *.itcm*) .stub)
 *(EXCLUDE_FILE(*.twl* *.vectors* *.itcm*) .text.*)
 .text.__do_global_dtors_aux
                0x02008c5c       0x40 /opt/devkitpro/devkitARM/bin/../lib/gcc/arm-none-eabi/13.2.0/crtbegin.o
 .text.frame_dummy
                0x02008c9c       0x30 /opt/devkitpro/devkitARM/bin/../lib/gcc/arm-none-eabi/13.2.0/crtbegin.o
 .text.startup  0x02008ccc      0x1fc main.o
                0x02008ccc                main
 .text.nitroFSDirClose
                0x02008ec8        0x4 /opt/devkitpro/libnds/lib/libfilesystem.a(nitrofs.o)
 .text.nitroFSSeek
                0x02008ecc       0x78 /opt/devkitpro/libnds/lib/libfilesystem.a(nitrofs.o)
 .text.nitroFSFstat
                0x02008f44       0x10 /opt/devkitpro/libnds/lib/libfilesystem.a(nitrofs.o)
 .text.nitroSubReadBlock
                0x02008f54       0x54 /opt/devkitpro/libnds/lib/libfilesystem.a(nitrofs.o)
 .text.nitroSubReadCard
                0x02008fa8       0xb0 /opt/devkitpro/libnds/lib/libfilesystem.a(nitrofs.o)
 .text.nitroFSClose
                0x02009058        0x4 /opt/devkitpro/libnds/lib/libfilesystem.a(nitrofs.o)
 .text.nitroDirReset
                0x0200905c       0x9c /opt/devkitpro/libnds/lib/libfilesystem.a(nitrofs.o)
 .text.nitroFSRead
                0x020090f8       0xbc /opt/devkitpro/libnds/lib/libfilesystem.a(nitrofs.o)
 .text.nitroFSDirNext
                0x020091b4      0x30c /opt/devkitpro/libnds/lib/libfilesystem.a(nitrofs.o)
 .text.nitroFSDirOpen
                0x020094c0       0xe0 /opt/devkitpro/libnds/lib/libfilesystem.a(nitrofs.o)
 .text.nitroFSChdir
                0x020095a0       0x30 /opt/devkitpro/libnds/lib/libfilesystem.a(nitrofs.o)
 .text.nitroFSOpen
                0x020095d0       0xc4 /opt/devkitpro/libnds/lib/libfilesystem.a(nitrofs.o)
 .text.nitroFSstat
                0x02009694       0x68 /opt/devkitpro/libnds/lib/libfilesystem.a(nitrofs.o)
 .text.nitroFSInit
                0x020096fc      0x12c /opt/devkitpro/libnds/lib/libfilesystem.a(nitrofs.o)
                0x020096fc                nitroFSInit
 .text.fatMount.part.0
                0x02009828       0xa0 /opt/devkitpro/libnds/lib/libfat.a(libfat.o)
 .text.fatMount
                0x020098c8       0x3c /opt/devkitpro/libnds/lib/libfat.a(libfat.o)
                0x020098c8                fatMount
 .text.fatInit  0x02009904      0x130 /opt/devkitpro/libnds/lib/libfat.a(libfat.o)
                0x02009904                fatInit
 .text.fatInitDefault
                0x02009a34        0xc /opt/devkitpro/libnds/lib/libfat.a(libfat.o)
                0x02009a34                fatInitDefault
 .text._FAT_check_position_for_next_cluster.part.0
                0x02009a40       0x68 /opt/devkitpro/libnds/lib/libfat.a(fatfile.o)
 .text._FAT_syncToDisc.part.0
                0x02009aa8       0xd4 /opt/devkitpro/libnds/lib/libfat.a(fatfile.o)
 .text._FAT_file_extend_r
                0x02009b7c      0x208 /opt/devkitpro/libnds/lib/libfat.a(fatfile.o)
 .text._FAT_open_r
                0x02009d84      0x2d4 /opt/devkitpro/libnds/lib/libfat.a(fatfile.o)
                0x02009d84                _FAT_open_r
 .text._FAT_close_r
                0x0200a058       0x74 /opt/devkitpro/libnds/lib/libfat.a(fatfile.o)
                0x0200a058                _FAT_close_r
 .text._FAT_read_r
                0x0200a0cc      0x398 /opt/devkitpro/libnds/lib/libfat.a(fatfile.o)
                0x0200a0cc                _FAT_read_r
 .text._FAT_write_r
                0x0200a464      0x53c /opt/devkitpro/libnds/lib/libfat.a(fatfile.o)
                0x0200a464                _FAT_write_r
 .text._FAT_seek_r
                0x0200a9a0      0x194 /opt/devkitpro/libnds/lib/libfat.a(fatfile.o)
                0x0200a9a0                _FAT_seek_r
 .text._FAT_fstat_r
                0x0200ab34       0x8c /opt/devkitpro/libnds/lib/libfat.a(fatfile.o)
                0x0200ab34                _FAT_fstat_r
 .text._FAT_ftruncate_r
                0x0200abc0      0x16c /opt/devkitpro/libnds/lib/libfat.a(fatfile.o)
                0x0200abc0                _FAT_ftruncate_r
 .text._FAT_fsync_r
                0x0200ad2c       0x44 /opt/devkitpro/libnds/lib/libfat.a(fatfile.o)
                0x0200ad2c                _FAT_fsync_r
 .text._FAT_cache_getPage
                0x0200ad70       0xf0 /opt/devkitpro/libnds/lib/libfat.a(cache.o)
 .text._FAT_cache_constructor
                0x0200ae60       0x90 /opt/devkitpro/libnds/lib/libfat.a(cache.o)
                0x0200ae60                _FAT_cache_constructor
 .text._FAT_cache_readSectors
                0x0200aef0       0x60 /opt/devkitpro/libnds/lib/libfat.a(cache.o)
                0x0200aef0                _FAT_cache_readSectors
 .text._FAT_cache_readPartialSector
                0x0200af50       0x3c /opt/devkitpro/libnds/lib/libfat.a(cache.o)
                0x0200af50                _FAT_cache_readPartialSector
 .text._FAT_cache_readLittleEndianValue
                0x0200af8c       0x70 /opt/devkitpro/libnds/lib/libfat.a(cache.o)
                0x0200af8c                _FAT_cache_readLittleEndianValue
 .text._FAT_cache_writePartialSector
                0x0200affc       0x4c /opt/devkitpro/libnds/lib/libfat.a(cache.o)
                0x0200affc                _FAT_cache_writePartialSector
 .text._FAT_cache_writeLittleEndianValue
                0x0200b048       0x8c /opt/devkitpro/libnds/lib/libfat.a(cache.o)
                0x0200b048                _FAT_cache_writeLittleEndianValue
 .text._FAT_cache_eraseWritePartialSector
                0x0200b0d4       0x60 /opt/devkitpro/libnds/lib/libfat.a(cache.o)
                0x0200b0d4                _FAT_cache_eraseWritePartialSector
 .text._FAT_cache_writeSectors
                0x0200b134       0x80 /opt/devkitpro/libnds/lib/libfat.a(cache.o)
                0x0200b134                _FAT_cache_writeSectors
 .text._FAT_cache_flush
                0x0200b1b4       0x40 /opt/devkitpro/libnds/lib/libfat.a(cache.o)
                0x0200b1b4                _FAT_cache_flush
 .text._FAT_stat_r
                0x0200b1f4       0x90 /opt/devkitpro/libnds/lib/libfat.a(fatdir.o)
                0x0200b1f4                _FAT_stat_r
 .text._FAT_link_r
                0x0200b284        0xc /opt/devkitpro/libnds/lib/libfat.a(fatdir.o)
                0x0200b284                _FAT_link_r
 .text._FAT_unlink_r
                0x0200b290      0x184 /opt/devkitpro/libnds/lib/libfat.a(fatdir.o)
                0x0200b290                _FAT_unlink_r
 .text._FAT_chdir_r
                0x0200b414       0x70 /opt/devkitpro/libnds/lib/libfat.a(fatdir.o)
                0x0200b414                _FAT_chdir_r
 .text._FAT_rename_r
                0x0200b484      0x1c4 /opt/devkitpro/libnds/lib/libfat.a(fatdir.o)
                0x0200b484                _FAT_rename_r
 .text._FAT_mkdir_r
                0x0200b648      0x244 /opt/devkitpro/libnds/lib/libfat.a(fatdir.o)
                0x0200b648                _FAT_mkdir_r
 .text._FAT_statvfs_r
                0x0200b88c       0x78 /opt/devkitpro/libnds/lib/libfat.a(fatdir.o)
                0x0200b88c                _FAT_statvfs_r
 .text._FAT_diropen_r
                0x0200b904       0xb0 /opt/devkitpro/libnds/lib/libfat.a(fatdir.o)
                0x0200b904                _FAT_diropen_r
 .text._FAT_dirreset_r
                0x0200b9b4       0x4c /opt/devkitpro/libnds/lib/libfat.a(fatdir.o)
                0x0200b9b4                _FAT_dirreset_r
 .text._FAT_dirnext_r
                0x0200ba00       0x7c /opt/devkitpro/libnds/lib/libfat.a(fatdir.o)
                0x0200ba00                _FAT_dirnext_r
 .text._FAT_dirclose_r
                0x0200ba7c       0x20 /opt/devkitpro/libnds/lib/libfat.a(fatdir.o)
                0x0200ba7c                _FAT_dirclose_r
 .text._FAT_directory_entryGetAlias
                0x0200ba9c       0xc8 /opt/devkitpro/libnds/lib/libfat.a(directory.o)
 .text._FAT_directory_incrementDirEntryPosition
                0x0200bb64       0x80 /opt/devkitpro/libnds/lib/libfat.a(directory.o)
 .text._FAT_directory_mbsncasecmp
                0x0200bbe4       0xa8 /opt/devkitpro/libnds/lib/libfat.a(directory.o)
 .text._FAT_directory_ucs2tombs.constprop.0
                0x0200bc8c       0x90 /opt/devkitpro/libnds/lib/libfat.a(directory.o)
 .text._FAT_directory_entryGetCluster
                0x0200bd1c       0x20 /opt/devkitpro/libnds/lib/libfat.a(directory.o)
                0x0200bd1c                _FAT_directory_entryGetCluster
 .text._FAT_directory_getNextEntry
                0x0200bd3c      0x23c /opt/devkitpro/libnds/lib/libfat.a(directory.o)
                0x0200bd3c                _FAT_directory_getNextEntry
 .text._FAT_directory_entryExists
                0x0200bf78       0x80 /opt/devkitpro/libnds/lib/libfat.a(directory.o)
 .text._FAT_directory_getFirstEntry
                0x0200bff8       0x20 /opt/devkitpro/libnds/lib/libfat.a(directory.o)
                0x0200bff8                _FAT_directory_getFirstEntry
 .text._FAT_directory_getRootEntry
                0x0200c018       0x60 /opt/devkitpro/libnds/lib/libfat.a(directory.o)
                0x0200c018                _FAT_directory_getRootEntry
 .text._FAT_directory_entryFromPosition
                0x0200c078      0x150 /opt/devkitpro/libnds/lib/libfat.a(directory.o)
                0x0200c078                _FAT_directory_entryFromPosition
 .text._FAT_directory_entryFromPath
                0x0200c1c8      0x248 /opt/devkitpro/libnds/lib/libfat.a(directory.o)
                0x0200c1c8                _FAT_directory_entryFromPath
 .text._FAT_directory_removeEntry
                0x0200c410       0xd8 /opt/devkitpro/libnds/lib/libfat.a(directory.o)
                0x0200c410                _FAT_directory_removeEntry
 .text._FAT_directory_addEntry
                0x0200c4e8      0x808 /opt/devkitpro/libnds/lib/libfat.a(directory.o)
                0x0200c4e8                _FAT_directory_addEntry
 .text._FAT_directory_chdir
                0x0200ccf0       0x3c /opt/devkitpro/libnds/lib/libfat.a(directory.o)
                0x0200ccf0                _FAT_directory_chdir
 .text._FAT_directory_entryStat
                0x0200cd2c       0xe4 /opt/devkitpro/libnds/lib/libfat.a(directory.o)
                0x0200cd2c                _FAT_directory_entryStat
 .text.isValidMBR
                0x0200ce10       0x5c /opt/devkitpro/libnds/lib/libfat.a(partition.o)
 .text._FAT_updateFS_INFO
                0x0200ce6c       0x54 /opt/devkitpro/libnds/lib/libfat.a(partition.o)
 .text.FindFirstValidPartition_buf.part.0
                0x0200cec0      0x11c /opt/devkitpro/libnds/lib/libfat.a(partition.o)
 .text._FAT_partition_getPartitionFromPath
                0x0200cfdc       0x10 /opt/devkitpro/libnds/lib/libfat.a(partition.o)
                0x0200cfdc                _FAT_partition_getPartitionFromPath
 .text._FAT_partition_createFSinfo
                0x0200cfec       0x50 /opt/devkitpro/libnds/lib/libfat.a(partition.o)
                0x0200cfec                _FAT_partition_createFSinfo
 .text._FAT_partition_readFSinfo.part.0
                0x0200d03c       0x74 /opt/devkitpro/libnds/lib/libfat.a(partition.o)
 .text._FAT_partition_constructor_buf
                0x0200d0b0      0x2e8 /opt/devkitpro/libnds/lib/libfat.a(partition.o)
                0x0200d0b0                _FAT_partition_constructor_buf
 .text._FAT_partition_constructor
                0x0200d398       0x40 /opt/devkitpro/libnds/lib/libfat.a(partition.o)
                0x0200d398                _FAT_partition_constructor
 .text._FAT_partition_readFSinfo
                0x0200d3d8       0x10 /opt/devkitpro/libnds/lib/libfat.a(partition.o)
                0x0200d3d8                _FAT_partition_readFSinfo
 .text._FAT_lock_init
                0x0200d3e8        0x4 /opt/devkitpro/libnds/lib/libfat.a(lock.o)
                0x0200d3e8                _FAT_lock_init
 .text._FAT_lock
                0x0200d3ec        0x4 /opt/devkitpro/libnds/lib/libfat.a(lock.o)
                0x0200d3ec                _FAT_lock
 .text._FAT_unlock
                0x0200d3f0        0x4 /opt/devkitpro/libnds/lib/libfat.a(lock.o)
                0x0200d3f0                _FAT_unlock
 .text._FAT_filetime_getTimeFromRTC
                0x0200d3f4       0x44 /opt/devkitpro/libnds/lib/libfat.a(filetime.o)
                0x0200d3f4                _FAT_filetime_getTimeFromRTC
 .text._FAT_filetime_getDateFromRTC
                0x0200d438       0x44 /opt/devkitpro/libnds/lib/libfat.a(filetime.o)
                0x0200d438                _FAT_filetime_getDateFromRTC
 .text._FAT_filetime_to_time_t
                0x0200d47c       0x38 /opt/devkitpro/libnds/lib/libfat.a(filetime.o)
                0x0200d47c                _FAT_filetime_to_time_t
 .text._FAT_fat_writeFatEntry.part.0.isra.0
                0x0200d4b4      0x12c /opt/devkitpro/libnds/lib/libfat.a(file_allocation_table.o)
 .text._FAT_fat_nextCluster
                0x0200d5e0      0x108 /opt/devkitpro/libnds/lib/libfat.a(file_allocation_table.o)
                0x0200d5e0                _FAT_fat_nextCluster
 .text._FAT_fat_linkFreeCluster
                0x0200d6e8       0xac /opt/devkitpro/libnds/lib/libfat.a(file_allocation_table.o)
                0x0200d6e8                _FAT_fat_linkFreeCluster
 .text._FAT_fat_linkFreeClusterCleared
                0x0200d794       0x68 /opt/devkitpro/libnds/lib/libfat.a(file_allocation_table.o)
                0x0200d794                _FAT_fat_linkFreeClusterCleared
 .text._FAT_fat_clearLinks
                0x0200d7fc       0x7c /opt/devkitpro/libnds/lib/libfat.a(file_allocation_table.o)
                0x0200d7fc                _FAT_fat_clearLinks
 .text._FAT_fat_trimChain
                0x0200d878       0x80 /opt/devkitpro/libnds/lib/libfat.a(file_allocation_table.o)
                0x0200d878                _FAT_fat_trimChain
 .text._FAT_fat_lastCluster
                0x0200d8f8       0x34 /opt/devkitpro/libnds/lib/libfat.a(file_allocation_table.o)
                0x0200d8f8                _FAT_fat_lastCluster
 .text._FAT_fat_freeClusterCount
                0x0200d92c       0x2c /opt/devkitpro/libnds/lib/libfat.a(file_allocation_table.o)
                0x0200d92c                _FAT_fat_freeClusterCount
 .text.setBrightness
                0x0200d958       0x40 /opt/devkitpro/libnds/lib/libnds9.a(video.o)
                0x0200d958                setBrightness
 .text.vramDefault
                0x0200d998       0xd0 /opt/devkitpro/libnds/lib/libnds9.a(video.o)
                0x0200d998                vramDefault
 .text.newRow   0x0200da68       0xa8 /opt/devkitpro/libnds/lib/libnds9.a(console.o)
 .text.consolePrintChar
                0x0200db10       0xe0 /opt/devkitpro/libnds/lib/libnds9.a(console.o)
                0x0200db10                consolePrintChar
 .text.con_write
                0x0200dbf0      0x36c /opt/devkitpro/libnds/lib/libnds9.a(console.o)
                0x0200dbf0                con_write
 .text.consoleLoadFont
                0x0200df5c      0x2a0 /opt/devkitpro/libnds/lib/libnds9.a(console.o)
                0x0200df5c                consoleLoadFont
 .text.consoleInit
                0x0200e1fc      0x18c /opt/devkitpro/libnds/lib/libnds9.a(console.o)
                0x0200e1fc                consoleInit
 .text.consoleDemoInit
                0x0200e388       0x40 /opt/devkitpro/libnds/lib/libnds9.a(console.o)
                0x0200e388                consoleDemoInit
 .text.oamInit  0x0200e3c8      0x114 /opt/devkitpro/libnds/lib/libnds9.a(sprite.o)
                0x0200e3c8                oamInit
 .text.oamGfxPtrToOffset
                0x0200e4dc       0x34 /opt/devkitpro/libnds/lib/libnds9.a(sprite.o)
                0x0200e4dc                oamGfxPtrToOffset
 .text.oamSet   0x0200e510      0x104 /opt/devkitpro/libnds/lib/libnds9.a(sprite.o)
                0x0200e510                oamSet
 .text.oamUpdate
                0x0200e614       0x60 /opt/devkitpro/libnds/lib/libnds9.a(sprite.o)
                0x0200e614                oamUpdate
 .text.oamRotateScale
                0x0200e674       0x4c /opt/devkitpro/libnds/lib/libnds9.a(sprite.o)
                0x0200e674                oamRotateScale
 .text.scanKeys
                0x0200e6c0       0x8c /opt/devkitpro/libnds/lib/libnds9.a(keys.o)
                0x0200e6c0                scanKeys
 .text.keysHeld
                0x0200e74c        0xc /opt/devkitpro/libnds/lib/libnds9.a(keys.o)
                0x0200e74c                keysHeld
 .text.dldiGetInternal
                0x0200e758       0x34 /opt/devkitpro/libnds/lib/libnds9.a(dldi.o)
                0x0200e758                dldiGetInternal
 .text.get_io_dsisd
                0x0200e78c       0x24 /opt/devkitpro/libnds/lib/libnds9.a(dldi.o)
                0x0200e78c                get_io_dsisd
 .text.__syscall_gettod_r
                0x0200e7b0       0x28 /opt/devkitpro/libnds/lib/libnds9.a(initSystem.o)
                0x0200e7b0                __syscall_gettod_r
 .text.__syscall_exit
                0x0200e7d8        0x8 /opt/devkitpro/libnds/lib/libnds9.a(initSystem.o)
                0x0200e7d8                __syscall_exit
 .text.initSystem
                0x0200e7e0      0x180 /opt/devkitpro/libnds/lib/libnds9.a(initSystem.o)
                0x0200e7e0                initSystem
 .text.irqDummy
                0x0200e960        0x4 /opt/devkitpro/libnds/lib/libnds9.a(interrupts.o)
                0x0200e960                irqDummy
 .text.irqSet   0x0200e964       0x6c /opt/devkitpro/libnds/lib/libnds9.a(interrupts.o)
                0x0200e964                irqSet
 .text.irqInit  0x0200e9d0       0x50 /opt/devkitpro/libnds/lib/libnds9.a(interrupts.o)
                0x0200e9d0                irqInit
 .text.irqEnable
                0x0200ea20       0x64 /opt/devkitpro/libnds/lib/libnds9.a(interrupts.o)
                0x0200ea20                irqEnable
 .text.systemErrorExit
                0x0200ea84        0x4 /opt/devkitpro/libnds/lib/libnds9.a(libnds_exit.arm.o)
                0x0200ea84                systemErrorExit
 .text.__libnds_exit
                0x0200ea88       0x5c /opt/devkitpro/libnds/lib/libnds9.a(libnds_exit.arm.o)
                0x0200ea88                __libnds_exit
 .text.cardPolledTransfer
                0x0200eae4       0x54 /opt/devkitpro/libnds/lib/libnds9.a(card.o)
                0x0200eae4                cardPolledTransfer
 .text.cardParamCommand
                0x0200eb38       0x34 /opt/devkitpro/libnds/lib/libnds9.a(card.o)
                0x0200eb38                cardParamCommand
 .text.fifo_queueBlock
                0x0200eb6c       0x44 /opt/devkitpro/libnds/lib/libnds9.a(fifosystem.o)
 .text.fifo_waitBlock
                0x0200ebb0       0x80 /opt/devkitpro/libnds/lib/libnds9.a(fifosystem.o)
 .text.fifoInternalSend.part.0
                0x0200ec30       0xd4 /opt/devkitpro/libnds/lib/libnds9.a(fifosystem.o)
 .text.fifoInternalSendInterrupt
                0x0200ed04       0xb0 /opt/devkitpro/libnds/lib/libnds9.a(fifosystem.o)
 .text.fifoSetValue32Handler
                0x0200edb4       0xd4 /opt/devkitpro/libnds/lib/libnds9.a(fifosystem.o)
                0x0200edb4                fifoSetValue32Handler
 .text.fifoSendValue32
                0x0200ee88       0x4c /opt/devkitpro/libnds/lib/libnds9.a(fifosystem.o)
                0x0200ee88                fifoSendValue32
 .text.fifoSendDatamsg
                0x0200eed4       0x90 /opt/devkitpro/libnds/lib/libnds9.a(fifosystem.o)
                0x0200eed4                fifoSendDatamsg
 .text.fifoGetValue32
                0x0200ef64       0x70 /opt/devkitpro/libnds/lib/libnds9.a(fifosystem.o)
                0x0200ef64                fifoGetValue32
 .text.fifoGetDatamsg
                0x0200efd4       0xf4 /opt/devkitpro/libnds/lib/libnds9.a(fifosystem.o)
                0x0200efd4                fifoGetDatamsg
 .text.fifoInternalRecvInterrupt
                0x0200f0c8      0x37c /opt/devkitpro/libnds/lib/libnds9.a(fifosystem.o)
 .text.fifoSetDatamsgHandler
                0x0200f444       0x9c /opt/devkitpro/libnds/lib/libnds9.a(fifosystem.o)
                0x0200f444                fifoSetDatamsgHandler
 .text.fifoCheckValue32
                0x0200f4e0       0x24 /opt/devkitpro/libnds/lib/libnds9.a(fifosystem.o)
                0x0200f4e0                fifoCheckValue32
 .text.fifoInit
                0x0200f504      0x108 /opt/devkitpro/libnds/lib/libnds9.a(fifosystem.o)
                0x0200f504                fifoInit
 .text.DC_FlushRange
                0x0200f60c       0x24 /opt/devkitpro/libnds/lib/libnds9.a(dcache.o)
                0x0200f60c                DC_FlushRange
 .text.DC_InvalidateRange
                0x0200f630       0x2c /opt/devkitpro/libnds/lib/libnds9.a(dcache.o)
                0x0200f630                DC_InvalidateRange
 .text.__libnds_mpu_setup
                0x0200f65c      0x174 /opt/devkitpro/libnds/lib/libnds9.a(mpu_setup.o)
                0x0200f65c                __libnds_mpu_setup
 .text.memUncached
                0x0200f7d0       0x20 /opt/devkitpro/libnds/lib/libnds9.a(mpu_setup.o)
                0x0200f7d0                memUncached
 .text.swiWaitForVBlank
                0x0200f7f0        0x8 /opt/devkitpro/libnds/lib/libnds9.a(IntrWait.o)
                0x0200f7f0                swiWaitForVBlank
 .text.swiIntrWait
                0x0200f7f8       0x70 /opt/devkitpro/libnds/lib/libnds9.a(IntrWait.o)
                0x0200f7f8                swiIntrWait
 .text.setCpuClock
                0x0200f868       0x50 /opt/devkitpro/libnds/lib/libnds9.a(cpu_clock.o)
                0x0200f868                setCpuClock
 .text.swiDelay
                0x0200f8b8        0x4 /opt/devkitpro/libnds/lib/libnds9.a(biosCalls.o)
                0x0200f8b8                swiDelay
 .text.swiSoftReset
                0x0200f8bc       0x2c /opt/devkitpro/libnds/lib/libnds9.a(swiSoftReset.o)
                0x0200f8bc                swiSoftReset
 .text.checkIfText
                0x0200f8e8       0x5c /opt/devkitpro/libnds/lib/libnds9.a(background.o)
                0x0200f8e8                checkIfText
 .text.bgUpdate
                0x0200f944       0xf4 /opt/devkitpro/libnds/lib/libnds9.a(background.o)
                0x0200f944                bgUpdate
 .text.bgInit_call
                0x0200fa38       0xc4 /opt/devkitpro/libnds/lib/libnds9.a(background.o)
                0x0200fa38                bgInit_call
 .text.bgInitSub_call
                0x0200fafc       0xcc /opt/devkitpro/libnds/lib/libnds9.a(background.o)
                0x0200fafc                bgInitSub_call
 .text.sinLutLookup
                0x0200fbc8       0x4c /opt/devkitpro/libnds/lib/libnds9.a(trig.o)
                0x0200fbc8                sinLutLookup
 .text.sinLerp  0x0200fc14       0x40 /opt/devkitpro/libnds/lib/libnds9.a(trig.o)
                0x0200fc14                sinLerp
 .text.cosLerp  0x0200fc54       0x4c /opt/devkitpro/libnds/lib/libnds9.a(trig.o)
                0x0200fc54                cosLerp
 .text.oamAllocReset
                0x0200fca0       0x1c /opt/devkitpro/libnds/lib/libnds9.a(sprite_alloc.o)
                0x0200fca0                oamAllocReset
 .text.systemValueHandler
                0x0200fcbc       0x48 /opt/devkitpro/libnds/lib/libnds9.a(system.o)
                0x0200fcbc                systemValueHandler
 .text.systemMsgHandler
                0x0200fd04       0x60 /opt/devkitpro/libnds/lib/libnds9.a(system.o)
                0x0200fd04                systemMsgHandler
 .text.powerOn  0x0200fd64       0x2c /opt/devkitpro/libnds/lib/libnds9.a(system.o)
                0x0200fd64                powerOn
 .text.__muldi3
                0x0200fd90       0x18 /opt/devkitpro/devkitARM/bin/../lib/gcc/arm-none-eabi/13.2.0/libgcc.a(_muldi3.o)
                0x0200fd90                __aeabi_lmul
                0x0200fd90                __muldi3
 .text.__udivmoddi4
                0x0200fda8      0x128 /opt/devkitpro/devkitARM/bin/../lib/gcc/arm-none-eabi/13.2.0/libgcc.a(_udivmoddi4.o)
                0x0200fda8                __udivmoddi4
 .text.towlower
                0x0200fed0       0x14 /opt/devkitpro/devkitARM/bin/../lib/gcc/arm-none-eabi/13.2.0/../../../../arm-none-eabi/lib/libg.a(libc_a-towlower.o)
                0x0200fed0                towlower
 .text._mbrtowc_r
                0x0200fee4       0xc0 /opt/devkitpro/devkitARM/bin/../lib/gcc/arm-none-eabi/13.2.0/../../../../arm-none-eabi/lib/libg.a(libc_a-mbrtowc.o)
                0x0200fee4                _mbrtowc_r
 .text.mbrtowc  0x0200ffa4       0xc4 /opt/devkitpro/devkitARM/bin/../lib/gcc/arm-none-eabi/13.2.0/../../../../arm-none-eabi/lib/libg.a(libc_a-mbrtowc.o)
                0x0200ffa4                mbrtowc
 .text._wcrtomb_r
                0x02010068       0xac /opt/devkitpro/devkitARM/bin/../lib/gcc/arm-none-eabi/13.2.0/../../../../arm-none-eabi/lib/libg.a(libc_a-wcrtomb.o)
                0x02010068                _wcrtomb_r
 .text.wcrtomb  0x02010114       0xb4 /opt/devkitpro/devkitARM/bin/../lib/gcc/arm-none-eabi/13.2.0/../../../../arm-none-eabi/lib/libg.a(libc_a-wcrtomb.o)
                0x02010114                wcrtomb
 .text.towupper
                0x020101c8       0x14 /opt/devkitpro/devkitARM/bin/../lib/gcc/arm-none-eabi/13.2.0/../../../../arm-none-eabi/lib/libg.a(libc_a-towupper.o)
                0x020101c8                towupper
 .text.mbsrtowcs
                0x020101dc       0x3c /opt/devkitpro/devkitARM/bin/../lib/gcc/arm-none-eabi/13.2.0/../../../../arm-none-eabi/lib/libg.a(libc_a-mbsrtowcs.o)
                0x020101dc                mbsrtowcs
 .text.wctob    0x02010218       0x88 /opt/devkitpro/devkitARM/bin/../lib/gcc/arm-none-eabi/13.2.0/../../../../arm-none-eabi/lib/libg.a(libc_a-wctob.o)
                0x02010218                wctob
 .text.rewind   0x020102a0       0x30 /opt/devkitpro/devkitARM/bin/../lib/gcc/arm-none-eabi/13.2.0/../../../../arm-none-eabi/lib/libg.a(libc_a-rewind.o)
                0x020102a0                rewind
 .text.towctrans
                0x020102d0       0x48 /opt/devkitpro/devkitARM/bin/../lib/gcc/arm-none-eabi/13.2.0/../../../../arm-none-eabi/lib/libg.a(libc_a-towctrans.o)
                0x020102d0                towctrans
 .text.snprintf
                0x02010318       0xcc /opt/devkitpro/devkitARM/bin/../lib/gcc/arm-none-eabi/13.2.0/../../../../arm-none-eabi/lib/libg.a(libc_a-snprintf.o)
                0x02010318                snprintf
 .text.siscanf  0x020103e4       0x74 /opt/devkitpro/devkitARM/bin/../lib/gcc/arm-none-eabi/13.2.0/../../../../arm-none-eabi/lib/libg.a(libc_a-siscanf.o)
                0x020103e4                siscanf
 .text.calloc   0x02010458       0x24 /opt/devkitpro/devkitARM/bin/../lib/gcc/arm-none-eabi/13.2.0/../../../../arm-none-eabi/lib/libg.a(libc_a-calloc.o)
                0x02010458                calloc
 .text._calloc_r
                0x0201047c       0xd0 /opt/devkitpro/devkitARM/bin/../lib/gcc/arm-none-eabi/13.2.0/../../../../arm-none-eabi/lib/libg.a(libc_a-callocr.o)
                0x0201047c                _calloc_r
 .text.setvbuf  0x0201054c      0x25c /opt/devkitpro/devkitARM/bin/../lib/gcc/arm-none-eabi/13.2.0/../../../../arm-none-eabi/lib/libg.a(libc_a-setvbuf.o)
                0x0201054c                setvbuf
 .text.get_arg  0x020107a8       0x54 /opt/devkitpro/devkitARM/bin/../lib/gcc/arm-none-eabi/13.2.0/../../../../arm-none-eabi/lib/libg.a(libc_a-svfiscanf.o)
 .text._sungetc_r
                0x020107fc       0xe4 /opt/devkitpro/devkitARM/bin/../lib/gcc/arm-none-eabi/13.2.0/../../../../arm-none-eabi/lib/libg.a(libc_a-svfiscanf.o)
                0x020107fc                _sungetc_r
 .text.__ssrefill_r
                0x020108e0       0x68 /opt/devkitpro/devkitARM/bin/../lib/gcc/arm-none-eabi/13.2.0/../../../../arm-none-eabi/lib/libg.a(libc_a-svfiscanf.o)
                0x020108e0                __ssrefill_r
 .text._sfread_r
                0x02010948       0xc8 /opt/devkitpro/devkitARM/bin/../lib/gcc/arm-none-eabi/13.2.0/../../../../arm-none-eabi/lib/libg.a(libc_a-svfiscanf.o)
                0x02010948                _sfread_r
 .text.__ssvfiscanf_r
                0x02010a10     0x22dc /opt/devkitpro/devkitARM/bin/../lib/gcc/arm-none-eabi/13.2.0/../../../../arm-none-eabi/lib/libg.a(libc_a-svfiscanf.o)
                0x02010a10                __ssvfiscanf_r
 .text._malloc_trim_r
                0x02012cec      0x100 /opt/devkitpro/devkitARM/bin/../lib/gcc/arm-none-eabi/13.2.0/../../../../arm-none-eabi/lib/libg.a(libc_a-freer.o)
                0x02012cec                _malloc_trim_r
 .text._free_r  0x02012dec      0x2e8 /opt/devkitpro/devkitARM/bin/../lib/gcc/arm-none-eabi/13.2.0/../../../../arm-none-eabi/lib/libg.a(libc_a-freer.o)
                0x02012dec                _free_r
 .text.iprintf  0x020130d4       0x34 /opt/devkitpro/devkitARM/bin/../lib/gcc/arm-none-eabi/13.2.0/../../../../arm-none-eabi/lib/libg.a(libc_a-iprintf.o)
                0x020130d4                iprintf
 .text.strchr   0x02013108      0x13c /opt/devkitpro/devkitARM/bin/../lib/gcc/arm-none-eabi/13.2.0/../../../../arm-none-eabi/lib/libg.a(libc_a-strchr.o)
                0x02013108                strchr
 .text.memcmp   0x02013244       0xe0 /opt/devkitpro/devkitARM/bin/../lib/gcc/arm-none-eabi/13.2.0/../../../../arm-none-eabi/lib/libg.a(libc_a-memcmp.o)
                0x02013244                memcmp
 .text._fclose_r
                0x02013324      0x150 /opt/devkitpro/devkitARM/bin/../lib/gcc/arm-none-eabi/13.2.0/../../../../arm-none-eabi/lib/libg.a(libc_a-fclose.o)
                0x02013324                _fclose_r
 .text.fclose   0x02013474       0x18 /opt/devkitpro/devkitARM/bin/../lib/gcc/arm-none-eabi/13.2.0/../../../../arm-none-eabi/lib/libg.a(libc_a-fclose.o)
                0x02013474                fclose
 .text.get_arg  0x0201348c      0x654 /opt/devkitpro/devkitARM/bin/../lib/gcc/arm-none-eabi/13.2.0/../../../../arm-none-eabi/lib/libg.a(libc_a-svfprintf.o)
 .text._svfprintf_r
                0x02013ae0     0x3518 /opt/devkitpro/devkitARM/bin/../lib/gcc/arm-none-eabi/13.2.0/../../../../arm-none-eabi/lib/libg.a(libc_a-svfprintf.o)
                0x02013ae0                _svfprintf_r
 .text.malloc   0x02016ff8       0x1c /opt/devkitpro/devkitARM/bin/../lib/gcc/arm-none-eabi/13.2.0/../../../../arm-none-eabi/lib/libg.a(libc_a-malloc.o)
                0x02016ff8                malloc
 .text.free     0x02017014       0x1c /opt/devkitpro/devkitARM/bin/../lib/gcc/arm-none-eabi/13.2.0/../../../../arm-none-eabi/lib/libg.a(libc_a-malloc.o)
                0x02017014                free
 .text._malloc_r
                0x02017030      0x7a4 /opt/devkitpro/devkitARM/bin/../lib/gcc/arm-none-eabi/13.2.0/../../../../arm-none-eabi/lib/libg.a(libc_a-mallocr.o)
                0x02017030                _malloc_r
 .text.memmove  0x020177d4      0x154 /opt/devkitpro/devkitARM/bin/../lib/gcc/arm-none-eabi/13.2.0/../../../../arm-none-eabi/lib/libg.a(libc_a-memmove.o)
                0x020177d4                memmove
 .text.memset   0x02017928       0xfc /opt/devkitpro/devkitARM/bin/../lib/gcc/arm-none-eabi/13.2.0/../../../../arm-none-eabi/lib/libg.a(libc_a-memset.o)
                0x02017928                memset
 .text.__malloc_lock
                0x02017a24       0x18 /opt/devkitpro/devkitARM/bin/../lib/gcc/arm-none-eabi/13.2.0/../../../../arm-none-eabi/lib/libg.a(libc_a-mlock.o)
                0x02017a24                __malloc_lock
 .text.__malloc_unlock
                0x02017a3c       0x18 /opt/devkitpro/devkitARM/bin/../lib/gcc/arm-none-eabi/13.2.0/../../../../arm-none-eabi/lib/libg.a(libc_a-mlock.o)
                0x02017a3c                __malloc_unlock
 .text.strlen   0x02017a54       0x94 /opt/devkitpro/devkitARM/bin/../lib/gcc/arm-none-eabi/13.2.0/../../../../arm-none-eabi/lib/libg.a(libc_a-strlen.o)
                0x02017a54                strlen
 .text._fopen_r
                0x02017ae8      0x138 /opt/devkitpro/devkitARM/bin/../lib/gcc/arm-none-eabi/13.2.0/../../../../arm-none-eabi/lib/libg.a(libc_a-fopen.o)
                0x02017ae8                _fopen_r
 .text.fopen    0x02017c20       0x20 /opt/devkitpro/devkitARM/bin/../lib/gcc/arm-none-eabi/13.2.0/../../../../arm-none-eabi/lib/libg.a(libc_a-fopen.o)
                0x02017c20                fopen
 .text.__sflush_r
                0x02017c40      0x248 /opt/devkitpro/devkitARM/bin/../lib/gcc/arm-none-eabi/13.2.0/../../../../arm-none-eabi/lib/libg.a(libc_a-fflush.o)
                0x02017c40                __sflush_r
 .text._fflush_r
                0x02017e88       0x9c /opt/devkitpro/devkitARM/bin/../lib/gcc/arm-none-eabi/13.2.0/../../../../arm-none-eabi/lib/libg.a(libc_a-fflush.o)
                0x02017e88                _fflush_r
 .text.strpbrk  0x02017f24       0x7c /opt/devkitpro/devkitARM/bin/../lib/gcc/arm-none-eabi/13.2.0/../../../../arm-none-eabi/lib/libg.a(libc_a-strpbrk.o)
                0x02017f24                strpbrk
 .text.strdup   0x02017fa0       0x1c /opt/devkitpro/devkitARM/bin/../lib/gcc/arm-none-eabi/13.2.0/../../../../arm-none-eabi/lib/libg.a(libc_a-strdup.o)
                0x02017fa0                strdup
 .text.strcasecmp
                0x02017fbc       0x70 /opt/devkitpro/devkitARM/bin/../lib/gcc/arm-none-eabi/13.2.0/../../../../arm-none-eabi/lib/libg.a(libc_a-strcasecmp.o)
                0x02017fbc                strcasecmp
 .text.strrchr  0x0201802c       0x58 /opt/devkitpro/devkitARM/bin/../lib/gcc/arm-none-eabi/13.2.0/../../../../arm-none-eabi/lib/libg.a(libc_a-strrchr.o)
                0x0201802c                strrchr
 .text.strncasecmp
                0x02018084       0x8c /opt/devkitpro/devkitARM/bin/../lib/gcc/arm-none-eabi/13.2.0/../../../../arm-none-eabi/lib/libg.a(libc_a-strncasecmp.o)
                0x02018084                strncasecmp
 .text._strdup_r
                0x02018110       0x44 /opt/devkitpro/devkitARM/bin/../lib/gcc/arm-none-eabi/13.2.0/../../../../arm-none-eabi/lib/libg.a(libc_a-strdup_r.o)
                0x02018110                _strdup_r
 .text.ftell    0x02018154       0x30 /opt/devkitpro/devkitARM/bin/../lib/gcc/arm-none-eabi/13.2.0/../../../../arm-none-eabi/lib/libg.a(libc_a-ftell.o)
                0x02018154                ftell
 .text.strncmp  0x02018184       0xec /opt/devkitpro/devkitARM/bin/../lib/gcc/arm-none-eabi/13.2.0/../../../../arm-none-eabi/lib/libg.a(libc_a-strncmp.o)
                0x02018184                strncmp
 .text._fwalk_sglue
                0x02018270       0x78 /opt/devkitpro/devkitARM/bin/../lib/gcc/arm-none-eabi/13.2.0/../../../../arm-none-eabi/lib/libg.a(libc_a-fwalk.o)
                0x02018270                _fwalk_sglue
 .text._fread_r
                0x020182e8      0x33c /opt/devkitpro/devkitARM/bin/../lib/gcc/arm-none-eabi/13.2.0/../../../../arm-none-eabi/lib/libg.a(libc_a-fread.o)
                0x020182e8                _fread_r
 .text.fread    0x02018624       0x3c /opt/devkitpro/devkitARM/bin/../lib/gcc/arm-none-eabi/13.2.0/../../../../arm-none-eabi/lib/libg.a(libc_a-fread.o)
                0x02018624                fread
 .text.strncpy  0x02018660       0xd0 /opt/devkitpro/devkitARM/bin/../lib/gcc/arm-none-eabi/13.2.0/../../../../arm-none-eabi/lib/libg.a(libc_a-strncpy.o)
                0x02018660                strncpy
 .text.stdio_exit_handler
                0x02018730       0x28 /opt/devkitpro/devkitARM/bin/../lib/gcc/arm-none-eabi/13.2.0/../../../../arm-none-eabi/lib/libg.a(libc_a-findfp.o)
 .text.cleanup_stdio
                0x02018758       0x54 /opt/devkitpro/devkitARM/bin/../lib/gcc/arm-none-eabi/13.2.0/../../../../arm-none-eabi/lib/libg.a(libc_a-findfp.o)
 .text.global_stdio_init.part.0
                0x020187ac      0x158 /opt/devkitpro/devkitARM/bin/../lib/gcc/arm-none-eabi/13.2.0/../../../../arm-none-eabi/lib/libg.a(libc_a-findfp.o)
 .text.__sfp    0x02018904      0x138 /opt/devkitpro/devkitARM/bin/../lib/gcc/arm-none-eabi/13.2.0/../../../../arm-none-eabi/lib/libg.a(libc_a-findfp.o)
                0x02018904                __sfp
 .text.__sinit  0x02018a3c       0x64 /opt/devkitpro/devkitARM/bin/../lib/gcc/arm-none-eabi/13.2.0/../../../../arm-none-eabi/lib/libg.a(libc_a-findfp.o)
                0x02018a3c                __sinit
 .text.__sfp_lock_acquire
                0x02018aa0       0x18 /opt/devkitpro/devkitARM/bin/../lib/gcc/arm-none-eabi/13.2.0/../../../../arm-none-eabi/lib/libg.a(libc_a-findfp.o)
                0x02018aa0                __sfp_lock_acquire
 .text.__sfp_lock_release
                0x02018ab8       0x18 /opt/devkitpro/devkitARM/bin/../lib/gcc/arm-none-eabi/13.2.0/../../../../arm-none-eabi/lib/libg.a(libc_a-findfp.o)
                0x02018ab8                __sfp_lock_release
 .text.localtime_r
                0x02018ad0      0x374 /opt/devkitpro/devkitARM/bin/../lib/gcc/arm-none-eabi/13.2.0/../../../../arm-none-eabi/lib/libg.a(libc_a-lcltime_r.o)
                0x02018ad0                localtime_r
 .text.strnlen  0x02018e44       0x48 /opt/devkitpro/devkitARM/bin/../lib/gcc/arm-none-eabi/13.2.0/../../../../arm-none-eabi/lib/libg.a(libc_a-strnlen.o)
                0x02018e44                strnlen
 .text._tzset_unlocked
                0x02018e8c       0x14 /opt/devkitpro/devkitARM/bin/../lib/gcc/arm-none-eabi/13.2.0/../../../../arm-none-eabi/lib/libg.a(libc_a-tzset.o)
                0x02018e8c                _tzset_unlocked
 .text.validate_structure
                0x02018ea0      0x2e0 /opt/devkitpro/devkitARM/bin/../lib/gcc/arm-none-eabi/13.2.0/../../../../arm-none-eabi/lib/libg.a(libc_a-mktime.o)
 .text.mktime   0x02019180      0x4cc /opt/devkitpro/devkitARM/bin/../lib/gcc/arm-none-eabi/13.2.0/../../../../arm-none-eabi/lib/libg.a(libc_a-mktime.o)
                0x02019180                mktime
 .text.access   0x0201964c       0x54 /opt/devkitpro/devkitARM/bin/../lib/gcc/arm-none-eabi/13.2.0/../../../../arm-none-eabi/lib/libg.a(libc_a-access.o)
                0x0201964c                access
 .text._fseek_r
                0x020196a0       0x20 /opt/devkitpro/devkitARM/bin/../lib/gcc/arm-none-eabi/13.2.0/../../../../arm-none-eabi/lib/libg.a(libc_a-fseek.o)
                0x020196a0                _fseek_r
 .text.fseek    0x020196c0       0x38 /opt/devkitpro/devkitARM/bin/../lib/gcc/arm-none-eabi/13.2.0/../../../../arm-none-eabi/lib/libg.a(libc_a-fseek.o)
                0x020196c0                fseek
 .text._tzset_unlocked_r
                0x020196f8      0x688 /opt/devkitpro/devkitARM/bin/../lib/gcc/arm-none-eabi/13.2.0/../../../../arm-none-eabi/lib/libg.a(libc_a-tzset_r.o)
                0x020196f8                _tzset_unlocked_r
 .text._strtol_l.part.0
                0x02019d80      0x1b4 /opt/devkitpro/devkitARM/bin/../lib/gcc/arm-none-eabi/13.2.0/../../../../arm-none-eabi/lib/libg.a(libc_a-strtol.o)
 .text._strtol_r
                0x02019f34       0x64 /opt/devkitpro/devkitARM/bin/../lib/gcc/arm-none-eabi/13.2.0/../../../../arm-none-eabi/lib/libg.a(libc_a-strtol.o)
                0x02019f34                _strtol_r
 .text.realloc  0x02019f98       0x24 /opt/devkitpro/devkitARM/bin/../lib/gcc/arm-none-eabi/13.2.0/../../../../arm-none-eabi/lib/libg.a(libc_a-realloc.o)
                0x02019f98                realloc
 .text.__gettzinfo
                0x02019fbc        0xc /opt/devkitpro/devkitARM/bin/../lib/gcc/arm-none-eabi/13.2.0/../../../../arm-none-eabi/lib/libg.a(libc_a-gettzinfo.o)
                0x02019fbc                __gettzinfo
 .text._strtoul_l.isra.0
                0x02019fc8      0x1dc /opt/devkitpro/devkitARM/bin/../lib/gcc/arm-none-eabi/13.2.0/../../../../arm-none-eabi/lib/libg.a(libc_a-strtoul.o)
 .text._strtoul_r
                0x0201a1a4       0x30 /opt/devkitpro/devkitARM/bin/../lib/gcc/arm-none-eabi/13.2.0/../../../../arm-none-eabi/lib/libg.a(libc_a-strtoul.o)
                0x0201a1a4                _strtoul_r
 .text.strtoul  0x0201a1d4       0x34 /opt/devkitpro/devkitARM/bin/../lib/gcc/arm-none-eabi/13.2.0/../../../../arm-none-eabi/lib/libg.a(libc_a-strtoul.o)
                0x0201a1d4                strtoul
 .text.__locale_mb_cur_max
                0x0201a208       0x28 /opt/devkitpro/devkitARM/bin/../lib/gcc/arm-none-eabi/13.2.0/../../../../arm-none-eabi/lib/libg.a(libc_a-locale.o)
                0x0201a208                __locale_mb_cur_max
 .text.time     0x0201a230       0x50 /opt/devkitpro/devkitARM/bin/../lib/gcc/arm-none-eabi/13.2.0/../../../../arm-none-eabi/lib/libg.a(libc_a-time.o)
                0x0201a230                time
 .text._localeconv_r
                0x0201a280       0x28 /opt/devkitpro/devkitARM/bin/../lib/gcc/arm-none-eabi/13.2.0/../../../../arm-none-eabi/lib/libg.a(libc_a-localeconv.o)
                0x0201a280                _localeconv_r
 .text.__tzcalc_limits
                0x0201a2a8      0x254 /opt/devkitpro/devkitARM/bin/../lib/gcc/arm-none-eabi/13.2.0/../../../../arm-none-eabi/lib/libg.a(libc_a-tzcalc_limits.o)
                0x0201a2a8                __tzcalc_limits
 .text.strcpy   0x0201a4fc       0xf0 /opt/devkitpro/devkitARM/bin/../lib/gcc/arm-none-eabi/13.2.0/../../../../arm-none-eabi/lib/libg.a(libc_a-strcpy.o)
                0x0201a4fc                strcpy
 .text.memchr   0x0201a5ec       0xf0 /opt/devkitpro/devkitARM/bin/../lib/gcc/arm-none-eabi/13.2.0/../../../../arm-none-eabi/lib/libg.a(libc_a-memchr-stub.o)
                0x0201a5ec                memchr
 .text.__utf8_wctomb
                0x0201a6dc       0xf4 /opt/devkitpro/devkitARM/bin/../lib/gcc/arm-none-eabi/13.2.0/../../../../arm-none-eabi/lib/libg.a(libc_a-wctomb_r.o)
                0x0201a6dc                __utf8_wctomb
 .text.memcpy   0x0201a7d0      0x114 /opt/devkitpro/devkitARM/bin/../lib/gcc/arm-none-eabi/13.2.0/../../../../arm-none-eabi/lib/libg.a(libc_a-memcpy-stub.o)
                0x0201a7d0                memcpy
 .text.stpcpy   0x0201a8e4       0x74 /opt/devkitpro/devkitARM/bin/../lib/gcc/arm-none-eabi/13.2.0/../../../../arm-none-eabi/lib/libg.a(libc_a-stpcpy.o)
                0x0201a8e4                stpcpy
 .text.__libc_init_array
                0x0201a958       0x90 /opt/devkitpro/devkitARM/bin/../lib/gcc/arm-none-eabi/13.2.0/../../../../arm-none-eabi/lib/libg.a(libc_a-init.o)
                0x0201a958                __libc_init_array
 .text.__errno  0x0201a9e8       0x10 /opt/devkitpro/devkitARM/bin/../lib/gcc/arm-none-eabi/13.2.0/../../../../arm-none-eabi/lib/libg.a(libc_a-errno.o)
                0x0201a9e8                __errno
 .text.lseek    0x0201a9f8       0x3c /opt/devkitpro/devkitARM/bin/../lib/gcc/arm-none-eabi/13.2.0/../../../../arm-none-eabi/lib/libg.a(libc_a-syslseek.o)
                0x0201a9f8                lseek
 .text.open     0x0201aa34       0x40 /opt/devkitpro/devkitARM/bin/../lib/gcc/arm-none-eabi/13.2.0/../../../../arm-none-eabi/lib/libg.a(libc_a-sysopen.o)
                0x0201aa34                open
 .text.read     0x0201aa74       0x2c /opt/devkitpro/devkitARM/bin/../lib/gcc/arm-none-eabi/13.2.0/../../../../arm-none-eabi/lib/libg.a(libc_a-sysread.o)
                0x0201aa74                read
 .text.stat     0x0201aaa0       0x24 /opt/devkitpro/devkitARM/bin/../lib/gcc/arm-none-eabi/13.2.0/../../../../arm-none-eabi/lib/libg.a(libc_a-sysstat.o)
                0x0201aaa0                stat
 .text.frexp    0x0201aac4       0xa4 /opt/devkitpro/devkitARM/bin/../lib/gcc/arm-none-eabi/13.2.0/../../../../arm-none-eabi/lib/libg.a(libm_a-s_frexp.o)
                0x0201aac4                frexp
 .text._strtoll_l.isra.0
                0x0201ab68      0x23c /opt/devkitpro/devkitARM/bin/../lib/gcc/arm-none-eabi/13.2.0/../../../../arm-none-eabi/lib/libg.a(libc_a-strtoll.o)
 .text._strtoll_r
                0x0201ada4       0x30 /opt/devkitpro/devkitARM/bin/../lib/gcc/arm-none-eabi/13.2.0/../../../../arm-none-eabi/lib/libg.a(libc_a-strtoll.o)
                0x0201ada4                _strtoll_r
 .text._strtoull_l.isra.0
                0x0201add4      0x260 /opt/devkitpro/devkitARM/bin/../lib/gcc/arm-none-eabi/13.2.0/../../../../arm-none-eabi/lib/libg.a(libc_a-strtoull.o)
 .text._strtoull_r
                0x0201b034       0x30 /opt/devkitpro/devkitARM/bin/../lib/gcc/arm-none-eabi/13.2.0/../../../../arm-none-eabi/lib/libg.a(libc_a-strtoull.o)
                0x0201b034                _strtoull_r
 .text.towctrans_l
                0x0201b064      0x244 /opt/devkitpro/devkitARM/bin/../lib/gcc/arm-none-eabi/13.2.0/../../../../arm-none-eabi/lib/libg.a(libc_a-towctrans_l.o)
                0x0201b064                towctrans_l
 .text.iswspace
                0x0201b2a8       0x14 /opt/devkitpro/devkitARM/bin/../lib/gcc/arm-none-eabi/13.2.0/../../../../arm-none-eabi/lib/libg.a(libc_a-iswspace.o)
                0x0201b2a8                iswspace
 .text.__smakebuf_r
                0x0201b2bc      0x138 /opt/devkitpro/devkitARM/bin/../lib/gcc/arm-none-eabi/13.2.0/../../../../arm-none-eabi/lib/libg.a(libc_a-makebuf.o)
                0x0201b2bc                __smakebuf_r
 .text.__swhatbuf_r
                0x0201b3f4       0x80 /opt/devkitpro/devkitARM/bin/../lib/gcc/arm-none-eabi/13.2.0/../../../../arm-none-eabi/lib/libg.a(libc_a-makebuf.o)
                0x0201b3f4                __swhatbuf_r
 .text.iswspace_l
                0x0201b474       0x40 /opt/devkitpro/devkitARM/bin/../lib/gcc/arm-none-eabi/13.2.0/../../../../arm-none-eabi/lib/libg.a(libc_a-iswspace_l.o)
                0x0201b474                iswspace_l
 .text._mbsnrtowcs_r
                0x0201b4b4      0x104 /opt/devkitpro/devkitARM/bin/../lib/gcc/arm-none-eabi/13.2.0/../../../../arm-none-eabi/lib/libg.a(libc_a-mbsnrtowcs.o)
                0x0201b4b4                _mbsnrtowcs_r
 .text._wcsrtombs_r
                0x0201b5b8       0x2c /opt/devkitpro/devkitARM/bin/../lib/gcc/arm-none-eabi/13.2.0/../../../../arm-none-eabi/lib/libg.a(libc_a-wcsrtombs.o)
                0x0201b5b8                _wcsrtombs_r
 .text.__sccl   0x0201b5e4       0xe4 /opt/devkitpro/devkitARM/bin/../lib/gcc/arm-none-eabi/13.2.0/../../../../arm-none-eabi/lib/libg.a(libc_a-sccl.o)
                0x0201b5e4                __sccl
 .text.lflush   0x0201b6c8       0x3c /opt/devkitpro/devkitARM/bin/../lib/gcc/arm-none-eabi/13.2.0/../../../../arm-none-eabi/lib/libg.a(libc_a-refill.o)
 .text.__srefill_r
                0x0201b704      0x19c /opt/devkitpro/devkitARM/bin/../lib/gcc/arm-none-eabi/13.2.0/../../../../arm-none-eabi/lib/libg.a(libc_a-refill.o)
                0x0201b704                __srefill_r
 .text.__submore
                0x0201b8a0       0xa8 /opt/devkitpro/devkitARM/bin/../lib/gcc/arm-none-eabi/13.2.0/../../../../arm-none-eabi/lib/libg.a(libc_a-ungetc.o)
                0x0201b8a0                __submore
 .text.__sread  0x0201b948       0x4c /opt/devkitpro/devkitARM/bin/../lib/gcc/arm-none-eabi/13.2.0/../../../../arm-none-eabi/lib/libg.a(libc_a-stdio.o)
                0x0201b948                __sread
 .text.__seofread
                0x0201b994        0x8 /opt/devkitpro/devkitARM/bin/../lib/gcc/arm-none-eabi/13.2.0/../../../../arm-none-eabi/lib/libg.a(libc_a-stdio.o)
                0x0201b994                __seofread
 .text.__swrite
                0x0201b99c       0x6c /opt/devkitpro/devkitARM/bin/../lib/gcc/arm-none-eabi/13.2.0/../../../../arm-none-eabi/lib/libg.a(libc_a-stdio.o)
                0x0201b99c                __swrite
 .text.__sseek  0x0201ba08       0x48 /opt/devkitpro/devkitARM/bin/../lib/gcc/arm-none-eabi/13.2.0/../../../../arm-none-eabi/lib/libg.a(libc_a-stdio.o)
                0x0201ba08                __sseek
 .text.__sclose
                0x0201ba50       0x14 /opt/devkitpro/devkitARM/bin/../lib/gcc/arm-none-eabi/13.2.0/../../../../arm-none-eabi/lib/libg.a(libc_a-stdio.o)
                0x0201ba50                __sclose
 .text.category
                0x0201ba64       0x98 /opt/devkitpro/devkitARM/bin/../lib/gcc/arm-none-eabi/13.2.0/../../../../arm-none-eabi/lib/libg.a(libc_a-categories.o)
                0x0201ba64                category
 .text.get_arg  0x0201bafc      0x654 /opt/devkitpro/devkitARM/bin/../lib/gcc/arm-none-eabi/13.2.0/../../../../arm-none-eabi/lib/libg.a(libc_a-vfiprintf.o)
 .text.__sprint_r
                0x0201c150       0x34 /opt/devkitpro/devkitARM/bin/../lib/gcc/arm-none-eabi/13.2.0/../../../../arm-none-eabi/lib/libg.a(libc_a-vfiprintf.o)
                0x0201c150                __sprint_r
 .text._vfiprintf_r
                0x0201c184     0x2334 /opt/devkitpro/devkitARM/bin/../lib/gcc/arm-none-eabi/13.2.0/../../../../arm-none-eabi/lib/libg.a(libc_a-vfiprintf.o)
                0x0201c184                _vfiprintf_r
 .text.__sbprintf
                0x0201e4b8       0xbc /opt/devkitpro/devkitARM/bin/../lib/gcc/arm-none-eabi/13.2.0/../../../../arm-none-eabi/lib/libg.a(libc_a-vfiprintf.o)
 .text.__ssprint_r
                0x0201e574      0x190 /opt/devkitpro/devkitARM/bin/../lib/gcc/arm-none-eabi/13.2.0/../../../../arm-none-eabi/lib/libg.a(libc_a-svfiprintf.o)
                0x0201e574                __ssprint_r
 .text.div      0x0201e704       0x2c /opt/devkitpro/devkitARM/bin/../lib/gcc/arm-none-eabi/13.2.0/../../../../arm-none-eabi/lib/libg.a(libc_a-div.o)
                0x0201e704                div
 .text.__swsetup_r
                0x0201e730      0x144 /opt/devkitpro/devkitARM/bin/../lib/gcc/arm-none-eabi/13.2.0/../../../../arm-none-eabi/lib/libg.a(libc_a-wsetup.o)
                0x0201e730                __swsetup_r
 .text.quorem   0x0201e874      0x1d8 /opt/devkitpro/devkitARM/bin/../lib/gcc/arm-none-eabi/13.2.0/../../../../arm-none-eabi/lib/libg.a(libc_a-dtoa.o)
 *fill*         0x0201ea4c        0x4 ff
 .text._dtoa_r  0x0201ea50     0x16cc /opt/devkitpro/devkitARM/bin/../lib/gcc/arm-none-eabi/13.2.0/../../../../arm-none-eabi/lib/libg.a(libc_a-dtoa.o)
                0x0201ea50                _dtoa_r
 .text._fseeko_r
                0x0202011c      0x5a4 /opt/devkitpro/devkitARM/bin/../lib/gcc/arm-none-eabi/13.2.0/../../../../arm-none-eabi/lib/libg.a(libc_a-fseeko.o)
                0x0202011c                _fseeko_r
 .text._findenv_r
                0x020206c0       0xd0 /opt/devkitpro/devkitARM/bin/../lib/gcc/arm-none-eabi/13.2.0/../../../../arm-none-eabi/lib/libg.a(libc_a-getenv_r.o)
                0x020206c0                _findenv_r
 .text._getenv_r
                0x02020790       0x1c /opt/devkitpro/devkitARM/bin/../lib/gcc/arm-none-eabi/13.2.0/../../../../arm-none-eabi/lib/libg.a(libc_a-getenv_r.o)
                0x02020790                _getenv_r
 .text._ftello_r
                0x020207ac      0x1c0 /opt/devkitpro/devkitARM/bin/../lib/gcc/arm-none-eabi/13.2.0/../../../../arm-none-eabi/lib/libg.a(libc_a-ftello.o)
                0x020207ac                _ftello_r
 .text.__sflags
                0x0202096c       0xbc /opt/devkitpro/devkitARM/bin/../lib/gcc/arm-none-eabi/13.2.0/../../../../arm-none-eabi/lib/libg.a(libc_a-flags.o)
                0x0202096c                __sflags
 .text._Balloc  0x02020a28       0x8c /opt/devkitpro/devkitARM/bin/../lib/gcc/arm-none-eabi/13.2.0/../../../../arm-none-eabi/lib/libg.a(libc_a-mprec.o)
                0x02020a28                _Balloc
 .text._Bfree   0x02020ab4       0x1c /opt/devkitpro/devkitARM/bin/../lib/gcc/arm-none-eabi/13.2.0/../../../../arm-none-eabi/lib/libg.a(libc_a-mprec.o)
                0x02020ab4                _Bfree
 .text.__multadd
                0x02020ad0      0x100 /opt/devkitpro/devkitARM/bin/../lib/gcc/arm-none-eabi/13.2.0/../../../../arm-none-eabi/lib/libg.a(libc_a-mprec.o)
                0x02020ad0                __multadd
 .text.__hi0bits
                0x02020bd0       0x60 /opt/devkitpro/devkitARM/bin/../lib/gcc/arm-none-eabi/13.2.0/../../../../arm-none-eabi/lib/libg.a(libc_a-mprec.o)
                0x02020bd0                __hi0bits
 .text.__lo0bits
                0x02020c30       0xa0 /opt/devkitpro/devkitARM/bin/../lib/gcc/arm-none-eabi/13.2.0/../../../../arm-none-eabi/lib/libg.a(libc_a-mprec.o)
                0x02020c30                __lo0bits
 .text.__i2b    0x02020cd0       0xac /opt/devkitpro/devkitARM/bin/../lib/gcc/arm-none-eabi/13.2.0/../../../../arm-none-eabi/lib/libg.a(libc_a-mprec.o)
                0x02020cd0                __i2b
 .text.__multiply
                0x02020d7c      0x218 /opt/devkitpro/devkitARM/bin/../lib/gcc/arm-none-eabi/13.2.0/../../../../arm-none-eabi/lib/libg.a(libc_a-mprec.o)
                0x02020d7c                __multiply
 .text.__pow5mult
                0x02020f94      0x12c /opt/devkitpro/devkitARM/bin/../lib/gcc/arm-none-eabi/13.2.0/../../../../arm-none-eabi/lib/libg.a(libc_a-mprec.o)
                0x02020f94                __pow5mult
 .text.__lshift
                0x020210c0      0x144 /opt/devkitpro/devkitARM/bin/../lib/gcc/arm-none-eabi/13.2.0/../../../../arm-none-eabi/lib/libg.a(libc_a-mprec.o)
                0x020210c0                __lshift
 .text.__mcmp   0x02021204       0x54 /opt/devkitpro/devkitARM/bin/../lib/gcc/arm-none-eabi/13.2.0/../../../../arm-none-eabi/lib/libg.a(libc_a-mprec.o)
                0x02021204                __mcmp
 .text.__mdiff  0x02021258      0x214 /opt/devkitpro/devkitARM/bin/../lib/gcc/arm-none-eabi/13.2.0/../../../../arm-none-eabi/lib/libg.a(libc_a-mprec.o)
                0x02021258                __mdiff
 .text.__d2b    0x0202146c      0x128 /opt/devkitpro/devkitARM/bin/../lib/gcc/arm-none-eabi/13.2.0/../../../../arm-none-eabi/lib/libg.a(libc_a-mprec.o)
                0x0202146c                __d2b
 .text.__sfvwrite_r
                0x02021594      0x4c8 /opt/devkitpro/devkitARM/bin/../lib/gcc/arm-none-eabi/13.2.0/../../../../arm-none-eabi/lib/libg.a(libc_a-fvwrite.o)
                0x02021594                __sfvwrite_r
 .text.gmtime_r
                0x02021a5c      0x26c /opt/devkitpro/devkitARM/bin/../lib/gcc/arm-none-eabi/13.2.0/../../../../arm-none-eabi/lib/libg.a(libc_a-gmtime_r.o)
                0x02021a5c                gmtime_r
 .text._realloc_r
                0x02021cc8      0x4b8 /opt/devkitpro/devkitARM/bin/../lib/gcc/arm-none-eabi/13.2.0/../../../../arm-none-eabi/lib/libg.a(libc_a-reallocr.o)
                0x02021cc8                _realloc_r
 .text.__tz_lock
                0x02022180       0x18 /opt/devkitpro/devkitARM/bin/../lib/gcc/arm-none-eabi/13.2.0/../../../../arm-none-eabi/lib/libg.a(libc_a-tzlock.o)
                0x02022180                __tz_lock
 .text.__tz_unlock
                0x02022198       0x18 /opt/devkitpro/devkitARM/bin/../lib/gcc/arm-none-eabi/13.2.0/../../../../arm-none-eabi/lib/libg.a(libc_a-tzlock.o)
                0x02022198                __tz_unlock
 .text.__utf8_mbtowc
                0x020221b0      0x308 /opt/devkitpro/devkitARM/bin/../lib/gcc/arm-none-eabi/13.2.0/../../../../arm-none-eabi/lib/libg.a(libc_a-mbtowc_r.o)
                0x020221b0                __utf8_mbtowc
 .text._wcsnrtombs_l
                0x020224b8      0x198 /opt/devkitpro/devkitARM/bin/../lib/gcc/arm-none-eabi/13.2.0/../../../../arm-none-eabi/lib/libg.a(libc_a-wcsnrtombs.o)
                0x020224b8                _wcsnrtombs_l
 .text._wcsnrtombs_r
                0x02022650       0x68 /opt/devkitpro/devkitARM/bin/../lib/gcc/arm-none-eabi/13.2.0/../../../../arm-none-eabi/lib/libg.a(libc_a-wcsnrtombs.o)
                0x02022650                _wcsnrtombs_r
 .text.__env_lock
                0x020226b8       0x18 /opt/devkitpro/devkitARM/bin/../lib/gcc/arm-none-eabi/13.2.0/../../../../arm-none-eabi/lib/libg.a(libc_a-envlock.o)
                0x020226b8                __env_lock
 .text.__env_unlock
                0x020226d0       0x18 /opt/devkitpro/devkitARM/bin/../lib/gcc/arm-none-eabi/13.2.0/../../../../arm-none-eabi/lib/libg.a(libc_a-envlock.o)
                0x020226d0                __env_unlock
 .text.__assert_func
                0x020226e8       0x5c /opt/devkitpro/devkitARM/bin/../lib/gcc/arm-none-eabi/13.2.0/../../../../arm-none-eabi/lib/libg.a(libc_a-assert.o)
                0x020226e8                __assert_func
 .text.fiprintf
                0x02022744       0x3c /opt/devkitpro/devkitARM/bin/../lib/gcc/arm-none-eabi/13.2.0/../../../../arm-none-eabi/lib/libg.a(libc_a-fiprintf.o)
                0x02022744                fiprintf
 .text.abort    0x02022780       0x14 /opt/devkitpro/devkitARM/bin/../lib/gcc/arm-none-eabi/13.2.0/../../../../arm-none-eabi/lib/libg.a(libc_a-abort.o)
                0x02022780                abort
 .text._raise_r
                0x02022794       0x94 /opt/devkitpro/devkitARM/bin/../lib/gcc/arm-none-eabi/13.2.0/../../../../arm-none-eabi/lib/libg.a(libc_a-signal.o)
                0x02022794                _raise_r
 .text.raise    0x02022828       0x18 /opt/devkitpro/devkitARM/bin/../lib/gcc/arm-none-eabi/13.2.0/../../../../arm-none-eabi/lib/libg.a(libc_a-signal.o)
                0x02022828                raise
 .text._exit    0x02022840       0x20 /opt/devkitpro/devkitARM/bin/../lib/gcc/arm-none-eabi/13.2.0/../../../../arm-none-eabi/lib/libsysbase.a(libsysbase_libsysbase_a-_exit.o)
                0x02022840                _exit
 .text.build_argv
                0x02022860       0x90 /opt/devkitpro/devkitARM/bin/../lib/gcc/arm-none-eabi/13.2.0/../../../../arm-none-eabi/lib/libsysbase.a(libsysbase_libsysbase_a-build_argv.o)
                0x02022860                build_argv
 .text.chdir    0x020228f0      0x144 /opt/devkitpro/devkitARM/bin/../lib/gcc/arm-none-eabi/13.2.0/../../../../arm-none-eabi/lib/libsysbase.a(libsysbase_libsysbase_a-chdir.o)
                0x020228f0                chdir
 .text.getcwd   0x02022a34       0x8c /opt/devkitpro/devkitARM/bin/../lib/gcc/arm-none-eabi/13.2.0/../../../../arm-none-eabi/lib/libsysbase.a(libsysbase_libsysbase_a-chdir.o)
                0x02022a34                getcwd
 .text._concatenate_path
                0x02022ac0      0x1d4 /opt/devkitpro/devkitARM/bin/../lib/gcc/arm-none-eabi/13.2.0/../../../../arm-none-eabi/lib/libsysbase.a(libsysbase_libsysbase_a-concatenate.o)
                0x02022ac0                _concatenate_path
 .text._fstat_r
                0x02022c94       0x7c /opt/devkitpro/devkitARM/bin/../lib/gcc/arm-none-eabi/13.2.0/../../../../arm-none-eabi/lib/libsysbase.a(libsysbase_libsysbase_a-fstat.o)
                0x02022c94                _fstat_r
 .text._getpid_r
                0x02022d10       0x14 /opt/devkitpro/devkitARM/bin/../lib/gcc/arm-none-eabi/13.2.0/../../../../arm-none-eabi/lib/libsysbase.a(libsysbase_libsysbase_a-getpid.o)
                0x02022d10                _getpid_r
 .text.__getreent
                0x02022d24       0x30 /opt/devkitpro/devkitARM/bin/../lib/gcc/arm-none-eabi/13.2.0/../../../../arm-none-eabi/lib/libsysbase.a(libsysbase_libsysbase_a-getreent.o)
                0x02022d24                __getreent
 .text._gettimeofday_r
                0x02022d54       0x34 /opt/devkitpro/devkitARM/bin/../lib/gcc/arm-none-eabi/13.2.0/../../../../arm-none-eabi/lib/libsysbase.a(libsysbase_libsysbase_a-gettod.o)
                0x02022d54                _gettimeofday_r
 .text.__release_handle
                0x02022d88       0x90 /opt/devkitpro/devkitARM/bin/../lib/gcc/arm-none-eabi/13.2.0/../../../../arm-none-eabi/lib/libsysbase.a(libsysbase_libsysbase_a-handle_manager.o)
                0x02022d88                __release_handle
 .text.__alloc_handle
                0x02022e18       0xb4 /opt/devkitpro/devkitARM/bin/../lib/gcc/arm-none-eabi/13.2.0/../../../../arm-none-eabi/lib/libsysbase.a(libsysbase_libsysbase_a-handle_manager.o)
                0x02022e18                __alloc_handle
 .text.__get_handle
                0x02022ecc       0x40 /opt/devkitpro/devkitARM/bin/../lib/gcc/arm-none-eabi/13.2.0/../../../../arm-none-eabi/lib/libsysbase.a(libsysbase_libsysbase_a-handle_manager.o)
                0x02022ecc                __get_handle
 .text._close_r
                0x02022f0c       0xfc /opt/devkitpro/devkitARM/bin/../lib/gcc/arm-none-eabi/13.2.0/../../../../arm-none-eabi/lib/libsysbase.a(libsysbase_libsysbase_a-handle_manager.o)
                0x02022f0c                _close_r
 .text.null_write
                0x02023008        0x8 /opt/devkitpro/devkitARM/bin/../lib/gcc/arm-none-eabi/13.2.0/../../../../arm-none-eabi/lib/libsysbase.a(libsysbase_libsysbase_a-iosupport.o)
 .text.setDefaultDevice
                0x02023010       0x18 /opt/devkitpro/devkitARM/bin/../lib/gcc/arm-none-eabi/13.2.0/../../../../arm-none-eabi/lib/libsysbase.a(libsysbase_libsysbase_a-iosupport.o)
                0x02023010                setDefaultDevice
 .text.FindDevice
                0x02023028       0xd4 /opt/devkitpro/devkitARM/bin/../lib/gcc/arm-none-eabi/13.2.0/../../../../arm-none-eabi/lib/libsysbase.a(libsysbase_libsysbase_a-iosupport.o)
                0x02023028                FindDevice
 .text.AddDevice
                0x020230fc       0xa4 /opt/devkitpro/devkitARM/bin/../lib/gcc/arm-none-eabi/13.2.0/../../../../arm-none-eabi/lib/libsysbase.a(libsysbase_libsysbase_a-iosupport.o)
                0x020230fc                AddDevice
 .text.GetDeviceOpTab
                0x020231a0       0x24 /opt/devkitpro/devkitARM/bin/../lib/gcc/arm-none-eabi/13.2.0/../../../../arm-none-eabi/lib/libsysbase.a(libsysbase_libsysbase_a-iosupport.o)
                0x020231a0                GetDeviceOpTab
 .text._isatty_r
                0x020231c4        0x8 /opt/devkitpro/devkitARM/bin/../lib/gcc/arm-none-eabi/13.2.0/../../../../arm-none-eabi/lib/libsysbase.a(libsysbase_libsysbase_a-isatty.o)
                0x020231c4                _isatty_r
 .text._kill_r  0x020231cc       0x14 /opt/devkitpro/devkitARM/bin/../lib/gcc/arm-none-eabi/13.2.0/../../../../arm-none-eabi/lib/libsysbase.a(libsysbase_libsysbase_a-kill.o)
                0x020231cc                _kill_r
 .text._lseek_r
                0x020231e0       0x88 /opt/devkitpro/devkitARM/bin/../lib/gcc/arm-none-eabi/13.2.0/../../../../arm-none-eabi/lib/libsysbase.a(libsysbase_libsysbase_a-lseek.o)
                0x020231e0                _lseek_r
 .text._open_r  0x02023268       0xc4 /opt/devkitpro/devkitARM/bin/../lib/gcc/arm-none-eabi/13.2.0/../../../../arm-none-eabi/lib/libsysbase.a(libsysbase_libsysbase_a-open.o)
                0x02023268                _open_r
 .text._read_r  0x0202332c       0x84 /opt/devkitpro/devkitARM/bin/../lib/gcc/arm-none-eabi/13.2.0/../../../../arm-none-eabi/lib/libsysbase.a(libsysbase_libsysbase_a-read.o)
                0x0202332c                _read_r
 .text._sbrk_r  0x020233b0       0x7c /opt/devkitpro/devkitARM/bin/../lib/gcc/arm-none-eabi/13.2.0/../../../../arm-none-eabi/lib/libsysbase.a(libsysbase_libsysbase_a-sbrk.o)
                0x020233b0                _sbrk_r
 .text._stat_r  0x0202342c       0x74 /opt/devkitpro/devkitARM/bin/../lib/gcc/arm-none-eabi/13.2.0/../../../../arm-none-eabi/lib/libsysbase.a(libsysbase_libsysbase_a-stat.o)
                0x0202342c                _stat_r
 .text.__libc_lock_acquire
                0x020234a0       0x20 /opt/devkitpro/devkitARM/bin/../lib/gcc/arm-none-eabi/13.2.0/../../../../arm-none-eabi/lib/libsysbase.a(libsysbase_libsysbase_a-syscall_support.o)
                0x020234a0                __libc_lock_acquire
 .text.__libc_lock_release
                0x020234c0       0x20 /opt/devkitpro/devkitARM/bin/../lib/gcc/arm-none-eabi/13.2.0/../../../../arm-none-eabi/lib/libsysbase.a(libsysbase_libsysbase_a-syscall_support.o)
                0x020234c0                __libc_lock_release
 .text.__libc_lock_acquire_recursive
                0x020234e0       0x20 /opt/devkitpro/devkitARM/bin/../lib/gcc/arm-none-eabi/13.2.0/../../../../arm-none-eabi/lib/libsysbase.a(libsysbase_libsysbase_a-syscall_support.o)
                0x020234e0                __libc_lock_acquire_recursive
 .text.__libc_lock_release_recursive
                0x02023500       0x20 /opt/devkitpro/devkitARM/bin/../lib/gcc/arm-none-eabi/13.2.0/../../../../arm-none-eabi/lib/libsysbase.a(libsysbase_libsysbase_a-syscall_support.o)
                0x02023500                __libc_lock_release_recursive
 .text._write_r
                0x02023520       0x84 /opt/devkitpro/devkitARM/bin/../lib/gcc/arm-none-eabi/13.2.0/../../../../arm-none-eabi/lib/libsysbase.a(libsysbase_libsysbase_a-write.o)
                0x02023520                _write_r
 *fill*         0x020235a4        0x4 ff
 .text._write_r.__stub
                0x020235a8      0x2fc linker stubs
 *(EXCLUDE_FILE(*.twl*) .gnu.warning)
 *(EXCLUDE_FILE(*.twl*) .gnu.linkonce.t*)
 *(.glue_7)
 .glue_7        0x020238f8        0x0 linker stubs
 *(.glue_7t)
 .glue_7t       0x020238f8        0x0 linker stubs
                0x020238f8                        . = ALIGN (0x4)

.vfp11_veneer   0x020238f8        0x0
 .vfp11_veneer  0x020238f8        0x0 linker stubs

.v4_bx          0x020238f8        0x0
 .v4_bx         0x020238f8        0x0 linker stubs

.iplt           0x020238f8        0x0
 .iplt          0x020238f8        0x0 /opt/devkitpro/devkitARM/bin/../lib/gcc/arm-none-eabi/13.2.0/../../../../arm-none-eabi/lib/ds_arm9_crt0.o

.fini           0x020238f8       0x18
 *(.fini)
 .fini          0x020238f8        0xc /opt/devkitpro/devkitARM/bin/../lib/gcc/arm-none-eabi/13.2.0/crti.o
                0x020238f8                _fini
 .fini          0x02023904        0xc /opt/devkitpro/devkitARM/bin/../lib/gcc/arm-none-eabi/13.2.0/crtn.o
                0x02023910                        __text_end = .

.rodata         0x02023910     0x68a0
 *(EXCLUDE_FILE(*.twl*) .rodata)
 .rodata        0x02023910       0x50 /opt/devkitpro/nflib/lib/libnflib.a(nf_basic.o)
 .rodata        0x02023960       0x90 /opt/devkitpro/nflib/lib/libnflib.a(nf_sprite256.o)
 *all.rodata*(*)
 *(EXCLUDE_FILE(*.twl*) .roda)
 *(EXCLUDE_FILE(*.twl*) .rodata.*)
 .rodata.str1.4
                0x020239f0      0x9ac main.o
                                 0x64 (size before relaxing)
 .rodata.str1.4
                0x0202439c       0x27 /opt/devkitpro/nflib/lib/libnflib.a(nf_2d.o)
 .rodata.str1.4
                0x0202439c      0x667 /opt/devkitpro/nflib/lib/libnflib.a(nf_basic.o)
 .rodata.str1.4
                0x0202439c       0x87 /opt/devkitpro/nflib/lib/libnflib.a(nf_sprite256.o)
 .rodata.str1.4
                0x0202439c       0x70 /opt/devkitpro/nflib/lib/libnflib.a(nf_tiledbg.o)
 .rodata.nitroFSInit.str1.4
                0x0202439c        0x8 /opt/devkitpro/libnds/lib/libfilesystem.a(nitrofs.o)
 .rodata.str1.4
                0x0202439c        0xe /opt/devkitpro/libnds/lib/libfilesystem.a(nitrofs.o)
 .rodata.fatMount.part.0.str1.4
                0x0202439c        0x2 /opt/devkitpro/libnds/lib/libfat.a(libfat.o)
 .rodata.fatInit.str1.4
                0x0202439c        0x3 /opt/devkitpro/libnds/lib/libfat.a(libfat.o)
 .rodata.str1.4
                0x0202439c        0x4 /opt/devkitpro/libnds/lib/libfat.a(libfat.o)
 .rodata.dotab_fat
                0x0202439c       0x70 /opt/devkitpro/libnds/lib/libfat.a(libfat.o)
 .rodata.str1.4
                0x0202440c        0x8 /opt/devkitpro/libnds/lib/libfat.a(disc.o)
 .rodata._FAT_disc_interfaces
                0x0202440c       0x18 /opt/devkitpro/libnds/lib/libfat.a(disc.o)
                0x0202440c                _FAT_disc_interfaces
 .rodata._FAT_directory_entryFromPath.str1.4
                0x02024424        0x7 /opt/devkitpro/libnds/lib/libfat.a(directory.o)
 .rodata.ILLEGAL_ALIAS_CHARACTERS
                0x02024424       0x12 /opt/devkitpro/libnds/lib/libfat.a(directory.o)
 *fill*         0x02024436        0x2 ff
 .rodata.ILLEGAL_LFN_CHARACTERS
                0x02024438        0xa /opt/devkitpro/libnds/lib/libfat.a(directory.o)
 *fill*         0x02024442        0x2 ff
 .rodata.LFN_offset_table
                0x02024444       0x34 /opt/devkitpro/libnds/lib/libfat.a(directory.o)
 .rodata.FAT_SIG
                0x02024478        0x3 /opt/devkitpro/libnds/lib/libfat.a(partition.o)
 *fill*         0x0202447b        0x1 ff
 .rodata.FS_TWL_SIG
                0x0202447c        0x8 /opt/devkitpro/libnds/lib/libfat.a(partition.o)
 .rodata.con_write.str1.4
                0x02024484       0x30 /opt/devkitpro/libnds/lib/libnds9.a(console.o)
 .rodata.con_write
                0x02024484       0xd4 /opt/devkitpro/libnds/lib/libnds9.a(console.o)
 .rodata.str1.4
                0x02024558       0x14 /opt/devkitpro/libnds/lib/libnds9.a(console.o)
 .rodata.dotab_stdout
                0x02024558       0x70 /opt/devkitpro/libnds/lib/libnds9.a(console.o)
 .rodata.default_font_bin
                0x020245c8     0x2000 /opt/devkitpro/libnds/lib/libnds9.a(default_font.bin.o)
                0x020245c8                default_font_bin
                0x020265c8                default_font_bin_end
 .rodata.SIN_LUT
                0x020265c8      0x102 /opt/devkitpro/libnds/lib/libnds9.a(trig.o)
                0x020265c8                SIN_LUT
 .rodata._mbrtowc_r.str1.4
                0x020266ca        0x1 /opt/devkitpro/devkitARM/bin/../lib/gcc/arm-none-eabi/13.2.0/../../../../arm-none-eabi/lib/libg.a(libc_a-mbrtowc.o)
 *fill*         0x020266ca        0x2 ff
 .rodata._ctype_
                0x020266cc      0x101 /opt/devkitpro/devkitARM/bin/../lib/gcc/arm-none-eabi/13.2.0/../../../../arm-none-eabi/lib/libg.a(libc_a-ctype_.o)
                0x020266cc                _ctype_
 *fill*         0x020267cd        0x3 ff
 .rodata.basefix.0
                0x020267d0       0x22 /opt/devkitpro/devkitARM/bin/../lib/gcc/arm-none-eabi/13.2.0/../../../../arm-none-eabi/lib/libg.a(libc_a-svfiscanf.o)
 .rodata._svfprintf_r.str1.1
                0x020267f2       0x3b /opt/devkitpro/devkitARM/bin/../lib/gcc/arm-none-eabi/13.2.0/../../../../arm-none-eabi/lib/libg.a(libc_a-svfprintf.o)
 *fill*         0x0202682d        0x3 ff
 .rodata.zeroes.0
                0x02026830       0x10 /opt/devkitpro/devkitARM/bin/../lib/gcc/arm-none-eabi/13.2.0/../../../../arm-none-eabi/lib/libg.a(libc_a-svfprintf.o)
 .rodata.blanks.1
                0x02026840       0x10 /opt/devkitpro/devkitARM/bin/../lib/gcc/arm-none-eabi/13.2.0/../../../../arm-none-eabi/lib/libg.a(libc_a-svfprintf.o)
 .rodata._DAYS_BEFORE_MONTH
                0x02026850       0x30 /opt/devkitpro/devkitARM/bin/../lib/gcc/arm-none-eabi/13.2.0/../../../../arm-none-eabi/lib/libg.a(libc_a-mktime.o)
 .rodata.DAYS_IN_MONTH
                0x02026880       0x30 /opt/devkitpro/devkitARM/bin/../lib/gcc/arm-none-eabi/13.2.0/../../../../arm-none-eabi/lib/libg.a(libc_a-mktime.o)
 .rodata._tzset_unlocked_r.str1.4
                0x020268b0       0x6b /opt/devkitpro/devkitARM/bin/../lib/gcc/arm-none-eabi/13.2.0/../../../../arm-none-eabi/lib/libg.a(libc_a-tzset_r.o)
 .rodata.__month_lengths
                0x020268b0       0x60 /opt/devkitpro/devkitARM/bin/../lib/gcc/arm-none-eabi/13.2.0/../../../../arm-none-eabi/lib/libg.a(libc_a-month_lengths.o)
                0x020268b0                __month_lengths
 .rodata.str1.4
                0x02026910        0x4 /opt/devkitpro/devkitARM/bin/../lib/gcc/arm-none-eabi/13.2.0/../../../../arm-none-eabi/lib/libg.a(libc_a-tzvars.o)
 .rodata.str1.4
                0x02026910       0x4c /opt/devkitpro/devkitARM/bin/../lib/gcc/arm-none-eabi/13.2.0/../../../../arm-none-eabi/lib/libg.a(libc_a-locale.o)
 .rodata.categories
                0x02026910     0x3528 /opt/devkitpro/devkitARM/bin/../lib/gcc/arm-none-eabi/13.2.0/../../../../arm-none-eabi/lib/libg.a(libc_a-categories.o)
 .rodata._vfiprintf_r.str1.1
                0x02029e38       0x29 /opt/devkitpro/devkitARM/bin/../lib/gcc/arm-none-eabi/13.2.0/../../../../arm-none-eabi/lib/libg.a(libc_a-vfiprintf.o)
 .rodata.zeroes.0
                0x02029e38       0x10 /opt/devkitpro/devkitARM/bin/../lib/gcc/arm-none-eabi/13.2.0/../../../../arm-none-eabi/lib/libg.a(libc_a-vfiprintf.o)
 .rodata.blanks.1
                0x02029e48       0x10 /opt/devkitpro/devkitARM/bin/../lib/gcc/arm-none-eabi/13.2.0/../../../../arm-none-eabi/lib/libg.a(libc_a-vfiprintf.o)
 .rodata.__action_table
                0x02029e58       0x6c /opt/devkitpro/devkitARM/bin/../lib/gcc/arm-none-eabi/13.2.0/../../../../arm-none-eabi/lib/libg.a(libc_a-svfiprintf.o)
                0x02029e58                __action_table
 .rodata.__state_table
                0x02029ec4       0x6c /opt/devkitpro/devkitARM/bin/../lib/gcc/arm-none-eabi/13.2.0/../../../../arm-none-eabi/lib/libg.a(libc_a-svfiprintf.o)
                0x02029ec4                __state_table
 .rodata.__chclass
                0x02029f30      0x100 /opt/devkitpro/devkitARM/bin/../lib/gcc/arm-none-eabi/13.2.0/../../../../arm-none-eabi/lib/libg.a(libc_a-svfiprintf.o)
                0x02029f30                __chclass
 .rodata._dtoa_r.str1.4
                0x0202a030       0x64 /opt/devkitpro/devkitARM/bin/../lib/gcc/arm-none-eabi/13.2.0/../../../../arm-none-eabi/lib/libg.a(libc_a-dtoa.o)
 .rodata.__multadd.str1.4
                0x0202a030       0x51 /opt/devkitpro/devkitARM/bin/../lib/gcc/arm-none-eabi/13.2.0/../../../../arm-none-eabi/lib/libg.a(libc_a-mprec.o)
 .rodata.p05.0  0x0202a030        0xc /opt/devkitpro/devkitARM/bin/../lib/gcc/arm-none-eabi/13.2.0/../../../../arm-none-eabi/lib/libg.a(libc_a-mprec.o)
 *fill*         0x0202a03c        0x4 ff
 .rodata.__mprec_bigtens
                0x0202a040       0x28 /opt/devkitpro/devkitARM/bin/../lib/gcc/arm-none-eabi/13.2.0/../../../../arm-none-eabi/lib/libg.a(libc_a-mprec.o)
                0x0202a040                __mprec_bigtens
 .rodata.__mprec_tens
                0x0202a068       0xc8 /opt/devkitpro/devkitARM/bin/../lib/gcc/arm-none-eabi/13.2.0/../../../../arm-none-eabi/lib/libg.a(libc_a-mprec.o)
                0x0202a068                __mprec_tens
 .rodata.__assert_func.str1.4
                0x0202a130       0x43 /opt/devkitpro/devkitARM/bin/../lib/gcc/arm-none-eabi/13.2.0/../../../../arm-none-eabi/lib/libg.a(libc_a-assert.o)
 .rodata.AddDevice.str1.4
                0x0202a130        0x8 /opt/devkitpro/devkitARM/bin/../lib/gcc/arm-none-eabi/13.2.0/../../../../arm-none-eabi/lib/libsysbase.a(libsysbase_libsysbase_a-iosupport.o)
 .rodata.dotab_stdnull
                0x0202a130       0x80 /opt/devkitpro/devkitARM/bin/../lib/gcc/arm-none-eabi/13.2.0/../../../../arm-none-eabi/lib/libsysbase.a(libsysbase_libsysbase_a-iosupport.o)
                0x0202a130                dotab_stdnull
 *(EXCLUDE_FILE(*.twl*) .gnu.linkonce.r*)
                0x0202a1b0                        . = ALIGN (0x4)

.ARM.extab
 *(.ARM.extab* .gnu.linkonce.armextab.*)
                0x0202a1b0                        __exidx_start = .

ARM.exidx
 *(.ARM.exidx* .gnu.linkonce.armexidx.*)
                0x0202a1b0                        __exidx_end = .
                0x0202a1b0                        . = ALIGN (0x4)
                0x0202a1b0                        PROVIDE (__preinit_array_start = .)

.preinit_array
 *(.preinit_array)
                0x0202a1b0                        PROVIDE (__preinit_array_end = .)
                0x0202a1b0                        PROVIDE (__init_array_start = .)

.init_array     0x0202a1b0        0x4
 *(SORT_BY_NAME(.init_array.*))
 *(.init_array)
 .init_array    0x0202a1b0        0x4 /opt/devkitpro/devkitARM/bin/../lib/gcc/arm-none-eabi/13.2.0/crtbegin.o
                0x0202a1b4                        PROVIDE (__init_array_end = .)
                [!provide]                        PROVIDE (__fini_array_start = .)

.fini_array     0x0202a1b4        0x4
 *(.fini_array)
 .fini_array    0x0202a1b4        0x4 /opt/devkitpro/devkitARM/bin/../lib/gcc/arm-none-eabi/13.2.0/crtbegin.o
 *(SORT_BY_NAME(.fini_array.*))
                [!provide]                        PROVIDE (__fini_array_end = .)

.ctors          0x0202a1b8        0x0
 *crtbegin.o(.ctors)
 *(EXCLUDE_FILE(*crtend.o) .ctors)
 *(SORT_BY_NAME(.ctors.*))
 *(.ctors)
                0x0202a1b8                        . = ALIGN (0x4)

.dtors          0x0202a1b8        0x0
 *crtbegin.o(.dtors)
 *(EXCLUDE_FILE(*crtend.o) .dtors)
 *(SORT_BY_NAME(.dtors.*))
 *(.dtors)
                0x0202a1b8                        . = ALIGN (0x4)

.eh_frame       0x0202a1b8        0x4
 *(.eh_frame)
 .eh_frame      0x0202a1b8        0x0 /opt/devkitpro/devkitARM/bin/../lib/gcc/arm-none-eabi/13.2.0/crtbegin.o
 .eh_frame      0x0202a1b8        0x4 /opt/devkitpro/devkitARM/bin/../lib/gcc/arm-none-eabi/13.2.0/crtend.o
                0x0202a1bc                        . = ALIGN (0x4)

.gcc_except_table
                0x0202a1bc        0x0
 *(.gcc_except_table)
                0x0202a1bc                        . = ALIGN (0x4)

.jcr
 *(.jcr)

.got
 *(.got.plt)
 *(.got)
 *(.rel.got)

.ewram          0x0202a1bc        0x0
                0x0202a1bc                        __ewram_start = ABSOLUTE (.)
 *(.ewram)
 *ewram.*(.text)
                0x0202a1bc                        . = ALIGN (0x4)

.data           0x0202a1bc     0x2524
                0x0202a1bc                        __data_start = ABSOLUTE (.)
 *(EXCLUDE_FILE(*.twl*) .data)
 .data          0x0202a1bc       0x28 /opt/devkitpro/libnds/lib/libnds9.a(mpu_setup.o)
 *(EXCLUDE_FILE(*.twl*) .data.*)
 .data.ndsFileFD
                0x0202a1e4        0x4 /opt/devkitpro/libnds/lib/libfilesystem.a(nitrofs.o)
 .data.nitroFSdevoptab
                0x0202a1e8       0x70 /opt/devkitpro/libnds/lib/libfilesystem.a(nitrofs.o)
                0x0202a1e8                nitroFSdevoptab
 .data.syspaths
                0x0202a258        0x8 /opt/devkitpro/libnds/lib/libfilesystem.a(nitrofs.o)
                0x0202a258                syspaths
 .data.currentConsole
                0x0202a260        0x4 /opt/devkitpro/libnds/lib/libnds9.a(console.o)
                0x0202a260                currentConsole
 .data.defaultConsole
                0x0202a264       0x5c /opt/devkitpro/libnds/lib/libnds9.a(console.o)
                0x0202a264                defaultConsole
 .data.firstConsoleInit.0
                0x0202a2c0        0x1 /opt/devkitpro/libnds/lib/libnds9.a(console.o)
 *fill*         0x0202a2c1        0x3 ff
 .data.oamMain  0x0202a2c4       0x18 /opt/devkitpro/libnds/lib/libnds9.a(sprite.o)
                0x0202a2c4                oamMain
 .data.oamSub   0x0202a2dc       0x18 /opt/devkitpro/libnds/lib/libnds9.a(sprite.o)
                0x0202a2dc                oamSub
 .data.count    0x0202a2f4        0x1 /opt/devkitpro/libnds/lib/libnds9.a(keys.o)
 .data.delay    0x0202a2f5        0x1 /opt/devkitpro/libnds/lib/libnds9.a(keys.o)
 .data.repeat   0x0202a2f6        0x1 /opt/devkitpro/libnds/lib/libnds9.a(keys.o)
 *fill*         0x0202a2f7        0x1 ff
 .data.fifo_buffer_free
                0x0202a2f8        0x4 /opt/devkitpro/libnds/lib/libnds9.a(fifosystem.o)
                0x0202a2f8                fifo_buffer_free
 .data.fifo_freewords
                0x0202a2fc        0x4 /opt/devkitpro/libnds/lib/libnds9.a(fifosystem.o)
                0x0202a2fc                fifo_freewords
 .data.fifo_receive_queue
                0x0202a300        0x4 /opt/devkitpro/libnds/lib/libnds9.a(fifosystem.o)
                0x0202a300                fifo_receive_queue
 .data.fifo_send_queue
                0x0202a304        0x4 /opt/devkitpro/libnds/lib/libnds9.a(fifosystem.o)
                0x0202a304                fifo_send_queue
 .data.bgControl
                0x0202a308       0x20 /opt/devkitpro/libnds/lib/libnds9.a(background.o)
                0x0202a308                bgControl
 .data.bgScrollTable
                0x0202a328       0x20 /opt/devkitpro/libnds/lib/libnds9.a(background.o)
                0x0202a328                bgScrollTable
 .data.bgTransform
                0x0202a348       0x20 /opt/devkitpro/libnds/lib/libnds9.a(background.o)
                0x0202a348                bgTransform
 .data.__malloc_sbrk_base
                0x0202a368        0x4 /opt/devkitpro/devkitARM/bin/../lib/gcc/arm-none-eabi/13.2.0/../../../../arm-none-eabi/lib/libg.a(libc_a-mallocr.o)
                0x0202a368                __malloc_sbrk_base
 .data.__malloc_trim_threshold
                0x0202a36c        0x4 /opt/devkitpro/devkitARM/bin/../lib/gcc/arm-none-eabi/13.2.0/../../../../arm-none-eabi/lib/libg.a(libc_a-mallocr.o)
                0x0202a36c                __malloc_trim_threshold
 .data.__malloc_av_
                0x0202a370      0x408 /opt/devkitpro/devkitARM/bin/../lib/gcc/arm-none-eabi/13.2.0/../../../../arm-none-eabi/lib/libg.a(libc_a-mallocr.o)
                0x0202a370                __malloc_av_
 .data.__sglue  0x0202a778        0xc /opt/devkitpro/devkitARM/bin/../lib/gcc/arm-none-eabi/13.2.0/../../../../arm-none-eabi/lib/libg.a(libc_a-findfp.o)
                0x0202a778                __sglue
 .data._tzname  0x0202a784        0x8 /opt/devkitpro/devkitARM/bin/../lib/gcc/arm-none-eabi/13.2.0/../../../../arm-none-eabi/lib/libg.a(libc_a-tzvars.o)
                0x0202a784                _tzname
 *fill*         0x0202a78c        0x4 ff
 .data.tzinfo   0x0202a790       0x58 /opt/devkitpro/devkitARM/bin/../lib/gcc/arm-none-eabi/13.2.0/../../../../arm-none-eabi/lib/libg.a(libc_a-gettzinfo.o)
 .data.__global_locale
                0x0202a7e8      0x16c /opt/devkitpro/devkitARM/bin/../lib/gcc/arm-none-eabi/13.2.0/../../../../arm-none-eabi/lib/libg.a(libc_a-locale.o)
                0x0202a7e8                __global_locale
 .data._impure_ptr
                0x0202a954        0x4 /opt/devkitpro/devkitARM/bin/../lib/gcc/arm-none-eabi/13.2.0/../../../../arm-none-eabi/lib/libg.a(libc_a-impure.o)
                0x0202a954                _impure_ptr
 .data._impure_data
                0x0202a958      0x120 /opt/devkitpro/devkitARM/bin/../lib/gcc/arm-none-eabi/13.2.0/../../../../arm-none-eabi/lib/libg.a(libc_a-impure.o)
                0x0202a958                _impure_data
 .data.caseconv_table
                0x0202aa78      0x7b0 /opt/devkitpro/devkitARM/bin/../lib/gcc/arm-none-eabi/13.2.0/../../../../arm-none-eabi/lib/libg.a(libc_a-towctrans_l.o)
 .data.environ  0x0202b228        0x4 /opt/devkitpro/devkitARM/bin/../lib/gcc/arm-none-eabi/13.2.0/../../../../arm-none-eabi/lib/libg.a(libc_a-environ.o)
                0x0202b228                environ
 .data._current_working_directory
                0x0202b22c      0x400 /opt/devkitpro/devkitARM/bin/../lib/gcc/arm-none-eabi/13.2.0/../../../../arm-none-eabi/lib/libsysbase.a(libsysbase_libsysbase_a-chdir.o)
 .data.handles  0x0202b62c     0x1000 /opt/devkitpro/devkitARM/bin/../lib/gcc/arm-none-eabi/13.2.0/../../../../arm-none-eabi/lib/libsysbase.a(libsysbase_libsysbase_a-handle_manager.o)
 .data.__stderr_handle
                0x0202c62c        0xc /opt/devkitpro/devkitARM/bin/../lib/gcc/arm-none-eabi/13.2.0/../../../../arm-none-eabi/lib/libsysbase.a(libsysbase_libsysbase_a-handle_manager.o)
 .data.__stdout_handle
                0x0202c638        0xc /opt/devkitpro/devkitARM/bin/../lib/gcc/arm-none-eabi/13.2.0/../../../../arm-none-eabi/lib/libsysbase.a(libsysbase_libsysbase_a-handle_manager.o)
 .data.__stdin_handle
                0x0202c644        0xc /opt/devkitpro/devkitARM/bin/../lib/gcc/arm-none-eabi/13.2.0/../../../../arm-none-eabi/lib/libsysbase.a(libsysbase_libsysbase_a-handle_manager.o)
 .data.devoptab_list
                0x0202c650       0x8c /opt/devkitpro/devkitARM/bin/../lib/gcc/arm-none-eabi/13.2.0/../../../../arm-none-eabi/lib/libsysbase.a(libsysbase_libsysbase_a-iosupport.o)
                0x0202c650                devoptab_list
 .data.defaultDevice
                0x0202c6dc        0x4 /opt/devkitpro/devkitARM/bin/../lib/gcc/arm-none-eabi/13.2.0/../../../../arm-none-eabi/lib/libsysbase.a(libsysbase_libsysbase_a-iosupport.o)
 *(EXCLUDE_FILE(*.twl*) .gnu.linkonce.d*)
                0x0202c6e0                        . = ALIGN (0x4)
                0x0202c6e0                        __data_end = ABSOLUTE (.)
                0x0202c6e0                        __bss_vma = .

.igot.plt       0x0202c6e0        0x0
 .igot.plt      0x0202c6e0        0x0 /opt/devkitpro/devkitARM/bin/../lib/gcc/arm-none-eabi/13.2.0/../../../../arm-none-eabi/lib/ds_arm9_crt0.o

.dtcm           0x02ff0000        0x0 load address 0x0202c6e0
                0x0202c6e0                        __dtcm_lma = LOADADDR (.dtcm)
                0x02ff0000                        __dtcm_start = ABSOLUTE (.)
 *(.dtcm)
 *(.dtcm.*)
                0x02ff0000                        . = ALIGN (0x4)
                0x02ff0000                        __dtcm_end = ABSOLUTE (.)

.itcm           0x01000100      0x194 load address 0x0202c6e0
                0x0202c6e0                        __itcm_lma = LOADADDR (.itcm)
                0x01000100                        __itcm_start = ABSOLUTE (.)
 *(.itcm)
 .itcm          0x01000100       0xc8 /opt/devkitpro/libnds/lib/libnds9.a(interrupts.o)