Archive member included to satisfy reference by file (symbol)

/opt/devkitpro/libnds/lib/libmm9.a(mm_comms.o)
                              main.o (mmStart)
/opt/devkitpro/libnds/lib/libmm9.a(mm_memory.o)
                              main.o (mmLoad)
/opt/devkitpro/libnds/lib/libmm9.a(mm_main9.o)
                              /opt/devkitpro/libnds/lib/libmm9.a(mm_memory.o) (mmcbMemory)
/opt/devkitpro/libnds/lib/libmm9.a(mm_soundbank.o)
                              /opt/devkitpro/libnds/lib/libmm9.a(mm_main9.o) (mmSoundBankInMemory)
/opt/devkitpro/libnds/lib/libmm9.a(mm_flusher.o)
                              /opt/devkitpro/libnds/lib/libmm9.a(mm_memory.o) (mmFlushBank)
/opt/devkitpro/nflib/lib/libnflib.a(nf_2d.o)
                              main.o (NF_Set2D)
/opt/devkitpro/nflib/lib/libnflib.a(nf_basic.o)
                              /opt/devkitpro/nflib/lib/libnflib.a(nf_2d.o) (NF_Error)
/opt/devkitpro/nflib/lib/libnflib.a(nf_sprite256.o)
                              main.o (NF_InitSpriteBuffers)
/opt/devkitpro/nflib/lib/libnflib.a(nf_tiledbg.o)
                              main.o (NF_InitTiledBgBuffers)
/opt/devkitpro/libnds/lib/libfilesystem.a(nitrofs.o)
                              main.o (nitroFSInit)
/opt/devkitpro/libnds/lib/libfat.a(libfat.o)
                              /opt/devkitpro/libnds/lib/libfilesystem.a(nitrofs.o) (fatInitDefault)
/opt/devkitpro/libnds/lib/libfat.a(disc.o)
                              /opt/devkitpro/libnds/lib/libfat.a(libfat.o) (_FAT_disc_interfaces)
/opt/devkitpro/libnds/lib/libfat.a(fatfile.o)
                              /opt/devkitpro/libnds/lib/libfat.a(libfat.o) (_FAT_open_r)
/opt/devkitpro/libnds/lib/libfat.a(cache.o)
                              /opt/devkitpro/libnds/lib/libfat.a(fatfile.o) (_FAT_cache_readSectors)
/opt/devkitpro/libnds/lib/libfat.a(fatdir.o)
                              /opt/devkitpro/libnds/lib/libfat.a(libfat.o) (_FAT_stat_r)
/opt/devkitpro/libnds/lib/libfat.a(directory.o)
                              /opt/devkitpro/libnds/lib/libfat.a(fatfile.o) (_FAT_directory_entryGetCluster)
/opt/devkitpro/libnds/lib/libfat.a(partition.o)
                              /opt/devkitpro/libnds/lib/libfat.a(libfat.o) (_FAT_partition_destructor)
/opt/devkitpro/libnds/lib/libfat.a(lock.o)
                              /opt/devkitpro/libnds/lib/libfat.a(partition.o) (_FAT_lock_init)
/opt/devkitpro/libnds/lib/libfat.a(filetime.o)
                              /opt/devkitpro/libnds/lib/libfat.a(fatfile.o) (_FAT_filetime_getTimeFromRTC)
/opt/devkitpro/libnds/lib/libfat.a(file_allocation_table.o)
                              /opt/devkitpro/libnds/lib/libfat.a(fatfile.o) (_FAT_fat_nextCluster)
/opt/devkitpro/libnds/lib/libnds9.a(video.o)
                              /opt/devkitpro/nflib/lib/libnflib.a(nf_basic.o) (setBrightness)
/opt/devkitpro/libnds/lib/libnds9.a(console.o)
                              main.o (consoleDemoInit)
/opt/devkitpro/libnds/lib/libnds9.a(sound.o)
                              main.o (soundEnable)
/opt/devkitpro/libnds/lib/libnds9.a(sprite.o)
                              /opt/devkitpro/nflib/lib/libnflib.a(nf_sprite256.o) (oamInit)
/opt/devkitpro/libnds/lib/libnds9.a(keys.o)
                              main.o (scanKeys)
/opt/devkitpro/libnds/lib/libnds9.a(dldi.o)
                              /opt/devkitpro/libnds/lib/libfat.a(disc.o) (dldiGetInternal)
/opt/devkitpro/libnds/lib/libnds9.a(initSystem.o)
                              /opt/devkitpro/devkitARM/bin/../lib/gcc/arm-none-eabi/13.2.0/../../../../arm-none-eabi/lib/thumb/ds_arm9_crt0.o (initSystem)
/opt/devkitpro/libnds/lib/libnds9.a(securearea.o)
                              /opt/devkitpro/devkitARM/bin/../lib/gcc/arm-none-eabi/13.2.0/../../../../arm-none-eabi/lib/thumb/ds_arm9_crt0.o (__secure_area__)
/opt/devkitpro/libnds/lib/libnds9.a(interrupts.o)
                              /opt/devkitpro/libnds/lib/libnds9.a(initSystem.o) (irqInit)
/opt/devkitpro/libnds/lib/libnds9.a(libnds_exit.arm.o)
                              /opt/devkitpro/devkitARM/bin/../lib/gcc/arm-none-eabi/13.2.0/../../../../arm-none-eabi/lib/thumb/ds_arm9_crt0.o (__libnds_exit)
/opt/devkitpro/libnds/lib/libnds9.a(card.o)
                              /opt/devkitpro/libnds/lib/libfilesystem.a(nitrofs.o) (cardParamCommand)
/opt/devkitpro/libnds/lib/libnds9.a(fifosystem.o)
                              /opt/devkitpro/libnds/lib/libmm9.a(mm_comms.o) (fifoSetValue32Handler)
/opt/devkitpro/libnds/lib/libnds9.a(dcache.o)
                              /opt/devkitpro/nflib/lib/libnflib.a(nf_basic.o) (DC_FlushRange)
/opt/devkitpro/libnds/lib/libnds9.a(dldi_stub.o)
                              /opt/devkitpro/libnds/lib/libnds9.a(dldi.o) (_io_dldi_stub)
/opt/devkitpro/libnds/lib/libnds9.a(mpu_setup.o)
                              /opt/devkitpro/devkitARM/bin/../lib/gcc/arm-none-eabi/13.2.0/../../../../arm-none-eabi/lib/thumb/ds_arm9_crt0.o (__libnds_mpu_setup)
/opt/devkitpro/libnds/lib/libnds9.a(IntrWait.o)
[...]
Memory Configuration

Name             Origin             Length             Attributes
ewram            0x02000000         0x00380000
dtcm             0x02ff0000         0x00004000
vectors          0x01000000         0x00000100
itcm             0x01000100         0x00007f00
*default*        0x00000000         0xffffffff

Linker script and memory map

                0x02380000                        __ewram_end = (ORIGIN (ewram) + LENGTH (ewram))
                0x02380000                        __eheap_end = (ORIGIN (ewram) + LENGTH (ewram))
                0x02ff4000                        __dtcm_top = (ORIGIN (dtcm) + LENGTH (dtcm))
                0x02ff3ff8                        __irq_flags = (__dtcm_top - 0x8)
                0x02ff3ffc                        __irq_vector = (__dtcm_top - 0x4)
                0x02ff3f00                        __sp_svc = (__dtcm_top - 0x100)
                0x02ff3e00                        __sp_irq = (__sp_svc - 0x100)
                0x02ff3d00                        __sp_usr = (__sp_irq - 0x100)

.secure         0x02000000      0x800
 *(.secure)
 .secure        0x02000000      0x800 /opt/devkitpro/libnds/lib/libnds9.a(securearea.o)
                0x02000000                __secure_area__

.crt0           0x02000800      0x300
                0x02000800                        __text_start = .
 *(.crt0)
 .crt0          0x02000800      0x300 /opt/devkitpro/devkitARM/bin/../lib/gcc/arm-none-eabi/13.2.0/../../../../arm-none-eabi/lib/thumb/ds_arm9_crt0.o
                0x02000800                _start
                0x02000b00                        . = ALIGN (0x4)

.plt
 *(.plt)

.init           0x02000b00        0xc
 *(SORT_NONE(.init))
 .init          0x02000b00        0x4 /opt/devkitpro/devkitARM/bin/../lib/gcc/arm-none-eabi/13.2.0/thumb/crti.o
                0x02000b00                _init
 .init          0x02000b04        0x8 /opt/devkitpro/devkitARM/bin/../lib/gcc/arm-none-eabi/13.2.0/thumb/crtn.o

.text           0x02000b40    0x1d2c0
 *(EXCLUDE_FILE(*.twl* *.vectors* *.itcm*) .text)
 .text          0x02000b40      0x24c /opt/devkitpro/libnds/lib/libmm9.a(mm_comms.o)
                0x02000b40                mmSetupComms
                0x02000b92                mmSendBank
                0x02000b9c                mmLockChannels
                0x02000ba2                mmUnlockChannels
                0x02000ba8                mmStart
                0x02000bb2                mmPause
                0x02000bb6                mmResume
                0x02000bba                mmStop
                0x02000bbe                mmPosition
                0x02000bc2                mmJingle
                0x02000bc6                mmSetModuleVolume
                0x02000bca                mmSetJingleVolume
                0x02000bce                mmSetModuleTempo
                0x02000bd2                mmSetModulePitch
                0x02000bd6                mmSetEffectsVolume
                0x02000bda                mmSelectMode
                0x02000bde                mmStreamBegin
                0x02000bf2                mmStreamEnd
                0x02000c48                mmEffect
                0x02000c6c                mmEffectVolume
                0x02000c70                mmEffectPanning
                0x02000c74                mmEffectRate
                0x02000c7e                mmEffectScaleRate
                0x02000c88                mmEffectRelease
                0x02000c8e                mmEffectCancel
                0x02000c94                mmEffectEx
                0x02000cd2                mmEffectCancelAll
                0x02000cd6                mmReverbEnable
                0x02000cda                mmReverbDisable
                0x02000cde                mmReverbConfigure
                0x02000d3a                mmReverbStart
                0x02000d3e                mmReverbStop
 .text          0x02000d8c      0x120 /opt/devkitpro/libnds/lib/libmm9.a(mm_memory.o)
                0x02000d8c                mmLoad
                0x02000ddc                mmUnload
                0x02000e34                mmLoadEffect
                0x02000e6c                mmUnloadEffect
 .text          0x02000eac      0x108 /opt/devkitpro/libnds/lib/libmm9.a(mm_main9.o)
                0x02000eac                mmActive
                0x02000eb2                mmSetEventHandler
                0x02000eb8                mmInit
                0x02000ee2                mmInitDefault
                0x02000f2c                mmInitDefaultMem
                0x02000f4e                mmSuspendIRQ_t
                0x02000f6c                mmRestoreIRQ_t
 .text          0x02000fb4      0x100 /opt/devkitpro/libnds/lib/libmm9.a(mm_soundbank.o)
                0x02000fb4                mmSoundBankInMemory
                0x02000fbc                mmSoundBankInFiles
                0x02000fce                mmSetCustomSoundBankHandler
                0x02000ffa                mmsHandleFileOp
 .text          0x020010b4       0x3c /opt/devkitpro/libnds/lib/libmm9.a(mm_flusher.o)
                0x020010b4                mmFlushBank
 .text          0x020010f0      0x65c /opt/devkitpro/nflib/lib/libnflib.a(nf_2d.o)
                0x020010f0                NF_Set2D
                0x02001154                NF_ShowBg
                0x020011c8                NF_HideBg
                0x02001264                NF_ScrollBg
                0x02001560                NF_SpriteFrame
                0x02001618                NF_EnableSpriteRotScale
                0x02001684                NF_DisableSpriteRotScale
                0x020016e0                NF_SpriteRotScale
 .text          0x0200174c      0x588 /opt/devkitpro/nflib/lib/libnflib.a(nf_basic.o)
                0x0200174c                NF_Error
                0x020019f8                NF_SetRootFolder
                0x02001bd4                NF_DmaMemCopy
                0x02001c58                NF_FileLoad
 .text          0x02001cd4      0xf88 /opt/devkitpro/nflib/lib/libnflib.a(nf_sprite256.o)
                0x02001cd4                NF_InitSpriteBuffers
                0x02001d30                NF_ResetSpriteBuffers
                0x02001d64                NF_InitSpriteSys
                0x02001f74                NF_LoadSpriteGfx
                0x0200200c                NF_UnloadSpriteGfx
                0x02002070                NF_LoadSpritePal
                0x020020f0                NF_UnloadSpritePal
                0x0200214c                NF_VramSpriteGfx
                0x020023f0                NF_VramSpriteGfxDefrag
                0x0200260c                NF_FreeSpriteGfx
                0x020026e8                NF_VramSpritePal
                0x02002798                NF_CreateSprite
                0x02002964                NF_DeleteSprite
                0x020029e4                NF_SpriteOamSet
                0x02002aa8                NF_SpriteSetPalColor
                0x02002b28                NF_SpriteEditPalColor
                0x02002b7c                NF_SpriteUpdatePalette
                0x02002c04                NF_SpriteGetPalColor
 .text          0x02002c5c     0x1510 /opt/devkitpro/nflib/lib/libnflib.a(nf_tiledbg.o)
                0x02002c5c                NF_InitTiledBgBuffers
                0x02002cf0                NF_ResetTiledBgBuffers
                0x02002d4c                NF_InitTiledBgSys
                0x02002e64                NF_LoadTiledBg
                0x02003010                NF_LoadTilesForBg
                0x020031e4                NF_UnloadTiledBg
                0x02003280                NF_DeleteTiledBg
                0x02003418                NF_CreateTiledBg
                0x02003984                NF_GetTileMapAddress
                0x02003a0c                NF_GetTileOfMap
                0x02003a48                NF_SetTileOfMap
                0x02003a88                NF_UpdateVramMap
                0x02003b80                NF_BgSetPalColor
                0x02003c14                NF_BgEditPalColor
                0x02003c80                NF_BgUpdatePalette
                0x02003d24                NF_BgGetPalColor
                0x02003d94                NF_GetTilePal
                0x02003dc8                NF_SetTilePal
                0x02003e08                NF_LoadExBgPal
                0x02003e68                NF_UnloadExBgPal
                0x02003eac                NF_VramExBgPal
                0x02003f38                NF_SetExBgPal
                0x02003ff8                NF_SetTileHflip
                0x02004030                NF_SetTileVflip
                0x02004068                NF_RotateTileGfx
 *fill*         0x0200416c       0x14 ff
 .text          0x02004180     0x4000 /opt/devkitpro/libnds/lib/libnds9.a(dldi_stub.o)
                0x02004180                _io_dldi_stub
 .text          0x02008180      0x11c /opt/devkitpro/devkitARM/bin/../lib/gcc/arm-none-eabi/13.2.0/thumb/libgcc.a(_udivsi3.o)
                0x02008180                __udivsi3
                0x02008180                __aeabi_uidiv
                0x0200827c                __aeabi_uidivmod
 .text          0x0200829c      0x150 /opt/devkitpro/devkitARM/bin/../lib/gcc/arm-none-eabi/13.2.0/thumb/libgcc.a(_divsi3.o)
                0x0200829c                __aeabi_idiv
                0x0200829c                __divsi3
                0x020083cc                __aeabi_idivmod
 .text          0x020083ec        0x4 /opt/devkitpro/devkitARM/bin/../lib/gcc/arm-none-eabi/13.2.0/thumb/libgcc.a(_dvmd_tls.o)
                0x020083ec                __aeabi_ldiv0
                0x020083ec                __aeabi_idiv0
 .text          0x020083f0       0xd4 /opt/devkitpro/devkitARM/bin/../lib/gcc/arm-none-eabi/13.2.0/thumb/libgcc.a(_aeabi_ldivmod.o)
                0x020083f0                __aeabi_ldivmod
 .text          0x020084c4       0x28 /opt/devkitpro/devkitARM/bin/../lib/gcc/arm-none-eabi/13.2.0/thumb/libgcc.a(_clzdi2.o)
                0x020084c4                __clzdi2
 .text          0x020084ec       0x48 /opt/devkitpro/devkitARM/bin/../lib/gcc/arm-none-eabi/13.2.0/thumb/libgcc.a(_clzsi2.o)
                0x020084ec                __clzsi2
 .text          0x02008534      0x224 /opt/devkitpro/devkitARM/bin/../lib/gcc/arm-none-eabi/13.2.0/../../../../arm-none-eabi/lib/thumb/libg.a(libc_a-strcmp.o)
                0x02008534                strcmp
 .text          0x02008758       0x14 /opt/devkitpro/devkitARM/bin/../lib/gcc/arm-none-eabi/13.2.0/thumb/libgcc.a(_thumb1_case_uqi.o)
                0x02008758                __gnu_thumb1_case_uqi
 .text          0x0200876c       0x14 /opt/devkitpro/devkitARM/bin/../lib/gcc/arm-none-eabi/13.2.0/thumb/libgcc.a(_thumb1_case_uhi.o)
                0x0200876c                __gnu_thumb1_case_uhi
 .text          0x02008780      0x424 /opt/devkitpro/devkitARM/bin/../lib/gcc/arm-none-eabi/13.2.0/thumb/libgcc.a(_arm_addsubdf3.o)
                0x02008780                __aeabi_drsub
                0x02008788                __aeabi_dsub
                0x02008788                __subdf3
                0x0200878c                __adddf3
                0x0200878c                __aeabi_dadd
                0x02008a9c                __aeabi_ui2d
                0x02008a9c                __floatunsidf
                0x02008ac0                __floatsidf
                0x02008ac0                __aeabi_i2d
                0x02008ae8                __extendsfdf2
                0x02008ae8                __aeabi_f2d
                0x02008b30                __aeabi_ul2d
                0x02008b30                __floatundidf
                0x02008b44                __floatdidf
                0x02008b44                __aeabi_l2d
 .text          0x02008ba4      0x49c /opt/devkitpro/devkitARM/bin/../lib/gcc/arm-none-eabi/13.2.0/thumb/libgcc.a(_arm_muldivdf3.o)
                0x02008ba4                __aeabi_dmul
                0x02008ba4                __muldf3
                0x02008e34                __aeabi_ddiv
                0x02008e34                __divdf3
 .text          0x02009040      0x144 /opt/devkitpro/devkitARM/bin/../lib/gcc/arm-none-eabi/13.2.0/thumb/libgcc.a(_arm_cmpdf2.o)
                0x02009040                __gtdf2
                0x02009040                __gedf2
                0x02009048                __ltdf2
                0x02009048                __ledf2
                0x02009050                __cmpdf2
                0x02009050                __eqdf2
                0x02009050                __nedf2
                0x020090d8                __aeabi_cdrcmple
                0x020090f4                __aeabi_cdcmple
                0x020090f4                __aeabi_cdcmpeq
                0x0200910c                __aeabi_dcmpeq
                0x02009124                __aeabi_dcmplt
                0x0200913c                __aeabi_dcmple
                0x02009154                __aeabi_dcmpge
                0x0200916c                __aeabi_dcmpgt
 .text          0x02009184       0x38 /opt/devkitpro/devkitARM/bin/../lib/gcc/arm-none-eabi/13.2.0/thumb/libgcc.a(_arm_unorddf2.o)
                0x02009184                __aeabi_dcmpun
                0x02009184                __unorddf2
 .text          0x020091bc       0x5c /opt/devkitpro/devkitARM/bin/../lib/gcc/arm-none-eabi/13.2.0/thumb/libgcc.a(_arm_fixdfsi.o)
                0x020091bc                __fixdfsi
                0x020091bc                __aeabi_d2iz
 .text          0x02009218       0x3c /opt/devkitpro/devkitARM/bin/../lib/gcc/arm-none-eabi/13.2.0/thumb/libgcc.a(_aeabi_uldivmod.o)
                0x02009218                __aeabi_uldivmod
 *(EXCLUDE_FILE(*.twl* *.vectors* *.itcm*) .stub)
 *(EXCLUDE_FILE(*.twl* *.vectors* *.itcm*) .text.*)
 .text.__do_global_dtors_aux
                0x02009254       0x2c /opt/devkitpro/devkitARM/bin/../lib/gcc/arm-none-eabi/13.2.0/thumb/crtbegin.o
 .text.frame_dummy
                0x02009280       0x24 /opt/devkitpro/devkitARM/bin/../lib/gcc/arm-none-eabi/13.2.0/thumb/crtbegin.o
 .text.startup  0x020092a4      0x1f4 main.o
                0x020092a4                main
 .text.nitroFSDirClose
                0x02009498        0x4 /opt/devkitpro/libnds/lib/libfilesystem.a(nitrofs.o)
 .text.nitroFSSeek
                0x0200949c       0x78 /opt/devkitpro/libnds/lib/libfilesystem.a(nitrofs.o)
 .text.nitroFSFstat
                0x02009514       0x10 /opt/devkitpro/libnds/lib/libfilesystem.a(nitrofs.o)
 .text.nitroSubReadBlock
                0x02009524       0x54 /opt/devkitpro/libnds/lib/libfilesystem.a(nitrofs.o)
 .text.nitroSubReadCard
                0x02009578       0xb0 /opt/devkitpro/libnds/lib/libfilesystem.a(nitrofs.o)
 .text.nitroFSClose
                0x02009628        0x4 /opt/devkitpro/libnds/lib/libfilesystem.a(nitrofs.o)
 .text.nitroDirReset
                0x0200962c       0x9c /opt/devkitpro/libnds/lib/libfilesystem.a(nitrofs.o)
 .text.nitroFSRead
                0x020096c8       0xbc /opt/devkitpro/libnds/lib/libfilesystem.a(nitrofs.o)
 .text.nitroFSDirNext
                0x02009784      0x30c /opt/devkitpro/libnds/lib/libfilesystem.a(nitrofs.o)
 .text.nitroFSDirOpen
                0x02009a90       0xe0 /opt/devkitpro/libnds/lib/libfilesystem.a(nitrofs.o)
 .text.nitroFSChdir
                0x02009b70       0x30 /opt/devkitpro/libnds/lib/libfilesystem.a(nitrofs.o)
 .text.nitroFSOpen
                0x02009ba0       0xc4 /opt/devkitpro/libnds/lib/libfilesystem.a(nitrofs.o)
 .text.nitroFSstat
                0x02009c64       0x68 /opt/devkitpro/libnds/lib/libfilesystem.a(nitrofs.o)
 .text.nitroFSInit
                0x02009ccc      0x12c /opt/devkitpro/libnds/lib/libfilesystem.a(nitrofs.o)
                0x02009ccc                nitroFSInit
 .text.fatMount.part.0
                0x02009df8       0xa0 /opt/devkitpro/libnds/lib/libfat.a(libfat.o)
 .text.fatMount
                0x02009e98       0x3c /opt/devkitpro/libnds/lib/libfat.a(libfat.o)
                0x02009e98                fatMount
 .text.fatInit  0x02009ed4      0x130 /opt/devkitpro/libnds/lib/libfat.a(libfat.o)
                0x02009ed4                fatInit
 .text.fatInitDefault
                0x0200a004        0xc /opt/devkitpro/libnds/lib/libfat.a(libfat.o)
                0x0200a004                fatInitDefault
 .text._FAT_check_position_for_next_cluster.part.0
                0x0200a010       0x68 /opt/devkitpro/libnds/lib/libfat.a(fatfile.o)
 .text._FAT_syncToDisc.part.0
                0x0200a078       0xd4 /opt/devkitpro/libnds/lib/libfat.a(fatfile.o)
 .text._FAT_file_extend_r
                0x0200a14c      0x208 /opt/devkitpro/libnds/lib/libfat.a(fatfile.o)
 .text._FAT_open_r
                0x0200a354      0x2d4 /opt/devkitpro/libnds/lib/libfat.a(fatfile.o)
                0x0200a354                _FAT_open_r
 .text._FAT_close_r
                0x0200a628       0x74 /opt/devkitpro/libnds/lib/libfat.a(fatfile.o)
                0x0200a628                _FAT_close_r
 .text._FAT_read_r
                0x0200a69c      0x398 /opt/devkitpro/libnds/lib/libfat.a(fatfile.o)
                0x0200a69c                _FAT_read_r
 .text._FAT_write_r
                0x0200aa34      0x53c /opt/devkitpro/libnds/lib/libfat.a(fatfile.o)
                0x0200aa34                _FAT_write_r
 .text._FAT_seek_r
                0x0200af70      0x194 /opt/devkitpro/libnds/lib/libfat.a(fatfile.o)
                0x0200af70                _FAT_seek_r
 .text._FAT_fstat_r
                0x0200b104       0x8c /opt/devkitpro/libnds/lib/libfat.a(fatfile.o)
                0x0200b104                _FAT_fstat_r
 .text._FAT_ftruncate_r
                0x0200b190      0x16c /opt/devkitpro/libnds/lib/libfat.a(fatfile.o)
                0x0200b190                _FAT_ftruncate_r
 .text._FAT_fsync_r
                0x0200b2fc       0x44 /opt/devkitpro/libnds/lib/libfat.a(fatfile.o)
                0x0200b2fc                _FAT_fsync_r
 .text._FAT_cache_getPage
                0x0200b340       0xf0 /opt/devkitpro/libnds/lib/libfat.a(cache.o)
 .text._FAT_cache_constructor
                0x0200b430       0x90 /opt/devkitpro/libnds/lib/libfat.a(cache.o)
                0x0200b430                _FAT_cache_constructor
 .text._FAT_cache_readSectors
                0x0200b4c0       0x60 /opt/devkitpro/libnds/lib/libfat.a(cache.o)
                0x0200b4c0                _FAT_cache_readSectors
 .text._FAT_cache_readPartialSector
                0x0200b520       0x3c /opt/devkitpro/libnds/lib/libfat.a(cache.o)
                0x0200b520                _FAT_cache_readPartialSector
 .text._FAT_cache_readLittleEndianValue
                0x0200b55c       0x70 /opt/devkitpro/libnds/lib/libfat.a(cache.o)
                0x0200b55c                _FAT_cache_readLittleEndianValue
 .text._FAT_cache_writePartialSector
                0x0200b5cc       0x4c /opt/devkitpro/libnds/lib/libfat.a(cache.o)
                0x0200b5cc                _FAT_cache_writePartialSector
 .text._FAT_cache_writeLittleEndianValue
                0x0200b618       0x8c /opt/devkitpro/libnds/lib/libfat.a(cache.o)
                0x0200b618                _FAT_cache_writeLittleEndianValue
 .text._FAT_cache_eraseWritePartialSector
                0x0200b6a4       0x60 /opt/devkitpro/libnds/lib/libfat.a(cache.o)
                0x0200b6a4                _FAT_cache_eraseWritePartialSector
 .text._FAT_cache_writeSectors
                0x0200b704       0x80 /opt/devkitpro/libnds/lib/libfat.a(cache.o)
                0x0200b704                _FAT_cache_writeSectors
 .text._FAT_cache_flush
                0x0200b784       0x40 /opt/devkitpro/libnds/lib/libfat.a(cache.o)
                0x0200b784                _FAT_cache_flush
 .text._FAT_stat_r
                0x0200b7c4       0x90 /opt/devkitpro/libnds/lib/libfat.a(fatdir.o)
                0x0200b7c4                _FAT_stat_r
 .text._FAT_link_r
                0x0200b854        0xc /opt/devkitpro/libnds/lib/libfat.a(fatdir.o)
                0x0200b854                _FAT_link_r
 .text._FAT_unlink_r
                0x0200b860      0x184 /opt/devkitpro/libnds/lib/libfat.a(fatdir.o)
                0x0200b860                _FAT_unlink_r
 .text._FAT_chdir_r
                0x0200b9e4       0x70 /opt/devkitpro/libnds/lib/libfat.a(fatdir.o)
                0x0200b9e4                _FAT_chdir_r
 .text._FAT_rename_r
                0x0200ba54      0x1c4 /opt/devkitpro/libnds/lib/libfat.a(fatdir.o)
                0x0200ba54                _FAT_rename_r
 .text._FAT_mkdir_r
                0x0200bc18      0x244 /opt/devkitpro/libnds/lib/libfat.a(fatdir.o)
                0x0200bc18                _FAT_mkdir_r
 .text._FAT_statvfs_r
                0x0200be5c       0x78 /opt/devkitpro/libnds/lib/libfat.a(fatdir.o)
                0x0200be5c                _FAT_statvfs_r
 .text._FAT_diropen_r
                0x0200bed4       0xb0 /opt/devkitpro/libnds/lib/libfat.a(fatdir.o)
                0x0200bed4                _FAT_diropen_r
 .text._FAT_dirreset_r
                0x0200bf84       0x4c /opt/devkitpro/libnds/lib/libfat.a(fatdir.o)
                0x0200bf84                _FAT_dirreset_r
 .text._FAT_dirnext_r
                0x0200bfd0       0x7c /opt/devkitpro/libnds/lib/libfat.a(fatdir.o)
                0x0200bfd0                _FAT_dirnext_r
 .text._FAT_dirclose_r
                0x0200c04c       0x20 /opt/devkitpro/libnds/lib/libfat.a(fatdir.o)
                0x0200c04c                _FAT_dirclose_r
 .text._FAT_directory_entryGetAlias
                0x0200c06c       0xc8 /opt/devkitpro/libnds/lib/libfat.a(directory.o)
 .text._FAT_directory_incrementDirEntryPosition
                0x0200c134       0x80 /opt/devkitpro/libnds/lib/libfat.a(directory.o)
 .text._FAT_directory_mbsncasecmp
                0x0200c1b4       0xa8 /opt/devkitpro/libnds/lib/libfat.a(directory.o)
 .text._FAT_directory_ucs2tombs.constprop.0
                0x0200c25c       0x90 /opt/devkitpro/libnds/lib/libfat.a(directory.o)
 .text._FAT_directory_entryGetCluster
                0x0200c2ec       0x20 /opt/devkitpro/libnds/lib/libfat.a(directory.o)
                0x0200c2ec                _FAT_directory_entryGetCluster
 .text._FAT_directory_getNextEntry
                0x0200c30c      0x23c /opt/devkitpro/libnds/lib/libfat.a(directory.o)
                0x0200c30c                _FAT_directory_getNextEntry
 .text._FAT_directory_entryExists
                0x0200c548       0x80 /opt/devkitpro/libnds/lib/libfat.a(directory.o)
 .text._FAT_directory_getFirstEntry
                0x0200c5c8       0x20 /opt/devkitpro/libnds/lib/libfat.a(directory.o)
                0x0200c5c8                _FAT_directory_getFirstEntry
 .text._FAT_directory_getRootEntry
                0x0200c5e8       0x60 /opt/devkitpro/libnds/lib/libfat.a(directory.o)
                0x0200c5e8                _FAT_directory_getRootEntry
 .text._FAT_directory_entryFromPosition
                0x0200c648      0x150 /opt/devkitpro/libnds/lib/libfat.a(directory.o)
                0x0200c648                _FAT_directory_entryFromPosition
 .text._FAT_directory_entryFromPath
                0x0200c798      0x248 /opt/devkitpro/libnds/lib/libfat.a(directory.o)
                0x0200c798                _FAT_directory_entryFromPath
 .text._FAT_directory_removeEntry
                0x0200c9e0       0xd8 /opt/devkitpro/libnds/lib/libfat.a(directory.o)
                0x0200c9e0                _FAT_directory_removeEntry
 .text._FAT_directory_addEntry
                0x0200cab8      0x808 /opt/devkitpro/libnds/lib/libfat.a(directory.o)
                0x0200cab8                _FAT_directory_addEntry
 .text._FAT_directory_chdir
                0x0200d2c0       0x3c /opt/devkitpro/libnds/lib/libfat.a(directory.o)
                0x0200d2c0                _FAT_directory_chdir
 .text._FAT_directory_entryStat
                0x0200d2fc       0xe4 /opt/devkitpro/libnds/lib/libfat.a(directory.o)
                0x0200d2fc                _FAT_directory_entryStat
 .text.isValidMBR
                0x0200d3e0       0x5c /opt/devkitpro/libnds/lib/libfat.a(partition.o)
 .text._FAT_updateFS_INFO
                0x0200d43c       0x54 /opt/devkitpro/libnds/lib/libfat.a(partition.o)
 .text.FindFirstValidPartition_buf.part.0
                0x0200d490      0x11c /opt/devkitpro/libnds/lib/libfat.a(partition.o)
 .text._FAT_partition_getPartitionFromPath
                0x0200d5ac       0x10 /opt/devkitpro/libnds/lib/libfat.a(partition.o)
                0x0200d5ac                _FAT_partition_getPartitionFromPath
 .text._FAT_partition_createFSinfo
                0x0200d5bc       0x50 /opt/devkitpro/libnds/lib/libfat.a(partition.o)
                0x0200d5bc                _FAT_partition_createFSinfo
 .text._FAT_partition_readFSinfo.part.0
                0x0200d60c       0x74 /opt/devkitpro/libnds/lib/libfat.a(partition.o)
 .text._FAT_partition_constructor_buf
                0x0200d680      0x2e8 /opt/devkitpro/libnds/lib/libfat.a(partition.o)
                0x0200d680                _FAT_partition_constructor_buf
 .text._FAT_partition_constructor
                0x0200d968       0x40 /opt/devkitpro/libnds/lib/libfat.a(partition.o)
                0x0200d968                _FAT_partition_constructor
 .text._FAT_partition_readFSinfo
                0x0200d9a8       0x10 /opt/devkitpro/libnds/lib/libfat.a(partition.o)
                0x0200d9a8                _FAT_partition_readFSinfo
 .text._FAT_lock_init
                0x0200d9b8        0x4 /opt/devkitpro/libnds/lib/libfat.a(lock.o)
                0x0200d9b8                _FAT_lock_init
 .text._FAT_lock
                0x0200d9bc        0x4 /opt/devkitpro/libnds/lib/libfat.a(lock.o)
                0x0200d9bc                _FAT_lock
 .text._FAT_unlock
                0x0200d9c0        0x4 /opt/devkitpro/libnds/lib/libfat.a(lock.o)
                0x0200d9c0                _FAT_unlock
 .text._FAT_filetime_getTimeFromRTC
                0x0200d9c4       0x44 /opt/devkitpro/libnds/lib/libfat.a(filetime.o)
                0x0200d9c4                _FAT_filetime_getTimeFromRTC
 .text._FAT_filetime_getDateFromRTC
                0x0200da08       0x44 /opt/devkitpro/libnds/lib/libfat.a(filetime.o)
                0x0200da08                _FAT_filetime_getDateFromRTC
 .text._FAT_filetime_to_time_t
                0x0200da4c       0x38 /opt/devkitpro/libnds/lib/libfat.a(filetime.o)
                0x0200da4c                _FAT_filetime_to_time_t
 .text._FAT_fat_writeFatEntry.part.0.isra.0
                0x0200da84      0x12c /opt/devkitpro/libnds/lib/libfat.a(file_allocation_table.o)
 .text._FAT_fat_nextCluster
                0x0200dbb0      0x108 /opt/devkitpro/libnds/lib/libfat.a(file_allocation_table.o)
                0x0200dbb0                _FAT_fat_nextCluster
 .text._FAT_fat_linkFreeCluster
                0x0200dcb8       0xac /opt/devkitpro/libnds/lib/libfat.a(file_allocation_table.o)
                0x0200dcb8                _FAT_fat_linkFreeCluster
 .text._FAT_fat_linkFreeClusterCleared
                0x0200dd64       0x68 /opt/devkitpro/libnds/lib/libfat.a(file_allocation_table.o)
                0x0200dd64                _FAT_fat_linkFreeClusterCleared
 .text._FAT_fat_clearLinks
                0x0200ddcc       0x7c /opt/devkitpro/libnds/lib/libfat.a(file_allocation_table.o)
                0x0200ddcc                _FAT_fat_clearLinks
 .text._FAT_fat_trimChain
                0x0200de48       0x80 /opt/devkitpro/libnds/lib/libfat.a(file_allocation_table.o)
                0x0200de48                _FAT_fat_trimChain
 .text._FAT_fat_lastCluster
                0x0200dec8       0x34 /opt/devkitpro/libnds/lib/libfat.a(file_allocation_table.o)
                0x0200dec8                _FAT_fat_lastCluster
 .text._FAT_fat_freeClusterCount
                0x0200defc       0x2c /opt/devkitpro/libnds/lib/libfat.a(file_allocation_table.o)
                0x0200defc                _FAT_fat_freeClusterCount
 .text.setBrightness
                0x0200df28       0x40 /opt/devkitpro/libnds/lib/libnds9.a(video.o)
                0x0200df28                setBrightness
 .text.vramDefault
                0x0200df68       0xd0 /opt/devkitpro/libnds/lib/libnds9.a(video.o)
                0x0200df68                vramDefault
 .text.newRow   0x0200e038       0xa8 /opt/devkitpro/libnds/lib/libnds9.a(console.o)
 .text.consolePrintChar
                0x0200e0e0       0xe0 /opt/devkitpro/libnds/lib/libnds9.a(console.o)
                0x0200e0e0                consolePrintChar
 .text.con_write
                0x0200e1c0      0x36c /opt/devkitpro/libnds/lib/libnds9.a(console.o)
                0x0200e1c0                con_write
 .text.consoleLoadFont
                0x0200e52c      0x2a0 /opt/devkitpro/libnds/lib/libnds9.a(console.o)
                0x0200e52c                consoleLoadFont
 .text.consoleInit
                0x0200e7cc      0x18c /opt/devkitpro/libnds/lib/libnds9.a(console.o)
                0x0200e7cc                consoleInit
 .text.consoleDemoInit
                0x0200e958       0x40 /opt/devkitpro/libnds/lib/libnds9.a(console.o)
                0x0200e958                consoleDemoInit
 .text.soundEnable
                0x0200e998       0x10 /opt/devkitpro/libnds/lib/libnds9.a(sound.o)
                0x0200e998                soundEnable
 .text.oamInit  0x0200e9a8      0x114 /opt/devkitpro/libnds/lib/libnds9.a(sprite.o)
                0x0200e9a8                oamInit
 .text.oamGfxPtrToOffset
                0x0200eabc       0x34 /opt/devkitpro/libnds/lib/libnds9.a(sprite.o)
                0x0200eabc                oamGfxPtrToOffset
 .text.oamSet   0x0200eaf0      0x104 /opt/devkitpro/libnds/lib/libnds9.a(sprite.o)
                0x0200eaf0                oamSet
 .text.oamUpdate
                0x0200ebf4       0x60 /opt/devkitpro/libnds/lib/libnds9.a(sprite.o)
                0x0200ebf4                oamUpdate
 .text.oamRotateScale
                0x0200ec54       0x4c /opt/devkitpro/libnds/lib/libnds9.a(sprite.o)
                0x0200ec54                oamRotateScale
 .text.scanKeys
                0x0200eca0       0x8c /opt/devkitpro/libnds/lib/libnds9.a(keys.o)
                0x0200eca0                scanKeys
 .text.keysHeld
                0x0200ed2c        0xc /opt/devkitpro/libnds/lib/libnds9.a(keys.o)
                0x0200ed2c                keysHeld
 .text.dldiGetInternal
                0x0200ed38       0x34 /opt/devkitpro/libnds/lib/libnds9.a(dldi.o)
                0x0200ed38                dldiGetInternal
 .text.get_io_dsisd
                0x0200ed6c       0x24 /opt/devkitpro/libnds/lib/libnds9.a(dldi.o)
                0x0200ed6c                get_io_dsisd
 .text.__syscall_gettod_r
                0x0200ed90       0x28 /opt/devkitpro/libnds/lib/libnds9.a(initSystem.o)
                0x0200ed90                __syscall_gettod_r
 .text.__syscall_exit
                0x0200edb8        0x8 /opt/devkitpro/libnds/lib/libnds9.a(initSystem.o)
                0x0200edb8                __syscall_exit
 .text.initSystem
                0x0200edc0      0x180 /opt/devkitpro/libnds/lib/libnds9.a(initSystem.o)
                0x0200edc0                initSystem
 .text.irqDummy
                0x0200ef40        0x4 /opt/devkitpro/libnds/lib/libnds9.a(interrupts.o)
                0x0200ef40                irqDummy
 .text.irqSet   0x0200ef44       0x6c /opt/devkitpro/libnds/lib/libnds9.a(interrupts.o)
                0x0200ef44                irqSet
 .text.irqInit  0x0200efb0       0x50 /opt/devkitpro/libnds/lib/libnds9.a(interrupts.o)
                0x0200efb0                irqInit
 .text.irqEnable
                0x0200f000       0x64 /opt/devkitpro/libnds/lib/libnds9.a(interrupts.o)
                0x0200f000                irqEnable
 .text.systemErrorExit
                0x0200f064        0x4 /opt/devkitpro/libnds/lib/libnds9.a(libnds_exit.arm.o)
                0x0200f064                systemErrorExit
 .text.__libnds_exit
                0x0200f068       0x5c /opt/devkitpro/libnds/lib/libnds9.a(libnds_exit.arm.o)
                0x0200f068                __libnds_exit
 .text.cardPolledTransfer
                0x0200f0c4       0x54 /opt/devkitpro/libnds/lib/libnds9.a(card.o)
                0x0200f0c4                cardPolledTransfer
 .text.cardParamCommand
                0x0200f118       0x34 /opt/devkitpro/libnds/lib/libnds9.a(card.o)
                0x0200f118                cardParamCommand
 .text.fifo_queueBlock
                0x0200f14c       0x44 /opt/devkitpro/libnds/lib/libnds9.a(fifosystem.o)
 .text.fifo_waitBlock
                0x0200f190       0x80 /opt/devkitpro/libnds/lib/libnds9.a(fifosystem.o)
 .text.fifoInternalSend.part.0
                0x0200f210       0xd4 /opt/devkitpro/libnds/lib/libnds9.a(fifosystem.o)
 .text.fifoInternalSendInterrupt
                0x0200f2e4       0xb0 /opt/devkitpro/libnds/lib/libnds9.a(fifosystem.o)
 .text.fifoSetValue32Handler
                0x0200f394       0xd4 /opt/devkitpro/libnds/lib/libnds9.a(fifosystem.o)
                0x0200f394                fifoSetValue32Handler
 .text.fifoSendValue32
                0x0200f468       0x4c /opt/devkitpro/libnds/lib/libnds9.a(fifosystem.o)
                0x0200f468                fifoSendValue32
 .text.fifoSendDatamsg
                0x0200f4b4       0x90 /opt/devkitpro/libnds/lib/libnds9.a(fifosystem.o)
                0x0200f4b4                fifoSendDatamsg
 .text.fifoGetValue32
                0x0200f544       0x70 /opt/devkitpro/libnds/lib/libnds9.a(fifosystem.o)
                0x0200f544                fifoGetValue32
 .text.fifoGetDatamsg
                0x0200f5b4       0xf4 /opt/devkitpro/libnds/lib/libnds9.a(fifosystem.o)
                0x0200f5b4                fifoGetDatamsg
 .text.fifoInternalRecvInterrupt
                0x0200f6a8      0x37c /opt/devkitpro/libnds/lib/libnds9.a(fifosystem.o)
 .text.fifoSetDatamsgHandler
                0x0200fa24       0x9c /opt/devkitpro/libnds/lib/libnds9.a(fifosystem.o)
                0x0200fa24                fifoSetDatamsgHandler
 .text.fifoCheckValue32
                0x0200fac0       0x24 /opt/devkitpro/libnds/lib/libnds9.a(fifosystem.o)
                0x0200fac0                fifoCheckValue32
 .text.fifoInit
                0x0200fae4      0x108 /opt/devkitpro/libnds/lib/libnds9.a(fifosystem.o)
                0x0200fae4                fifoInit
 .text.DC_FlushRange
                0x0200fbec       0x24 /opt/devkitpro/libnds/lib/libnds9.a(dcache.o)
                0x0200fbec                DC_FlushRange
 .text.DC_InvalidateRange
                0x0200fc10       0x2c /opt/devkitpro/libnds/lib/libnds9.a(dcache.o)
                0x0200fc10                DC_InvalidateRange
 .text.__libnds_mpu_setup
                0x0200fc3c      0x174 /opt/devkitpro/libnds/lib/libnds9.a(mpu_setup.o)
                0x0200fc3c                __libnds_mpu_setup
 .text.memUncached
                0x0200fdb0       0x20 /opt/devkitpro/libnds/lib/libnds9.a(mpu_setup.o)
                0x0200fdb0                memUncached
 .text.swiWaitForVBlank
                0x0200fdd0        0x8 /opt/devkitpro/libnds/lib/libnds9.a(IntrWait.o)
                0x0200fdd0                swiWaitForVBlank
 .text.swiIntrWait
                0x0200fdd8       0x70 /opt/devkitpro/libnds/lib/libnds9.a(IntrWait.o)
                0x0200fdd8                swiIntrWait
 .text.setCpuClock
                0x0200fe48       0x50 /opt/devkitpro/libnds/lib/libnds9.a(cpu_clock.o)
                0x0200fe48                setCpuClock
 .text.swiDelay
                0x0200fe98        0x4 /opt/devkitpro/libnds/lib/libnds9.a(biosCalls.o)
                0x0200fe98                swiDelay
 .text.swiSoftReset
                0x0200fe9c       0x2c /opt/devkitpro/libnds/lib/libnds9.a(swiSoftReset.o)
                0x0200fe9c                swiSoftReset
 .text.checkIfText
                0x0200fec8       0x5c /opt/devkitpro/libnds/lib/libnds9.a(background.o)
                0x0200fec8                checkIfText
 .text.bgUpdate
                0x0200ff24       0xf4 /opt/devkitpro/libnds/lib/libnds9.a(background.o)
                0x0200ff24                bgUpdate
 .text.bgInit_call
                0x02010018       0xc4 /opt/devkitpro/libnds/lib/libnds9.a(background.o)
                0x02010018                bgInit_call
 .text.bgInitSub_call
                0x020100dc       0xcc /opt/devkitpro/libnds/lib/libnds9.a(background.o)
                0x020100dc                bgInitSub_call
 .text.sinLutLookup
                0x020101a8       0x4c /opt/devkitpro/libnds/lib/libnds9.a(trig.o)
                0x020101a8                sinLutLookup
 .text.sinLerp  0x020101f4       0x40 /opt/devkitpro/libnds/lib/libnds9.a(trig.o)
                0x020101f4                sinLerp
 .text.cosLerp  0x02010234       0x4c /opt/devkitpro/libnds/lib/libnds9.a(trig.o)
                0x02010234                cosLerp
 .text.oamAllocReset
                0x02010280       0x1c /opt/devkitpro/libnds/lib/libnds9.a(sprite_alloc.o)
                0x02010280                oamAllocReset
 .text.systemValueHandler
                0x0201029c       0x48 /opt/devkitpro/libnds/lib/libnds9.a(system.o)
                0x0201029c                systemValueHandler
 .text.systemMsgHandler
                0x020102e4       0x60 /opt/devkitpro/libnds/lib/libnds9.a(system.o)
                0x020102e4                systemMsgHandler
 .text.powerOn  0x02010344       0x2c /opt/devkitpro/libnds/lib/libnds9.a(system.o)
                0x02010344                powerOn
 .text.__muldi3
                0x02010370       0x64 /opt/devkitpro/devkitARM/bin/../lib/gcc/arm-none-eabi/13.2.0/thumb/libgcc.a(_muldi3.o)
                0x02010370                __aeabi_lmul
                0x02010370                __muldi3
 .text.__udivmoddi4
                0x020103d4      0x19c /opt/devkitpro/devkitARM/bin/../lib/gcc/arm-none-eabi/13.2.0/thumb/libgcc.a(_udivmoddi4.o)
                0x020103d4                __udivmoddi4
 .text.towlower
                0x02010570       0x10 /opt/devkitpro/devkitARM/bin/../lib/gcc/arm-none-eabi/13.2.0/../../../../arm-none-eabi/lib/thumb/libg.a(libc_a-towlower.o)
                0x02010570                towlower
 .text._mbrtowc_r
                0x02010580       0x90 /opt/devkitpro/devkitARM/bin/../lib/gcc/arm-none-eabi/13.2.0/../../../../arm-none-eabi/lib/thumb/libg.a(libc_a-mbrtowc.o)
                0x02010580                _mbrtowc_r
 .text.mbrtowc  0x02010610       0x94 /opt/devkitpro/devkitARM/bin/../lib/gcc/arm-none-eabi/13.2.0/../../../../arm-none-eabi/lib/thumb/libg.a(libc_a-mbrtowc.o)
                0x02010610                mbrtowc
 .text._wcrtomb_r
                0x020106a4       0x84 /opt/devkitpro/devkitARM/bin/../lib/gcc/arm-none-eabi/13.2.0/../../../../arm-none-eabi/lib/thumb/libg.a(libc_a-wcrtomb.o)
                0x020106a4                _wcrtomb_r
 .text.wcrtomb  0x02010728       0x88 /opt/devkitpro/devkitARM/bin/../lib/gcc/arm-none-eabi/13.2.0/../../../../arm-none-eabi/lib/thumb/libg.a(libc_a-wcrtomb.o)
                0x02010728                wcrtomb
 .text.towupper
                0x020107b0       0x10 /opt/devkitpro/devkitARM/bin/../lib/gcc/arm-none-eabi/13.2.0/../../../../arm-none-eabi/lib/thumb/libg.a(libc_a-towupper.o)
                0x020107b0                towupper
 .text.mbsrtowcs
                0x020107c0       0x28 /opt/devkitpro/devkitARM/bin/../lib/gcc/arm-none-eabi/13.2.0/../../../../arm-none-eabi/lib/thumb/libg.a(libc_a-mbsrtowcs.o)
                0x020107c0                mbsrtowcs
 .text.wctob    0x020107e8       0x58 /opt/devkitpro/devkitARM/bin/../lib/gcc/arm-none-eabi/13.2.0/../../../../arm-none-eabi/lib/thumb/libg.a(libc_a-wctob.o)
                0x020107e8                wctob
 .text.rewind   0x02010840       0x20 /opt/devkitpro/devkitARM/bin/../lib/gcc/arm-none-eabi/13.2.0/../../../../arm-none-eabi/lib/thumb/libg.a(libc_a-rewind.o)
                0x02010840                rewind
 .text.towctrans
                0x02010860       0x28 /opt/devkitpro/devkitARM/bin/../lib/gcc/arm-none-eabi/13.2.0/../../../../arm-none-eabi/lib/thumb/libg.a(libc_a-towctrans.o)
                0x02010860                towctrans
 .text.snprintf
                0x02010888       0x80 /opt/devkitpro/devkitARM/bin/../lib/gcc/arm-none-eabi/13.2.0/../../../../arm-none-eabi/lib/thumb/libg.a(libc_a-snprintf.o)
                0x02010888                snprintf
 .text.siscanf  0x02010908       0x4c /opt/devkitpro/devkitARM/bin/../lib/gcc/arm-none-eabi/13.2.0/../../../../arm-none-eabi/lib/thumb/libg.a(libc_a-siscanf.o)
                0x02010908                siscanf
 .text.calloc   0x02010954       0x18 /opt/devkitpro/devkitARM/bin/../lib/gcc/arm-none-eabi/13.2.0/../../../../arm-none-eabi/lib/thumb/libg.a(libc_a-calloc.o)
                0x02010954                calloc
 .text._calloc_r
                0x0201096c       0xb8 /opt/devkitpro/devkitARM/bin/../lib/gcc/arm-none-eabi/13.2.0/../../../../arm-none-eabi/lib/thumb/libg.a(libc_a-callocr.o)
                0x0201096c                _calloc_r
 .text.setvbuf  0x02010a24      0x1a4 /opt/devkitpro/devkitARM/bin/../lib/gcc/arm-none-eabi/13.2.0/../../../../arm-none-eabi/lib/thumb/libg.a(libc_a-setvbuf.o)
                0x02010a24                setvbuf
 .text.get_arg  0x02010bc8       0x3e /opt/devkitpro/devkitARM/bin/../lib/gcc/arm-none-eabi/13.2.0/../../../../arm-none-eabi/lib/thumb/libg.a(libc_a-svfiscanf.o)
 .text._sungetc_r
                0x02010c06       0x7e /opt/devkitpro/devkitARM/bin/../lib/gcc/arm-none-eabi/13.2.0/../../../../arm-none-eabi/lib/thumb/libg.a(libc_a-svfiscanf.o)
                0x02010c06                _sungetc_r
 .text.__ssrefill_r
                0x02010c84       0x42 /opt/devkitpro/devkitARM/bin/../lib/gcc/arm-none-eabi/13.2.0/../../../../arm-none-eabi/lib/thumb/libg.a(libc_a-svfiscanf.o)
                0x02010c84                __ssrefill_r
 .text._sfread_r
                0x02010cc6       0x88 /opt/devkitpro/devkitARM/bin/../lib/gcc/arm-none-eabi/13.2.0/../../../../arm-none-eabi/lib/thumb/libg.a(libc_a-svfiscanf.o)
                0x02010cc6                _sfread_r
 *fill*         0x02010d4e        0x2 ff
 .text.__ssvfiscanf_r
                0x02010d50     0x1ac4 /opt/devkitpro/devkitARM/bin/../lib/gcc/arm-none-eabi/13.2.0/../../../../arm-none-eabi/lib/thumb/libg.a(libc_a-svfiscanf.o)
                0x02010d50                __ssvfiscanf_r
 .text._malloc_trim_r
                0x02012814       0xac /opt/devkitpro/devkitARM/bin/../lib/gcc/arm-none-eabi/13.2.0/../../../../arm-none-eabi/lib/thumb/libg.a(libc_a-freer.o)
                0x02012814                _malloc_trim_r
 .text._free_r  0x020128c0      0x1d8 /opt/devkitpro/devkitARM/bin/../lib/gcc/arm-none-eabi/13.2.0/../../../../arm-none-eabi/lib/thumb/libg.a(libc_a-freer.o)
                0x020128c0                _free_r
 .text.iprintf  0x02012a98       0x24 /opt/devkitpro/devkitARM/bin/../lib/gcc/arm-none-eabi/13.2.0/../../../../arm-none-eabi/lib/thumb/libg.a(libc_a-iprintf.o)
                0x02012a98                iprintf
 .text.strchr   0x02012abc       0xc8 /opt/devkitpro/devkitARM/bin/../lib/gcc/arm-none-eabi/13.2.0/../../../../arm-none-eabi/lib/thumb/libg.a(libc_a-strchr.o)
                0x02012abc                strchr
 .text.memcmp   0x02012b84       0x4c /opt/devkitpro/devkitARM/bin/../lib/gcc/arm-none-eabi/13.2.0/../../../../arm-none-eabi/lib/thumb/libg.a(libc_a-memcmp.o)
                0x02012b84                memcmp
 .text._fclose_r
                0x02012bd0       0xd8 /opt/devkitpro/devkitARM/bin/../lib/gcc/arm-none-eabi/13.2.0/../../../../arm-none-eabi/lib/thumb/libg.a(libc_a-fclose.o)
                0x02012bd0                _fclose_r
 .text.fclose   0x02012ca8       0x14 /opt/devkitpro/devkitARM/bin/../lib/gcc/arm-none-eabi/13.2.0/../../../../arm-none-eabi/lib/thumb/libg.a(libc_a-fclose.o)
                0x02012ca8                fclose
 .text.get_arg  0x02012cbc      0x434 /opt/devkitpro/devkitARM/bin/../lib/gcc/arm-none-eabi/13.2.0/../../../../arm-none-eabi/lib/thumb/libg.a(libc_a-svfprintf.o)
 .text._svfprintf_r
                0x020130f0     0x2314 /opt/devkitpro/devkitARM/bin/../lib/gcc/arm-none-eabi/13.2.0/../../../../arm-none-eabi/lib/thumb/libg.a(libc_a-svfprintf.o)
                0x020130f0                _svfprintf_r
 .text.malloc   0x02015404       0x14 /opt/devkitpro/devkitARM/bin/../lib/gcc/arm-none-eabi/13.2.0/../../../../arm-none-eabi/lib/thumb/libg.a(libc_a-malloc.o)
                0x02015404                malloc
 .text.free     0x02015418       0x14 /opt/devkitpro/devkitARM/bin/../lib/gcc/arm-none-eabi/13.2.0/../../../../arm-none-eabi/lib/thumb/libg.a(libc_a-malloc.o)
                0x02015418                free
 .text._malloc_r
                0x0201542c      0x558 /opt/devkitpro/devkitARM/bin/../lib/gcc/arm-none-eabi/13.2.0/../../../../arm-none-eabi/lib/thumb/libg.a(libc_a-mallocr.o)
                0x0201542c                _malloc_r
 .text.memmove  0x02015984       0xbc /opt/devkitpro/devkitARM/bin/../lib/gcc/arm-none-eabi/13.2.0/../../../../arm-none-eabi/lib/thumb/libg.a(libc_a-memmove.o)
                0x02015984                memmove
 .text.memset   0x02015a40       0xb0 /opt/devkitpro/devkitARM/bin/../lib/gcc/arm-none-eabi/13.2.0/../../../../arm-none-eabi/lib/thumb/libg.a(libc_a-memset.o)
                0x02015a40                memset
 .text.__malloc_lock
                0x02015af0       0x14 /opt/devkitpro/devkitARM/bin/../lib/gcc/arm-none-eabi/13.2.0/../../../../arm-none-eabi/lib/thumb/libg.a(libc_a-mlock.o)
                0x02015af0                __malloc_lock
 .text.__malloc_unlock
                0x02015b04       0x14 /opt/devkitpro/devkitARM/bin/../lib/gcc/arm-none-eabi/13.2.0/../../../../arm-none-eabi/lib/thumb/libg.a(libc_a-mlock.o)
                0x02015b04                __malloc_unlock
 .text.strlen   0x02015b18       0x60 /opt/devkitpro/devkitARM/bin/../lib/gcc/arm-none-eabi/13.2.0/../../../../arm-none-eabi/lib/thumb/libg.a(libc_a-strlen.o)
                0x02015b18                strlen
 .text._fopen_r
                0x02015b78       0xb8 /opt/devkitpro/devkitARM/bin/../lib/gcc/arm-none-eabi/13.2.0/../../../../arm-none-eabi/lib/thumb/libg.a(libc_a-fopen.o)
                0x02015b78                _fopen_r
 .text.fopen    0x02015c30       0x18 /opt/devkitpro/devkitARM/bin/../lib/gcc/arm-none-eabi/13.2.0/../../../../arm-none-eabi/lib/thumb/libg.a(libc_a-fopen.o)
                0x02015c30                fopen
 .text.__sflush_r
                0x02015c48      0x188 /opt/devkitpro/devkitARM/bin/../lib/gcc/arm-none-eabi/13.2.0/../../../../arm-none-eabi/lib/thumb/libg.a(libc_a-fflush.o)
                0x02015c48                __sflush_r
 .text._fflush_r
                0x02015dd0       0x70 /opt/devkitpro/devkitARM/bin/../lib/gcc/arm-none-eabi/13.2.0/../../../../arm-none-eabi/lib/thumb/libg.a(libc_a-fflush.o)
                0x02015dd0                _fflush_r
 .text.strpbrk  0x02015e40       0x4c /opt/devkitpro/devkitARM/bin/../lib/gcc/arm-none-eabi/13.2.0/../../../../arm-none-eabi/lib/thumb/libg.a(libc_a-strpbrk.o)
                0x02015e40                strpbrk
 .text.strdup   0x02015e8c       0x14 /opt/devkitpro/devkitARM/bin/../lib/gcc/arm-none-eabi/13.2.0/../../../../arm-none-eabi/lib/thumb/libg.a(libc_a-strdup.o)
                0x02015e8c                strdup
 .text.strcasecmp
                0x02015ea0       0x48 /opt/devkitpro/devkitARM/bin/../lib/gcc/arm-none-eabi/13.2.0/../../../../arm-none-eabi/lib/thumb/libg.a(libc_a-strcasecmp.o)
                0x02015ea0                strcasecmp
 .text.strrchr  0x02015ee8       0x30 /opt/devkitpro/devkitARM/bin/../lib/gcc/arm-none-eabi/13.2.0/../../../../arm-none-eabi/lib/thumb/libg.a(libc_a-strrchr.o)
                0x02015ee8                strrchr
 .text.strncasecmp
                0x02015f18       0x54 /opt/devkitpro/devkitARM/bin/../lib/gcc/arm-none-eabi/13.2.0/../../../../arm-none-eabi/lib/thumb/libg.a(libc_a-strncasecmp.o)
                0x02015f18                strncasecmp
 .text._strdup_r
                0x02015f6c       0x2c /opt/devkitpro/devkitARM/bin/../lib/gcc/arm-none-eabi/13.2.0/../../../../arm-none-eabi/lib/thumb/libg.a(libc_a-strdup_r.o)
                0x02015f6c                _strdup_r
 .text.ftell    0x02015f98       0x24 /opt/devkitpro/devkitARM/bin/../lib/gcc/arm-none-eabi/13.2.0/../../../../arm-none-eabi/lib/thumb/libg.a(libc_a-ftell.o)
                0x02015f98                ftell
 .text.strncmp  0x02015fbc       0x78 /opt/devkitpro/devkitARM/bin/../lib/gcc/arm-none-eabi/13.2.0/../../../../arm-none-eabi/lib/thumb/libg.a(libc_a-strncmp.o)
                0x02015fbc                strncmp
 .text._fwalk_sglue
                0x02016034       0x4c /opt/devkitpro/devkitARM/bin/../lib/gcc/arm-none-eabi/13.2.0/../../../../arm-none-eabi/lib/thumb/libg.a(libc_a-fwalk.o)
                0x02016034                _fwalk_sglue
 .text._fread_r
                0x02016080      0x224 /opt/devkitpro/devkitARM/bin/../lib/gcc/arm-none-eabi/13.2.0/../../../../arm-none-eabi/lib/thumb/libg.a(libc_a-fread.o)
                0x02016080                _fread_r
 .text.fread    0x020162a4       0x24 /opt/devkitpro/devkitARM/bin/../lib/gcc/arm-none-eabi/13.2.0/../../../../arm-none-eabi/lib/thumb/libg.a(libc_a-fread.o)
                0x020162a4                fread
 .text.strncpy  0x020162c8       0x68 /opt/devkitpro/devkitARM/bin/../lib/gcc/arm-none-eabi/13.2.0/../../../../arm-none-eabi/lib/thumb/libg.a(libc_a-strncpy.o)
                0x020162c8                strncpy
 .text.stdio_exit_handler
                0x02016330       0x20 /opt/devkitpro/devkitARM/bin/../lib/gcc/arm-none-eabi/13.2.0/../../../../arm-none-eabi/lib/thumb/libg.a(libc_a-findfp.o)
 .text.cleanup_stdio
                0x02016350       0x40 /opt/devkitpro/devkitARM/bin/../lib/gcc/arm-none-eabi/13.2.0/../../../../arm-none-eabi/lib/thumb/libg.a(libc_a-findfp.o)
 .text.global_stdio_init.part.0
                0x02016390      0x128 /opt/devkitpro/devkitARM/bin/../lib/gcc/arm-none-eabi/13.2.0/../../../../arm-none-eabi/lib/thumb/libg.a(libc_a-findfp.o)
 .text.__sfp    0x020164b8       0xcc /opt/devkitpro/devkitARM/bin/../lib/gcc/arm-none-eabi/13.2.0/../../../../arm-none-eabi/lib/thumb/libg.a(libc_a-findfp.o)
                0x020164b8                __sfp
 .text.__sinit  0x02016584       0x3c /opt/devkitpro/devkitARM/bin/../lib/gcc/arm-none-eabi/13.2.0/../../../../arm-none-eabi/lib/thumb/libg.a(libc_a-findfp.o)
                0x02016584                __sinit
 .text.__sfp_lock_acquire
                0x020165c0       0x14 /opt/devkitpro/devkitARM/bin/../lib/gcc/arm-none-eabi/13.2.0/../../../../arm-none-eabi/lib/thumb/libg.a(libc_a-findfp.o)
                0x020165c0                __sfp_lock_acquire
 .text.__sfp_lock_release
                0x020165d4       0x14 /opt/devkitpro/devkitARM/bin/../lib/gcc/arm-none-eabi/13.2.0/../../../../arm-none-eabi/lib/thumb/libg.a(libc_a-findfp.o)
                0x020165d4                __sfp_lock_release
 .text.localtime_r
                0x020165e8      0x228 /opt/devkitpro/devkitARM/bin/../lib/gcc/arm-none-eabi/13.2.0/../../../../arm-none-eabi/lib/thumb/libg.a(libc_a-lcltime_r.o)
                0x020165e8                localtime_r
 .text.strnlen  0x02016810       0x28 /opt/devkitpro/devkitARM/bin/../lib/gcc/arm-none-eabi/13.2.0/../../../../arm-none-eabi/lib/thumb/libg.a(libc_a-strnlen.o)
                0x02016810                strnlen
 .text._tzset_unlocked
                0x02016838       0x10 /opt/devkitpro/devkitARM/bin/../lib/gcc/arm-none-eabi/13.2.0/../../../../arm-none-eabi/lib/thumb/libg.a(libc_a-tzset.o)
                0x02016838                _tzset_unlocked
 .text.validate_structure
                0x02016848      0x1d4 /opt/devkitpro/devkitARM/bin/../lib/gcc/arm-none-eabi/13.2.0/../../../../arm-none-eabi/lib/thumb/libg.a(libc_a-mktime.o)
 .text.mktime   0x02016a1c      0x428 /opt/devkitpro/devkitARM/bin/../lib/gcc/arm-none-eabi/13.2.0/../../../../arm-none-eabi/lib/thumb/libg.a(libc_a-mktime.o)
                0x02016a1c                mktime
 .text.access   0x02016e44       0x38 /opt/devkitpro/devkitARM/bin/../lib/gcc/arm-none-eabi/13.2.0/../../../../arm-none-eabi/lib/thumb/libg.a(libc_a-access.o)
                0x02016e44                access
 .text._fseek_r
                0x02016e7c       0x18 /opt/devkitpro/devkitARM/bin/../lib/gcc/arm-none-eabi/13.2.0/../../../../arm-none-eabi/lib/thumb/libg.a(libc_a-fseek.o)
                0x02016e7c                _fseek_r
 .text.fseek    0x02016e94       0x24 /opt/devkitpro/devkitARM/bin/../lib/gcc/arm-none-eabi/13.2.0/../../../../arm-none-eabi/lib/thumb/libg.a(libc_a-fseek.o)
                0x02016e94                fseek
 .text._tzset_unlocked_r
                0x02016eb8      0x4b8 /opt/devkitpro/devkitARM/bin/../lib/gcc/arm-none-eabi/13.2.0/../../../../arm-none-eabi/lib/thumb/libg.a(libc_a-tzset_r.o)
                0x02016eb8                _tzset_unlocked_r
 .text._strtol_l.part.0
                0x02017370      0x13c /opt/devkitpro/devkitARM/bin/../lib/gcc/arm-none-eabi/13.2.0/../../../../arm-none-eabi/lib/thumb/libg.a(libc_a-strtol.o)
 .text._strtol_r
                0x020174ac       0x34 /opt/devkitpro/devkitARM/bin/../lib/gcc/arm-none-eabi/13.2.0/../../../../arm-none-eabi/lib/thumb/libg.a(libc_a-strtol.o)
                0x020174ac                _strtol_r
 .text.realloc  0x020174e0       0x18 /opt/devkitpro/devkitARM/bin/../lib/gcc/arm-none-eabi/13.2.0/../../../../arm-none-eabi/lib/thumb/libg.a(libc_a-realloc.o)
                0x020174e0                realloc
 .text.__gettzinfo
                0x020174f8        0x8 /opt/devkitpro/devkitARM/bin/../lib/gcc/arm-none-eabi/13.2.0/../../../../arm-none-eabi/lib/thumb/libg.a(libc_a-gettzinfo.o)
                0x020174f8                __gettzinfo
 .text._strtoul_l.isra.0
                0x02017500      0x144 /opt/devkitpro/devkitARM/bin/../lib/gcc/arm-none-eabi/13.2.0/../../../../arm-none-eabi/lib/thumb/libg.a(libc_a-strtoul.o)
 .text._strtoul_r
                0x02017644       0x20 /opt/devkitpro/devkitARM/bin/../lib/gcc/arm-none-eabi/13.2.0/../../../../arm-none-eabi/lib/thumb/libg.a(libc_a-strtoul.o)
                0x02017644                _strtoul_r
 .text.strtoul  0x02017664       0x24 /opt/devkitpro/devkitARM/bin/../lib/gcc/arm-none-eabi/13.2.0/../../../../arm-none-eabi/lib/thumb/libg.a(libc_a-strtoul.o)
                0x02017664                strtoul
 .text.__locale_mb_cur_max
                0x02017688       0x20 /opt/devkitpro/devkitARM/bin/../lib/gcc/arm-none-eabi/13.2.0/../../../../arm-none-eabi/lib/thumb/libg.a(libc_a-locale.o)
                0x02017688                __locale_mb_cur_max
 .text.time     0x020176a8       0x38 /opt/devkitpro/devkitARM/bin/../lib/gcc/arm-none-eabi/13.2.0/../../../../arm-none-eabi/lib/thumb/libg.a(libc_a-time.o)
                0x020176a8                time
 .text._localeconv_r
                0x020176e0       0x1c /opt/devkitpro/devkitARM/bin/../lib/gcc/arm-none-eabi/13.2.0/../../../../arm-none-eabi/lib/thumb/libg.a(libc_a-localeconv.o)
                0x020176e0                _localeconv_r
 .text.__tzcalc_limits
                0x020176fc      0x1b4 /opt/devkitpro/devkitARM/bin/../lib/gcc/arm-none-eabi/13.2.0/../../../../arm-none-eabi/lib/thumb/libg.a(libc_a-tzcalc_limits.o)
                0x020176fc                __tzcalc_limits
 .text.strcpy   0x020178b0       0x10 /opt/devkitpro/devkitARM/bin/../lib/gcc/arm-none-eabi/13.2.0/../../../../arm-none-eabi/lib/thumb/libg.a(libc_a-strcpy.o)
                0x020178b0                strcpy
 .text.memchr   0x020178c0       0x78 /opt/devkitpro/devkitARM/bin/../lib/gcc/arm-none-eabi/13.2.0/../../../../arm-none-eabi/lib/thumb/libg.a(libc_a-memchr-stub.o)
                0x020178c0                memchr
 .text.__utf8_wctomb
                0x02017938       0xb4 /opt/devkitpro/devkitARM/bin/../lib/gcc/arm-none-eabi/13.2.0/../../../../arm-none-eabi/lib/thumb/libg.a(libc_a-wctomb_r.o)
                0x02017938                __utf8_wctomb
 .text.memcpy   0x020179ec       0x90 /opt/devkitpro/devkitARM/bin/../lib/gcc/arm-none-eabi/13.2.0/../../../../arm-none-eabi/lib/thumb/libg.a(libc_a-memcpy-stub.o)
                0x020179ec                memcpy
 .text.stpcpy   0x02017a7c       0x4c /opt/devkitpro/devkitARM/bin/../lib/gcc/arm-none-eabi/13.2.0/../../../../arm-none-eabi/lib/thumb/libg.a(libc_a-stpcpy.o)
                0x02017a7c                stpcpy
 .text.__libc_init_array
                0x02017ac8       0x54 /opt/devkitpro/devkitARM/bin/../lib/gcc/arm-none-eabi/13.2.0/../../../../arm-none-eabi/lib/thumb/libg.a(libc_a-init.o)
                0x02017ac8                __libc_init_array
 .text.__errno  0x02017b1c        0xc /opt/devkitpro/devkitARM/bin/../lib/gcc/arm-none-eabi/13.2.0/../../../../arm-none-eabi/lib/thumb/libg.a(libc_a-errno.o)
                0x02017b1c                __errno
 .text.lseek    0x02017b28       0x24 /opt/devkitpro/devkitARM/bin/../lib/gcc/arm-none-eabi/13.2.0/../../../../arm-none-eabi/lib/thumb/libg.a(libc_a-syslseek.o)
                0x02017b28                lseek
 .text.open     0x02017b4c       0x28 /opt/devkitpro/devkitARM/bin/../lib/gcc/arm-none-eabi/13.2.0/../../../../arm-none-eabi/lib/thumb/libg.a(libc_a-sysopen.o)
                0x02017b4c                open
 .text.read     0x02017b74       0x1c /opt/devkitpro/devkitARM/bin/../lib/gcc/arm-none-eabi/13.2.0/../../../../arm-none-eabi/lib/thumb/libg.a(libc_a-sysread.o)
                0x02017b74                read
 .text.stat     0x02017b90       0x18 /opt/devkitpro/devkitARM/bin/../lib/gcc/arm-none-eabi/13.2.0/../../../../arm-none-eabi/lib/thumb/libg.a(libc_a-sysstat.o)
                0x02017b90                stat
 .text.frexp    0x02017ba8       0x6c /opt/devkitpro/devkitARM/bin/../lib/gcc/arm-none-eabi/13.2.0/../../../../arm-none-eabi/lib/thumb/libg.a(libm_a-s_frexp.o)
                0x02017ba8                frexp
 .text._strtoll_l.isra.0
                0x02017c14      0x19c /opt/devkitpro/devkitARM/bin/../lib/gcc/arm-none-eabi/13.2.0/../../../../arm-none-eabi/lib/thumb/libg.a(libc_a-strtoll.o)
 .text._strtoll_r
                0x02017db0       0x20 /opt/devkitpro/devkitARM/bin/../lib/gcc/arm-none-eabi/13.2.0/../../../../arm-none-eabi/lib/thumb/libg.a(libc_a-strtoll.o)
                0x02017db0                _strtoll_r
 .text._strtoull_l.isra.0
                0x02017dd0      0x1c4 /opt/devkitpro/devkitARM/bin/../lib/gcc/arm-none-eabi/13.2.0/../../../../arm-none-eabi/lib/thumb/libg.a(libc_a-strtoull.o)
 .text._strtoull_r
                0x02017f94       0x20 /opt/devkitpro/devkitARM/bin/../lib/gcc/arm-none-eabi/13.2.0/../../../../arm-none-eabi/lib/thumb/libg.a(libc_a-strtoull.o)
                0x02017f94                _strtoull_r
 .text.towctrans_l
                0x02017fb4      0x188 /opt/devkitpro/devkitARM/bin/../lib/gcc/arm-none-eabi/13.2.0/../../../../arm-none-eabi/lib/thumb/libg.a(libc_a-towctrans_l.o)
                0x02017fb4                towctrans_l
 .text.iswspace
                0x0201813c       0x10 /opt/devkitpro/devkitARM/bin/../lib/gcc/arm-none-eabi/13.2.0/../../../../arm-none-eabi/lib/thumb/libg.a(libc_a-iswspace.o)
                0x0201813c                iswspace
 .text.__smakebuf_r
                0x0201814c       0xe8 /opt/devkitpro/devkitARM/bin/../lib/gcc/arm-none-eabi/13.2.0/../../../../arm-none-eabi/lib/thumb/libg.a(libc_a-makebuf.o)
                0x0201814c                __smakebuf_r
 .text.__swhatbuf_r
                0x02018234       0x5c /opt/devkitpro/devkitARM/bin/../lib/gcc/arm-none-eabi/13.2.0/../../../../arm-none-eabi/lib/thumb/libg.a(libc_a-makebuf.o)
                0x02018234                __swhatbuf_r
 .text.iswspace_l
                0x02018290       0x28 /opt/devkitpro/devkitARM/bin/../lib/gcc/arm-none-eabi/13.2.0/../../../../arm-none-eabi/lib/thumb/libg.a(libc_a-iswspace_l.o)
                0x02018290                iswspace_l
 .text._mbsnrtowcs_r
                0x020182b8       0xb8 /opt/devkitpro/devkitARM/bin/../lib/gcc/arm-none-eabi/13.2.0/../../../../arm-none-eabi/lib/thumb/libg.a(libc_a-mbsnrtowcs.o)
                0x020182b8                _mbsnrtowcs_r
 .text._wcsrtombs_r
                0x02018370       0x1c /opt/devkitpro/devkitARM/bin/../lib/gcc/arm-none-eabi/13.2.0/../../../../arm-none-eabi/lib/thumb/libg.a(libc_a-wcsrtombs.o)
                0x02018370                _wcsrtombs_r
 .text.__sccl   0x0201838c       0xa0 /opt/devkitpro/devkitARM/bin/../lib/gcc/arm-none-eabi/13.2.0/../../../../arm-none-eabi/lib/thumb/libg.a(libc_a-sccl.o)
                0x0201838c                __sccl
 .text.lflush   0x0201842c       0x24 /opt/devkitpro/devkitARM/bin/../lib/gcc/arm-none-eabi/13.2.0/../../../../arm-none-eabi/lib/thumb/libg.a(libc_a-refill.o)
 .text.__srefill_r
                0x02018450      0x10c /opt/devkitpro/devkitARM/bin/../lib/gcc/arm-none-eabi/13.2.0/../../../../arm-none-eabi/lib/thumb/libg.a(libc_a-refill.o)
                0x02018450                __srefill_r
 .text.__submore
                0x0201855c       0x88 /opt/devkitpro/devkitARM/bin/../lib/gcc/arm-none-eabi/13.2.0/../../../../arm-none-eabi/lib/thumb/libg.a(libc_a-ungetc.o)
                0x0201855c                __submore
 .text.__sread  0x020185e4       0x34 /opt/devkitpro/devkitARM/bin/../lib/gcc/arm-none-eabi/13.2.0/../../../../arm-none-eabi/lib/thumb/libg.a(libc_a-stdio.o)
                0x020185e4                __sread
 .text.__seofread
                0x02018618        0x4 /opt/devkitpro/devkitARM/bin/../lib/gcc/arm-none-eabi/13.2.0/../../../../arm-none-eabi/lib/thumb/libg.a(libc_a-stdio.o)
                0x02018618                __seofread
 .text.__swrite
                0x0201861c       0x4c /opt/devkitpro/devkitARM/bin/../lib/gcc/arm-none-eabi/13.2.0/../../../../arm-none-eabi/lib/thumb/libg.a(libc_a-stdio.o)
                0x0201861c                __swrite
 .text.__sseek  0x02018668       0x44 /opt/devkitpro/devkitARM/bin/../lib/gcc/arm-none-eabi/13.2.0/../../../../arm-none-eabi/lib/thumb/libg.a(libc_a-stdio.o)
                0x02018668                __sseek
 .text.__sclose
                0x020186ac       0x10 /opt/devkitpro/devkitARM/bin/../lib/gcc/arm-none-eabi/13.2.0/../../../../arm-none-eabi/lib/thumb/libg.a(libc_a-stdio.o)
                0x020186ac                __sclose
 .text.category
                0x020186bc       0x58 /opt/devkitpro/devkitARM/bin/../lib/gcc/arm-none-eabi/13.2.0/../../../../arm-none-eabi/lib/thumb/libg.a(libc_a-categories.o)
                0x020186bc                category
 .text.get_arg  0x02018714      0x434 /opt/devkitpro/devkitARM/bin/../lib/gcc/arm-none-eabi/13.2.0/../../../../arm-none-eabi/lib/thumb/libg.a(libc_a-vfiprintf.o)
 .text.__sprint_r
                0x02018b48       0x24 /opt/devkitpro/devkitARM/bin/../lib/gcc/arm-none-eabi/13.2.0/../../../../arm-none-eabi/lib/thumb/libg.a(libc_a-vfiprintf.o)
                0x02018b48                __sprint_r
 .text._vfiprintf_r
                0x02018b6c     0x17cc /opt/devkitpro/devkitARM/bin/../lib/gcc/arm-none-eabi/13.2.0/../../../../arm-none-eabi/lib/thumb/libg.a(libc_a-vfiprintf.o)
                0x02018b6c                _vfiprintf_r
 .text.__sbprintf
                0x0201a338       0x7c /opt/devkitpro/devkitARM/bin/../lib/gcc/arm-none-eabi/13.2.0/../../../../arm-none-eabi/lib/thumb/libg.a(libc_a-vfiprintf.o)
 .text.__ssprint_r
                0x0201a3b4      0x128 /opt/devkitpro/devkitARM/bin/../lib/gcc/arm-none-eabi/13.2.0/../../../../arm-none-eabi/lib/thumb/libg.a(libc_a-svfiprintf.o)
                0x0201a3b4                __ssprint_r
 .text.div      0x0201a4dc       0x18 /opt/devkitpro/devkitARM/bin/../lib/gcc/arm-none-eabi/13.2.0/../../../../arm-none-eabi/lib/thumb/libg.a(libc_a-div.o)
                0x0201a4dc                div
 .text.__swsetup_r
                0x0201a4f4       0xcc /opt/devkitpro/devkitARM/bin/../lib/gcc/arm-none-eabi/13.2.0/../../../../arm-none-eabi/lib/thumb/libg.a(libc_a-wsetup.o)
                0x0201a4f4                __swsetup_r
 .text.quorem   0x0201a5c0      0x158 /opt/devkitpro/devkitARM/bin/../lib/gcc/arm-none-eabi/13.2.0/../../../../arm-none-eabi/lib/thumb/libg.a(libc_a-dtoa.o)
 .text._dtoa_r  0x0201a718     0x1024 /opt/devkitpro/devkitARM/bin/../lib/gcc/arm-none-eabi/13.2.0/../../../../arm-none-eabi/lib/thumb/libg.a(libc_a-dtoa.o)
                0x0201a718                _dtoa_r
 .text._fseeko_r
                0x0201b73c      0x414 /opt/devkitpro/devkitARM/bin/../lib/gcc/arm-none-eabi/13.2.0/../../../../arm-none-eabi/lib/thumb/libg.a(libc_a-fseeko.o)
                0x0201b73c                _fseeko_r
 .text._findenv_r
                0x0201bb50       0x94 /opt/devkitpro/devkitARM/bin/../lib/gcc/arm-none-eabi/13.2.0/../../../../arm-none-eabi/lib/thumb/libg.a(libc_a-getenv_r.o)
                0x0201bb50                _findenv_r
 .text._getenv_r
                0x0201bbe4       0x10 /opt/devkitpro/devkitARM/bin/../lib/gcc/arm-none-eabi/13.2.0/../../../../arm-none-eabi/lib/thumb/libg.a(libc_a-getenv_r.o)
                0x0201bbe4                _getenv_r
 .text._ftello_r
                0x0201bbf4      0x124 /opt/devkitpro/devkitARM/bin/../lib/gcc/arm-none-eabi/13.2.0/../../../../arm-none-eabi/lib/thumb/libg.a(libc_a-ftello.o)
                0x0201bbf4                _ftello_r
 .text.__sflags
                0x0201bd18       0xa4 /opt/devkitpro/devkitARM/bin/../lib/gcc/arm-none-eabi/13.2.0/../../../../arm-none-eabi/lib/thumb/libg.a(libc_a-flags.o)
                0x0201bd18                __sflags
 .text._Balloc  0x0201bdbc       0x54 /opt/devkitpro/devkitARM/bin/../lib/gcc/arm-none-eabi/13.2.0/../../../../arm-none-eabi/lib/thumb/libg.a(libc_a-mprec.o)
                0x0201bdbc                _Balloc
 .text._Bfree   0x0201be10       0x14 /opt/devkitpro/devkitARM/bin/../lib/gcc/arm-none-eabi/13.2.0/../../../../arm-none-eabi/lib/thumb/libg.a(libc_a-mprec.o)
                0x0201be10                _Bfree
 .text.__multadd
                0x0201be24       0xac /opt/devkitpro/devkitARM/bin/../lib/gcc/arm-none-eabi/13.2.0/../../../../arm-none-eabi/lib/thumb/libg.a(libc_a-mprec.o)
                0x0201be24                __multadd
 .text.__hi0bits
                0x0201bed0       0x4c /opt/devkitpro/devkitARM/bin/../lib/gcc/arm-none-eabi/13.2.0/../../../../arm-none-eabi/lib/thumb/libg.a(libc_a-mprec.o)
                0x0201bed0                __hi0bits
 .text.__lo0bits
                0x0201bf1c       0x5c /opt/devkitpro/devkitARM/bin/../lib/gcc/arm-none-eabi/13.2.0/../../../../arm-none-eabi/lib/thumb/libg.a(libc_a-mprec.o)
                0x0201bf1c                __lo0bits
 .text.__i2b    0x0201bf78       0x64 /opt/devkitpro/devkitARM/bin/../lib/gcc/arm-none-eabi/13.2.0/../../../../arm-none-eabi/lib/thumb/libg.a(libc_a-mprec.o)
                0x0201bf78                __i2b
 .text.__multiply
                0x0201bfdc      0x1b0 /opt/devkitpro/devkitARM/bin/../lib/gcc/arm-none-eabi/13.2.0/../../../../arm-none-eabi/lib/thumb/libg.a(libc_a-mprec.o)
                0x0201bfdc                __multiply
 .text.__pow5mult
                0x0201c18c       0xd4 /opt/devkitpro/devkitARM/bin/../lib/gcc/arm-none-eabi/13.2.0/../../../../arm-none-eabi/lib/thumb/libg.a(libc_a-mprec.o)
                0x0201c18c                __pow5mult
 .text.__lshift
                0x0201c260      0x100 /opt/devkitpro/devkitARM/bin/../lib/gcc/arm-none-eabi/13.2.0/../../../../arm-none-eabi/lib/thumb/libg.a(libc_a-mprec.o)
                0x0201c260                __lshift
 .text.__mcmp   0x0201c360       0x40 /opt/devkitpro/devkitARM/bin/../lib/gcc/arm-none-eabi/13.2.0/../../../../arm-none-eabi/lib/thumb/libg.a(libc_a-mprec.o)
                0x0201c360                __mcmp
 .text.__mdiff  0x0201c3a0      0x1b4 /opt/devkitpro/devkitARM/bin/../lib/gcc/arm-none-eabi/13.2.0/../../../../arm-none-eabi/lib/thumb/libg.a(libc_a-mprec.o)
                0x0201c3a0                __mdiff
 .text.__d2b    0x0201c554       0xd0 /opt/devkitpro/devkitARM/bin/../lib/gcc/arm-none-eabi/13.2.0/../../../../arm-none-eabi/lib/thumb/libg.a(libc_a-mprec.o)
                0x0201c554                __d2b
 .text.__sfvwrite_r
                0x0201c624      0x330 /opt/devkitpro/devkitARM/bin/../lib/gcc/arm-none-eabi/13.2.0/../../../../arm-none-eabi/lib/thumb/libg.a(libc_a-fvwrite.o)
                0x0201c624                __sfvwrite_r
 .text.gmtime_r
                0x0201c954      0x1c0 /opt/devkitpro/devkitARM/bin/../lib/gcc/arm-none-eabi/13.2.0/../../../../arm-none-eabi/lib/thumb/libg.a(libc_a-gmtime_r.o)
                0x0201c954                gmtime_r
 .text._realloc_r
                0x0201cb14      0x384 /opt/devkitpro/devkitARM/bin/../lib/gcc/arm-none-eabi/13.2.0/../../../../arm-none-eabi/lib/thumb/libg.a(libc_a-reallocr.o)
                0x0201cb14                _realloc_r
 .text.__tz_lock
                0x0201ce98       0x14 /opt/devkitpro/devkitARM/bin/../lib/gcc/arm-none-eabi/13.2.0/../../../../arm-none-eabi/lib/thumb/libg.a(libc_a-tzlock.o)
                0x0201ce98                __tz_lock
 .text.__tz_unlock
                0x0201ceac       0x14 /opt/devkitpro/devkitARM/bin/../lib/gcc/arm-none-eabi/13.2.0/../../../../arm-none-eabi/lib/thumb/libg.a(libc_a-tzlock.o)
                0x0201ceac                __tz_unlock
 .text.__utf8_mbtowc
                0x0201cec0      0x27c /opt/devkitpro/devkitARM/bin/../lib/gcc/arm-none-eabi/13.2.0/../../../../arm-none-eabi/lib/thumb/libg.a(libc_a-mbtowc_r.o)
                0x0201cec0                __utf8_mbtowc
 .text._wcsnrtombs_l
                0x0201d13c      0x11c /opt/devkitpro/devkitARM/bin/../lib/gcc/arm-none-eabi/13.2.0/../../../../arm-none-eabi/lib/thumb/libg.a(libc_a-wcsnrtombs.o)
                0x0201d13c                _wcsnrtombs_l
 .text._wcsnrtombs_r
                0x0201d258       0x40 /opt/devkitpro/devkitARM/bin/../lib/gcc/arm-none-eabi/13.2.0/../../../../arm-none-eabi/lib/thumb/libg.a(libc_a-wcsnrtombs.o)
                0x0201d258                _wcsnrtombs_r
 .text.__env_lock
                0x0201d298       0x14 /opt/devkitpro/devkitARM/bin/../lib/gcc/arm-none-eabi/13.2.0/../../../../arm-none-eabi/lib/thumb/libg.a(libc_a-envlock.o)
                0x0201d298                __env_lock
 .text.__env_unlock
                0x0201d2ac       0x14 /opt/devkitpro/devkitARM/bin/../lib/gcc/arm-none-eabi/13.2.0/../../../../arm-none-eabi/lib/thumb/libg.a(libc_a-envlock.o)
                0x0201d2ac                __env_unlock
 .text.__assert_func
                0x0201d2c0       0x40 /opt/devkitpro/devkitARM/bin/../lib/gcc/arm-none-eabi/13.2.0/../../../../arm-none-eabi/lib/thumb/libg.a(libc_a-assert.o)
                0x0201d2c0                __assert_func
 .text.fiprintf
                0x0201d300       0x28 /opt/devkitpro/devkitARM/bin/../lib/gcc/arm-none-eabi/13.2.0/../../../../arm-none-eabi/lib/thumb/libg.a(libc_a-fiprintf.o)
                0x0201d300                fiprintf
 .text.abort    0x0201d328       0x10 /opt/devkitpro/devkitARM/bin/../lib/gcc/arm-none-eabi/13.2.0/../../../../arm-none-eabi/lib/thumb/libg.a(libc_a-abort.o)
                0x0201d328                abort
 .text._raise_r
                0x0201d338       0x60 /opt/devkitpro/devkitARM/bin/../lib/gcc/arm-none-eabi/13.2.0/../../../../arm-none-eabi/lib/thumb/libg.a(libc_a-signal.o)
                0x0201d338                _raise_r
 .text.raise    0x0201d398       0x14 /opt/devkitpro/devkitARM/bin/../lib/gcc/arm-none-eabi/13.2.0/../../../../arm-none-eabi/lib/thumb/libg.a(libc_a-signal.o)
                0x0201d398                raise
 .text._exit    0x0201d3ac       0x14 /opt/devkitpro/devkitARM/bin/../lib/gcc/arm-none-eabi/13.2.0/../../../../arm-none-eabi/lib/thumb/libsysbase.a(libsysbase_libsysbase_a-_exit.o)
                0x0201d3ac                _exit
 .text.build_argv
                0x0201d3c0       0x54 /opt/devkitpro/devkitARM/bin/../lib/gcc/arm-none-eabi/13.2.0/../../../../arm-none-eabi/lib/thumb/libsysbase.a(libsysbase_libsysbase_a-build_argv.o)
                0x0201d3c0                build_argv
 .text.chdir    0x0201d414       0xe4 /opt/devkitpro/devkitARM/bin/../lib/gcc/arm-none-eabi/13.2.0/../../../../arm-none-eabi/lib/thumb/libsysbase.a(libsysbase_libsysbase_a-chdir.o)
                0x0201d414                chdir
 .text.getcwd   0x0201d4f8       0x60 /opt/devkitpro/devkitARM/bin/../lib/gcc/arm-none-eabi/13.2.0/../../../../arm-none-eabi/lib/thumb/libsysbase.a(libsysbase_libsysbase_a-chdir.o)
                0x0201d4f8                getcwd
 .text._concatenate_path
                0x0201d558      0x134 /opt/devkitpro/devkitARM/bin/../lib/gcc/arm-none-eabi/13.2.0/../../../../arm-none-eabi/lib/thumb/libsysbase.a(libsysbase_libsysbase_a-concatenate.o)
                0x0201d558                _concatenate_path
 .text._fstat_r
                0x0201d68c       0x4c /opt/devkitpro/devkitARM/bin/../lib/gcc/arm-none-eabi/13.2.0/../../../../arm-none-eabi/lib/thumb/libsysbase.a(libsysbase_libsysbase_a-fstat.o)
                0x0201d68c                _fstat_r
 .text._getpid_r
                0x0201d6d8        0xc /opt/devkitpro/devkitARM/bin/../lib/gcc/arm-none-eabi/13.2.0/../../../../arm-none-eabi/lib/thumb/libsysbase.a(libsysbase_libsysbase_a-getpid.o)
                0x0201d6d8                _getpid_r
 .text.__getreent
                0x0201d6e4       0x20 /opt/devkitpro/devkitARM/bin/../lib/gcc/arm-none-eabi/13.2.0/../../../../arm-none-eabi/lib/thumb/libsysbase.a(libsysbase_libsysbase_a-getreent.o)
                0x0201d6e4                __getreent
 .text._gettimeofday_r
                0x0201d704       0x20 /opt/devkitpro/devkitARM/bin/../lib/gcc/arm-none-eabi/13.2.0/../../../../arm-none-eabi/lib/thumb/libsysbase.a(libsysbase_libsysbase_a-gettod.o)
                0x0201d704                _gettimeofday_r
 .text.__release_handle
                0x0201d724       0x68 /opt/devkitpro/devkitARM/bin/../lib/gcc/arm-none-eabi/13.2.0/../../../../arm-none-eabi/lib/thumb/libsysbase.a(libsysbase_libsysbase_a-handle_manager.o)
                0x0201d724                __release_handle
 .text.__alloc_handle
                0x0201d78c       0x7c /opt/devkitpro/devkitARM/bin/../lib/gcc/arm-none-eabi/13.2.0/../../../../arm-none-eabi/lib/thumb/libsysbase.a(libsysbase_libsysbase_a-handle_manager.o)
                0x0201d78c                __alloc_handle
 .text.__get_handle
                0x0201d808       0x34 /opt/devkitpro/devkitARM/bin/../lib/gcc/arm-none-eabi/13.2.0/../../../../arm-none-eabi/lib/thumb/libsysbase.a(libsysbase_libsysbase_a-handle_manager.o)
                0x0201d808                __get_handle
 .text._close_r
                0x0201d83c       0xb8 /opt/devkitpro/devkitARM/bin/../lib/gcc/arm-none-eabi/13.2.0/../../../../arm-none-eabi/lib/thumb/libsysbase.a(libsysbase_libsysbase_a-handle_manager.o)
                0x0201d83c                _close_r
 .text.null_write
                0x0201d8f4        0x4 /opt/devkitpro/devkitARM/bin/../lib/gcc/arm-none-eabi/13.2.0/../../../../arm-none-eabi/lib/thumb/libsysbase.a(libsysbase_libsysbase_a-iosupport.o)
 .text.setDefaultDevice
                0x0201d8f8       0x10 /opt/devkitpro/devkitARM/bin/../lib/gcc/arm-none-eabi/13.2.0/../../../../arm-none-eabi/lib/thumb/libsysbase.a(libsysbase_libsysbase_a-iosupport.o)
                0x0201d8f8                setDefaultDevice
 .text.FindDevice
                0x0201d908       0x98 /opt/devkitpro/devkitARM/bin/../lib/gcc/arm-none-eabi/13.2.0/../../../../arm-none-eabi/lib/thumb/libsysbase.a(libsysbase_libsysbase_a-iosupport.o)
                0x0201d908                FindDevice
 .text.AddDevice
                0x0201d9a0       0x78 /opt/devkitpro/devkitARM/bin/../lib/gcc/arm-none-eabi/13.2.0/../../../../arm-none-eabi/lib/thumb/libsysbase.a(libsysbase_libsysbase_a-iosupport.o)
                0x0201d9a0                AddDevice
 .text.GetDeviceOpTab
                0x0201da18       0x20 /opt/devkitpro/devkitARM/bin/../lib/gcc/arm-none-eabi/13.2.0/../../../../arm-none-eabi/lib/thumb/libsysbase.a(libsysbase_libsysbase_a-iosupport.o)
                0x0201da18                GetDeviceOpTab
 .text._isatty_r
                0x0201da38        0x4 /opt/devkitpro/devkitARM/bin/../lib/gcc/arm-none-eabi/13.2.0/../../../../arm-none-eabi/lib/thumb/libsysbase.a(libsysbase_libsysbase_a-isatty.o)
                0x0201da38                _isatty_r
 .text._kill_r  0x0201da3c        0xc /opt/devkitpro/devkitARM/bin/../lib/gcc/arm-none-eabi/13.2.0/../../../../arm-none-eabi/lib/thumb/libsysbase.a(libsysbase_libsysbase_a-kill.o)
                0x0201da3c                _kill_r
 .text._lseek_r
                0x0201da48       0x5c /opt/devkitpro/devkitARM/bin/../lib/gcc/arm-none-eabi/13.2.0/../../../../arm-none-eabi/lib/thumb/libsysbase.a(libsysbase_libsysbase_a-lseek.o)
                0x0201da48                _lseek_r
 .text._open_r  0x0201daa4       0x98 /opt/devkitpro/devkitARM/bin/../lib/gcc/arm-none-eabi/13.2.0/../../../../arm-none-eabi/lib/thumb/libsysbase.a(libsysbase_libsysbase_a-open.o)
                0x0201daa4                _open_r
 .text._read_r  0x0201db3c       0x50 /opt/devkitpro/devkitARM/bin/../lib/gcc/arm-none-eabi/13.2.0/../../../../arm-none-eabi/lib/thumb/libsysbase.a(libsysbase_libsysbase_a-read.o)
                0x0201db3c                _read_r
 .text._sbrk_r  0x0201db8c       0x54 /opt/devkitpro/devkitARM/bin/../lib/gcc/arm-none-eabi/13.2.0/../../../../arm-none-eabi/lib/thumb/libsysbase.a(libsysbase_libsysbase_a-sbrk.o)
                0x0201db8c                _sbrk_r
 .text._stat_r  0x0201dbe0       0x50 /opt/devkitpro/devkitARM/bin/../lib/gcc/arm-none-eabi/13.2.0/../../../../arm-none-eabi/lib/thumb/libsysbase.a(libsysbase_libsysbase_a-stat.o)
                0x0201dbe0                _stat_r
 .text.__libc_lock_acquire
                0x0201dc30       0x18 /opt/devkitpro/devkitARM/bin/../lib/gcc/arm-none-eabi/13.2.0/../../../../arm-none-eabi/lib/thumb/libsysbase.a(libsysbase_libsysbase_a-syscall_support.o)
                0x0201dc30                __libc_lock_acquire
 .text.__libc_lock_release
                0x0201dc48       0x18 /opt/devkitpro/devkitARM/bin/../lib/gcc/arm-none-eabi/13.2.0/../../../../arm-none-eabi/lib/thumb/libsysbase.a(libsysbase_libsysbase_a-syscall_support.o)
                0x0201dc48                __libc_lock_release
 .text.__libc_lock_acquire_recursive
                0x0201dc60       0x18 /opt/devkitpro/devkitARM/bin/../lib/gcc/arm-none-eabi/13.2.0/../../../../arm-none-eabi/lib/thumb/libsysbase.a(libsysbase_libsysbase_a-syscall_support.o)
                0x0201dc60                __libc_lock_acquire_recursive
 .text.__libc_lock_release_recursive
                0x0201dc78       0x18 /opt/devkitpro/devkitARM/bin/../lib/gcc/arm-none-eabi/13.2.0/../../../../arm-none-eabi/lib/thumb/libsysbase.a(libsysbase_libsysbase_a-syscall_support.o)
                0x0201dc78                __libc_lock_release_recursive
 .text._write_r
                0x0201dc90       0x50 /opt/devkitpro/devkitARM/bin/../lib/gcc/arm-none-eabi/13.2.0/../../../../arm-none-eabi/lib/thumb/libsysbase.a(libsysbase_libsysbase_a-write.o)
                0x0201dc90                _write_r
 .text._write_r.__stub
                0x0201dce0      0x110 linker stubs
 *(EXCLUDE_FILE(*.twl*) .gnu.warning)
 *(EXCLUDE_FILE(*.twl*) .gnu.linkonce.t*)
 *(.glue_7)
 .glue_7        0x0201de00        0x0 linker stubs
 *(.glue_7t)
 .glue_7t       0x0201de00        0x0 linker stubs
                0x0201de00                        . = ALIGN (0x4)

.vfp11_veneer   0x0201de00        0x0
 .vfp11_veneer  0x0201de00        0x0 linker stubs

.v4_bx          0x0201de00        0x0
 .v4_bx         0x0201de00        0x0 linker stubs

.iplt           0x0201de00        0x0
 .iplt          0x0201de00        0x0 /opt/devkitpro/devkitARM/bin/../lib/gcc/arm-none-eabi/13.2.0/../../../../arm-none-eabi/lib/thumb/ds_arm9_crt0.o

.fini           0x0201de00        0xc
 *(.fini)
 .fini          0x0201de00        0x4 /opt/devkitpro/devkitARM/bin/../lib/gcc/arm-none-eabi/13.2.0/thumb/crti.o
                0x0201de00                _fini
 .fini          0x0201de04        0x8 /opt/devkitpro/devkitARM/bin/../lib/gcc/arm-none-eabi/13.2.0/thumb/crtn.o
                0x0201de0c                        __text_end = .

.rodata         0x0201de10     0xe150
 *(EXCLUDE_FILE(*.twl*) .rodata)
 .rodata        0x0201de10       0x50 /opt/devkitpro/nflib/lib/libnflib.a(nf_basic.o)
 .rodata        0x0201de60       0x90 /opt/devkitpro/nflib/lib/libnflib.a(nf_sprite256.o)
 *all.rodata*(*)
 *(EXCLUDE_FILE(*.twl*) .roda)
 *(EXCLUDE_FILE(*.twl*) .rodata.*)
 .rodata.soundbank_bin
                0x0201def0     0x78b0 soundbank.bin.o
                0x0201def0                soundbank_bin
                0x020257a0                soundbank_bin_end
 .rodata.str1.4
                0x020257a0      0x9ac main.o
                                 0x5d (size before relaxing)
 .rodata.str1.4
                0x0202614c       0x27 /opt/devkitpro/nflib/lib/libnflib.a(nf_2d.o)
 .rodata.str1.4
                0x0202614c      0x667 /opt/devkitpro/nflib/lib/libnflib.a(nf_basic.o)
 .rodata.str1.4
                0x0202614c       0x87 /opt/devkitpro/nflib/lib/libnflib.a(nf_sprite256.o)
 .rodata.str1.4
                0x0202614c       0x70 /opt/devkitpro/nflib/lib/libnflib.a(nf_tiledbg.o)
 .rodata.nitroFSInit.str1.4
                0x0202614c        0x8 /opt/devkitpro/libnds/lib/libfilesystem.a(nitrofs.o)
 .rodata.str1.4
                0x0202614c        0xe /opt/devkitpro/libnds/lib/libfilesystem.a(nitrofs.o)
 .rodata.fatMount.part.0.str1.4
                0x0202614c        0x2 /opt/devkitpro/libnds/lib/libfat.a(libfat.o)
 .rodata.fatInit.str1.4
                0x0202614c        0x3 /opt/devkitpro/libnds/lib/libfat.a(libfat.o)
 .rodata.str1.4
                0x0202614c        0x4 /opt/devkitpro/libnds/lib/libfat.a(libfat.o)
 .rodata.dotab_fat
                0x0202614c       0x70 /opt/devkitpro/libnds/lib/libfat.a(libfat.o)
 .rodata.str1.4
                0x020261bc        0x8 /opt/devkitpro/libnds/lib/libfat.a(disc.o)
 .rodata._FAT_disc_interfaces
                0x020261bc       0x18 /opt/devkitpro/libnds/lib/libfat.a(disc.o)
                0x020261bc                _FAT_disc_interfaces
 .rodata._FAT_directory_entryFromPath.str1.4
                0x020261d4        0x7 /opt/devkitpro/libnds/lib/libfat.a(directory.o)
 .rodata.ILLEGAL_ALIAS_CHARACTERS
                0x020261d4       0x12 /opt/devkitpro/libnds/lib/libfat.a(directory.o)
 *fill*         0x020261e6        0x2 ff
 .rodata.ILLEGAL_LFN_CHARACTERS
                0x020261e8        0xa /opt/devkitpro/libnds/lib/libfat.a(directory.o)
 *fill*         0x020261f2        0x2 ff
 .rodata.LFN_offset_table
                0x020261f4       0x34 /opt/devkitpro/libnds/lib/libfat.a(directory.o)
 .rodata.FAT_SIG
                0x02026228        0x3 /opt/devkitpro/libnds/lib/libfat.a(partition.o)
 *fill*         0x0202622b        0x1 ff
 .rodata.FS_TWL_SIG
                0x0202622c        0x8 /opt/devkitpro/libnds/lib/libfat.a(partition.o)
 .rodata.con_write.str1.4
                0x02026234       0x30 /opt/devkitpro/libnds/lib/libnds9.a(console.o)
 .rodata.con_write
                0x02026234       0xd4 /opt/devkitpro/libnds/lib/libnds9.a(console.o)
 .rodata.str1.4
                0x02026308       0x14 /opt/devkitpro/libnds/lib/libnds9.a(console.o)
 .rodata.dotab_stdout
                0x02026308       0x70 /opt/devkitpro/libnds/lib/libnds9.a(console.o)
 .rodata.default_font_bin
                0x02026378     0x2000 /opt/devkitpro/libnds/lib/libnds9.a(default_font.bin.o)
                0x02026378                default_font_bin
                0x02028378                default_font_bin_end
 .rodata.SIN_LUT
                0x02028378      0x102 /opt/devkitpro/libnds/lib/libnds9.a(trig.o)
                0x02028378                SIN_LUT
 .rodata._mbrtowc_r.str1.4
                0x0202847a        0x1 /opt/devkitpro/devkitARM/bin/../lib/gcc/arm-none-eabi/13.2.0/../../../../arm-none-eabi/lib/thumb/libg.a(libc_a-mbrtowc.o)
 *fill*         0x0202847a        0x2 ff
 .rodata._ctype_
                0x0202847c      0x101 /opt/devkitpro/devkitARM/bin/../lib/gcc/arm-none-eabi/13.2.0/../../../../arm-none-eabi/lib/thumb/libg.a(libc_a-ctype_.o)
                0x0202847c                _ctype_
 *fill*         0x0202857d        0x3 ff
 .rodata.basefix.0
                0x02028580       0x22 /opt/devkitpro/devkitARM/bin/../lib/gcc/arm-none-eabi/13.2.0/../../../../arm-none-eabi/lib/thumb/libg.a(libc_a-svfiscanf.o)
 .rodata._svfprintf_r.str1.1
                0x020285a2       0x3b /opt/devkitpro/devkitARM/bin/../lib/gcc/arm-none-eabi/13.2.0/../../../../arm-none-eabi/lib/thumb/libg.a(libc_a-svfprintf.o)
 *fill*         0x020285dd        0x3 ff
 .rodata.zeroes.0
                0x020285e0       0x10 /opt/devkitpro/devkitARM/bin/../lib/gcc/arm-none-eabi/13.2.0/../../../../arm-none-eabi/lib/thumb/libg.a(libc_a-svfprintf.o)
 .rodata.blanks.1
                0x020285f0       0x10 /opt/devkitpro/devkitARM/bin/../lib/gcc/arm-none-eabi/13.2.0/../../../../arm-none-eabi/lib/thumb/libg.a(libc_a-svfprintf.o)
 .rodata._DAYS_BEFORE_MONTH
                0x02028600       0x30 /opt/devkitpro/devkitARM/bin/../lib/gcc/arm-none-eabi/13.2.0/../../../../arm-none-eabi/lib/thumb/libg.a(libc_a-mktime.o)
 .rodata.DAYS_IN_MONTH
                0x02028630       0x30 /opt/devkitpro/devkitARM/bin/../lib/gcc/arm-none-eabi/13.2.0/../../../../arm-none-eabi/lib/thumb/libg.a(libc_a-mktime.o)
 .rodata._tzset_unlocked_r.str1.4
                0x02028660       0x6b /opt/devkitpro/devkitARM/bin/../lib/gcc/arm-none-eabi/13.2.0/../../../../arm-none-eabi/lib/thumb/libg.a(libc_a-tzset_r.o)
 .rodata.__month_lengths
                0x02028660       0x60 /opt/devkitpro/devkitARM/bin/../lib/gcc/arm-none-eabi/13.2.0/../../../../arm-none-eabi/lib/thumb/libg.a(libc_a-month_lengths.o)
                0x02028660                __month_lengths
 .rodata.str1.4
                0x020286c0        0x4 /opt/devkitpro/devkitARM/bin/../lib/gcc/arm-none-eabi/13.2.0/../../../../arm-none-eabi/lib/thumb/libg.a(libc_a-tzvars.o)
 .rodata.str1.4
                0x020286c0       0x4c /opt/devkitpro/devkitARM/bin/../lib/gcc/arm-none-eabi/13.2.0/../../../../arm-none-eabi/lib/thumb/libg.a(libc_a-locale.o)
 .rodata.categories
                0x020286c0     0x3528 /opt/devkitpro/devkitARM/bin/../lib/gcc/arm-none-eabi/13.2.0/../../../../arm-none-eabi/lib/thumb/libg.a(libc_a-categories.o)
 .rodata._vfiprintf_r.str1.1
                0x0202bbe8       0x29 /opt/devkitpro/devkitARM/bin/../lib/gcc/arm-none-eabi/13.2.0/../../../../arm-none-eabi/lib/thumb/libg.a(libc_a-vfiprintf.o)
 .rodata.zeroes.0
                0x0202bbe8       0x10 /opt/devkitpro/devkitARM/bin/../lib/gcc/arm-none-eabi/13.2.0/../../../../arm-none-eabi/lib/thumb/libg.a(libc_a-vfiprintf.o)
 .rodata.blanks.1
                0x0202bbf8       0x10 /opt/devkitpro/devkitARM/bin/../lib/gcc/arm-none-eabi/13.2.0/../../../../arm-none-eabi/lib/thumb/libg.a(libc_a-vfiprintf.o)
 .rodata.__action_table
                0x0202bc08       0x6c /opt/devkitpro/devkitARM/bin/../lib/gcc/arm-none-eabi/13.2.0/../../../../arm-none-eabi/lib/thumb/libg.a(libc_a-svfiprintf.o)
                0x0202bc08                __action_table
 .rodata.__state_table
                0x0202bc74       0x6c /opt/devkitpro/devkitARM/bin/../lib/gcc/arm-none-eabi/13.2.0/../../../../arm-none-eabi/lib/thumb/libg.a(libc_a-svfiprintf.o)
                0x0202bc74                __state_table
 .rodata.__chclass
                0x0202bce0      0x100 /opt/devkitpro/devkitARM/bin/../lib/gcc/arm-none-eabi/13.2.0/../../../../arm-none-eabi/lib/thumb/libg.a(libc_a-svfiprintf.o)
                0x0202bce0                __chclass
 .rodata._dtoa_r.str1.4
                0x0202bde0       0x67 /opt/devkitpro/devkitARM/bin/../lib/gcc/arm-none-eabi/13.2.0/../../../../arm-none-eabi/lib/thumb/libg.a(libc_a-dtoa.o)
 .rodata.__multadd.str1.4
                0x0202bde0       0x54 /opt/devkitpro/devkitARM/bin/../lib/gcc/arm-none-eabi/13.2.0/../../../../arm-none-eabi/lib/thumb/libg.a(libc_a-mprec.o)
 .rodata.p05.0  0x0202bde0        0xc /opt/devkitpro/devkitARM/bin/../lib/gcc/arm-none-eabi/13.2.0/../../../../arm-none-eabi/lib/thumb/libg.a(libc_a-mprec.o)
 *fill*         0x0202bdec        0x4 ff
 .rodata.__mprec_bigtens
                0x0202bdf0       0x28 /opt/devkitpro/devkitARM/bin/../lib/gcc/arm-none-eabi/13.2.0/../../../../arm-none-eabi/lib/thumb/libg.a(libc_a-mprec.o)
                0x0202bdf0                __mprec_bigtens
 .rodata.__mprec_tens
                0x0202be18       0xc8 /opt/devkitpro/devkitARM/bin/../lib/gcc/arm-none-eabi/13.2.0/../../../../arm-none-eabi/lib/thumb/libg.a(libc_a-mprec.o)
                0x0202be18                __mprec_tens
 .rodata.__assert_func.str1.4
                0x0202bee0       0x43 /opt/devkitpro/devkitARM/bin/../lib/gcc/arm-none-eabi/13.2.0/../../../../arm-none-eabi/lib/thumb/libg.a(libc_a-assert.o)
 .rodata.AddDevice.str1.4
                0x0202bee0        0x8 /opt/devkitpro/devkitARM/bin/../lib/gcc/arm-none-eabi/13.2.0/../../../../arm-none-eabi/lib/thumb/libsysbase.a(libsysbase_libsysbase_a-iosupport.o)
 .rodata.dotab_stdnull
                0x0202bee0       0x80 /opt/devkitpro/devkitARM/bin/../lib/gcc/arm-none-eabi/13.2.0/../../../../arm-none-eabi/lib/thumb/libsysbase.a(libsysbase_libsysbase_a-iosupport.o)
                0x0202bee0                dotab_stdnull
 *(EXCLUDE_FILE(*.twl*) .gnu.linkonce.r*)
                0x0202bf60                        . = ALIGN (0x4)

.ARM.extab
 *(.ARM.extab* .gnu.linkonce.armextab.*)
                0x0202bf60                        __exidx_start = .

ARM.exidx
 *(.ARM.exidx* .gnu.linkonce.armexidx.*)
                0x0202bf60                        __exidx_end = .
                0x0202bf60                        . = ALIGN (0x4)
                0x0202bf60                        PROVIDE (__preinit_array_start = .)

.preinit_array
 *(.preinit_array)
                0x0202bf60                        PROVIDE (__preinit_array_end = .)
                0x0202bf60                        PROVIDE (__init_array_start = .)

.init_array     0x0202bf60        0x4
 *(SORT_BY_NAME(.init_array.*))
 *(.init_array)
 .init_array    0x0202bf60        0x4 /opt/devkitpro/devkitARM/bin/../lib/gcc/arm-none-eabi/13.2.0/thumb/crtbegin.o
                0x0202bf64                        PROVIDE (__init_array_end = .)
                [!provide]                        PROVIDE (__fini_array_start = .)

.fini_array     0x0202bf64        0x4
 *(.fini_array)
 .fini_array    0x0202bf64        0x4 /opt/devkitpro/devkitARM/bin/../lib/gcc/arm-none-eabi/13.2.0/thumb/crtbegin.o
 *(SORT_BY_NAME(.fini_array.*))
                [!provide]                        PROVIDE (__fini_array_end = .)

.ctors          0x0202bf68        0x0
 *crtbegin.o(.ctors)
 *(EXCLUDE_FILE(*crtend.o) .ctors)
 *(SORT_BY_NAME(.ctors.*))
 *(.ctors)
                0x0202bf68                        . = ALIGN (0x4)

.dtors          0x0202bf68        0x0
 *crtbegin.o(.dtors)
 *(EXCLUDE_FILE(*crtend.o) .dtors)
 *(SORT_BY_NAME(.dtors.*))
 *(.dtors)
                0x0202bf68                        . = ALIGN (0x4)

.eh_frame       0x0202bf68        0x4
 *(.eh_frame)
 .eh_frame      0x0202bf68        0x0 /opt/devkitpro/devkitARM/bin/../lib/gcc/arm-none-eabi/13.2.0/thumb/crtbegin.o
 .eh_frame      0x0202bf68        0x4 /opt/devkitpro/devkitARM/bin/../lib/gcc/arm-none-eabi/13.2.0/thumb/crtend.o
                0x0202bf6c                        . = ALIGN (0x4)

.gcc_except_table
                0x0202bf6c        0x0
 *(.gcc_except_table)
                0x0202bf6c                        . = ALIGN (0x4)

.jcr
 *(.jcr)

.got
 *(.got.plt)
 *(.got)
 *(.rel.got)

.ewram          0x0202bf6c        0x0
                0x0202bf6c                        __ewram_start = ABSOLUTE (.)
 *(.ewram)
 *ewram.*(.text)
                0x0202bf6c                        . = ALIGN (0x4)

.data           0x0202bf6c     0x2524
                0x0202bf6c                        __data_start = ABSOLUTE (.)
 *(EXCLUDE_FILE(*.twl*) .data)
 .data          0x0202bf6c       0x28 /opt/devkitpro/libnds/lib/libnds9.a(mpu_setup.o)
 *(EXCLUDE_FILE(*.twl*) .data.*)
 .data.ndsFileFD
                0x0202bf94        0x4 /opt/devkitpro/libnds/lib/libfilesystem.a(nitrofs.o)
 .data.nitroFSdevoptab
                0x0202bf98       0x70 /opt/devkitpro/libnds/lib/libfilesystem.a(nitrofs.o)
                0x0202bf98                nitroFSdevoptab
 .data.syspaths
                0x0202c008        0x8 /opt/devkitpro/libnds/lib/libfilesystem.a(nitrofs.o)
                0x0202c008                syspaths
 .data.currentConsole
                0x0202c010        0x4 /opt/devkitpro/libnds/lib/libnds9.a(console.o)
                0x0202c010                currentConsole
 .data.defaultConsole
                0x0202c014       0x5c /opt/devkitpro/libnds/lib/libnds9.a(console.o)
                0x0202c014                defaultConsole
 .data.firstConsoleInit.0
                0x0202c070        0x1 /opt/devkitpro/libnds/lib/libnds9.a(console.o)
 *fill*         0x0202c071        0x3 ff
 .data.oamMain  0x0202c074       0x18 /opt/devkitpro/libnds/lib/libnds9.a(sprite.o)
                0x0202c074                oamMain
 .data.oamSub   0x0202c08c       0x18 /opt/devkitpro/libnds/lib/libnds9.a(sprite.o)
                0x0202c08c                oamSub
 .data.count    0x0202c0a4        0x1 /opt/devkitpro/libnds/lib/libnds9.a(keys.o)
 .data.delay    0x0202c0a5        0x1 /opt/devkitpro/libnds/lib/libnds9.a(keys.o)
 .data.repeat   0x0202c0a6        0x1 /opt/devkitpro/libnds/lib/libnds9.a(keys.o)
 *fill*         0x0202c0a7        0x1 ff
 .data.fifo_buffer_free
                0x0202c0a8        0x4 /opt/devkitpro/libnds/lib/libnds9.a(fifosystem.o)
                0x0202c0a8                fifo_buffer_free
 .data.fifo_freewords
                0x0202c0ac        0x4 /opt/devkitpro/libnds/lib/libnds9.a(fifosystem.o)
                0x0202c0ac                fifo_freewords
 .data.fifo_receive_queue
                0x0202c0b0        0x4 /opt/devkitpro/libnds/lib/libnds9.a(fifosystem.o)
                0x0202c0b0                fifo_receive_queue
 .data.fifo_send_queue
                0x0202c0b4        0x4 /opt/devkitpro/libnds/lib/libnds9.a(fifosystem.o)
                0x0202c0b4                fifo_send_queue
 .data.bgControl
                0x0202c0b8       0x20 /opt/devkitpro/libnds/lib/libnds9.a(background.o)
                0x0202c0b8                bgControl
 .data.bgScrollTable